Component: ARM Compiler 5.06 update 7 (build 960) Tool: armlink [4d3601]

==============================================================================

Section Cross References

    startup_stm32g431xx.o(STACK) refers (Special) to heapauxi.o(.text) for __use_two_region_memory
    startup_stm32g431xx.o(HEAP) refers (Special) to heapauxi.o(.text) for __use_two_region_memory
    startup_stm32g431xx.o(RESET) refers (Special) to heapauxi.o(.text) for __use_two_region_memory
    startup_stm32g431xx.o(RESET) refers to startup_stm32g431xx.o(STACK) for __initial_sp
    startup_stm32g431xx.o(RESET) refers to startup_stm32g431xx.o(.text) for Reset_Handler
    startup_stm32g431xx.o(RESET) refers to stm32g4xx_it.o(i.NMI_Handler) for NMI_Handler
    startup_stm32g431xx.o(RESET) refers to stm32g4xx_it.o(i.HardFault_Handler) for HardFault_Handler
    startup_stm32g431xx.o(RESET) refers to stm32g4xx_it.o(i.MemManage_Handler) for MemManage_Handler
    startup_stm32g431xx.o(RESET) refers to stm32g4xx_it.o(i.BusFault_Handler) for BusFault_Handler
    startup_stm32g431xx.o(RESET) refers to stm32g4xx_it.o(i.UsageFault_Handler) for UsageFault_Handler
    startup_stm32g431xx.o(RESET) refers to port.o(.emb_text) for SVC_Handler
    startup_stm32g431xx.o(RESET) refers to stm32g4xx_it.o(i.DebugMon_Handler) for DebugMon_Handler
    startup_stm32g431xx.o(RESET) refers to port.o(i.SysTick_Handler) for SysTick_Handler
    startup_stm32g431xx.o(RESET) refers to stm32g4xx_it.o(i.DMA1_Channel1_IRQHandler) for DMA1_Channel1_IRQHandler
    startup_stm32g431xx.o(RESET) refers to stm32g4xx_it.o(i.DMA1_Channel2_IRQHandler) for DMA1_Channel2_IRQHandler
    startup_stm32g431xx.o(RESET) refers to stm32g4xx_it.o(i.DMA1_Channel3_IRQHandler) for DMA1_Channel3_IRQHandler
    startup_stm32g431xx.o(RESET) refers to stm32g4xx_it.o(i.DMA1_Channel4_IRQHandler) for DMA1_Channel4_IRQHandler
    startup_stm32g431xx.o(RESET) refers to stm32g4xx_it.o(i.DMA1_Channel5_IRQHandler) for DMA1_Channel5_IRQHandler
    startup_stm32g431xx.o(RESET) refers to stm32g4xx_it.o(i.DMA1_Channel6_IRQHandler) for DMA1_Channel6_IRQHandler
    startup_stm32g431xx.o(RESET) refers to stm32g4xx_it.o(i.TIM6_DAC_IRQHandler) for TIM6_DAC_IRQHandler
    startup_stm32g431xx.o(RESET) refers to stm32g4xx_it.o(i.TIM7_IRQHandler) for TIM7_IRQHandler
    startup_stm32g431xx.o(.text) refers (Special) to heapauxi.o(.text) for __use_two_region_memory
    startup_stm32g431xx.o(.text) refers to system_stm32g4xx.o(i.SystemInit) for SystemInit
    startup_stm32g431xx.o(.text) refers to __main.o(!!!main) for __main
    startup_stm32g431xx.o(.text) refers to startup_stm32g431xx.o(HEAP) for Heap_Mem
    startup_stm32g431xx.o(.text) refers to startup_stm32g431xx.o(STACK) for Stack_Mem
    main.o(i.HAL_TIM_PeriodElapsedCallback) refers to stm32g4xx_hal.o(i.HAL_IncTick) for HAL_IncTick
    main.o(i.SystemClock_Config) refers to rt_memclr_w.o(.text) for __aeabi_memclr4
    main.o(i.SystemClock_Config) refers to stm32g4xx_hal_pwr_ex.o(i.HAL_PWREx_ControlVoltageScaling) for HAL_PWREx_ControlVoltageScaling
    main.o(i.SystemClock_Config) refers to stm32g4xx_hal_rcc.o(i.HAL_RCC_OscConfig) for HAL_RCC_OscConfig
    main.o(i.SystemClock_Config) refers to stm32g4xx_hal_rcc.o(i.HAL_RCC_ClockConfig) for HAL_RCC_ClockConfig
    main.o(i.main) refers to stm32g4xx_hal.o(i.HAL_Init) for HAL_Init
    main.o(i.main) refers to main.o(i.SystemClock_Config) for SystemClock_Config
    main.o(i.main) refers to gpio.o(i.MX_GPIO_Init) for MX_GPIO_Init
    main.o(i.main) refers to dma.o(i.MX_DMA_Init) for MX_DMA_Init
    main.o(i.main) refers to spi.o(i.MX_SPI1_Init) for MX_SPI1_Init
    main.o(i.main) refers to i2c.o(i.MX_I2C3_Init) for MX_I2C3_Init
    main.o(i.main) refers to tim.o(i.MX_TIM1_Init) for MX_TIM1_Init
    main.o(i.main) refers to i2c.o(i.MX_I2C1_Init) for MX_I2C1_Init
    main.o(i.main) refers to tim.o(i.MX_TIM6_Init) for MX_TIM6_Init
    main.o(i.main) refers to crc.o(i.MX_CRC_Init) for MX_CRC_Init
    main.o(i.main) refers to ili9341.o(i.ILI9341_Init) for ILI9341_Init
    main.o(i.main) refers to ili9341.o(i.ILI9341_FillScreen) for ILI9341_FillScreen
    main.o(i.main) refers to app_freertos.o(i.MX_FREERTOS_Init) for MX_FREERTOS_Init
    main.o(i.main) refers to cmsis_os.o(i.osKernelStart) for osKernelStart
    main.o(i.main) refers to stm32g4xx_hal.o(i.HAL_Delay) for HAL_Delay
    gpio.o(i.MX_GPIO_Init) refers to rt_memclr_w.o(.text) for __aeabi_memclr4
    gpio.o(i.MX_GPIO_Init) refers to stm32g4xx_hal_gpio.o(i.HAL_GPIO_WritePin) for HAL_GPIO_WritePin
    gpio.o(i.MX_GPIO_Init) refers to stm32g4xx_hal_gpio.o(i.HAL_GPIO_Init) for HAL_GPIO_Init
    app_freertos.o(i.MX_FREERTOS_Init) refers to rt_memcpy_w.o(.text) for __aeabi_memcpy4
    app_freertos.o(i.MX_FREERTOS_Init) refers to cmsis_os.o(i.osThreadCreate) for osThreadCreate
    app_freertos.o(i.MX_FREERTOS_Init) refers to app_freertos.o(.constdata) for .constdata
    app_freertos.o(i.MX_FREERTOS_Init) refers to app_freertos.o(.data) for .data
[...]
    .ARM.Collect$$rtexit$$00000000           0x0800026a   Section        2  rtexit.o(.ARM.Collect$$rtexit$$00000000)
    .ARM.Collect$$rtexit$$00000002           0x0800026c   Section        0  rtexit2.o(.ARM.Collect$$rtexit$$00000002)
    .ARM.Collect$$rtexit$$00000003           0x0800026c   Section        4  rtexit2.o(.ARM.Collect$$rtexit$$00000003)
    .ARM.Collect$$rtexit$$00000004           0x08000270   Section        6  rtexit2.o(.ARM.Collect$$rtexit$$00000004)
    .emb_text                                0x08000278   Section      190  port.o(.emb_text)
    $v0                                      0x08000278   Number         0  port.o(.emb_text)
    .text                                    0x08000338   Section       64  startup_stm32g431xx.o(.text)
    $v0                                      0x08000338   Number         0  startup_stm32g431xx.o(.text)
    .text                                    0x08000378   Section      100  rt_memcpy_w.o(.text)
    .text                                    0x080003dc   Section       78  rt_memclr_w.o(.text)
    .text                                    0x0800042a   Section        0  heapauxi.o(.text)
    .text                                    0x08000430   Section       74  sys_stackheap_outer.o(.text)
    .text                                    0x0800047a   Section        0  exit.o(.text)
    .text                                    0x0800048c   Section        8  libspace.o(.text)
    .text                                    0x08000494   Section        0  sys_exit.o(.text)
    .text                                    0x080004a0   Section        2  use_no_semi.o(.text)
    .text                                    0x080004a2   Section        0  indicate_semi.o(.text)
    i.BusFault_Handler                       0x080004a2   Section        0  stm32g4xx_it.o(i.BusFault_Handler)
    i.DMA1_Channel1_IRQHandler               0x080004a4   Section        0  stm32g4xx_it.o(i.DMA1_Channel1_IRQHandler)
    i.DMA1_Channel2_IRQHandler               0x080004b0   Section        0  stm32g4xx_it.o(i.DMA1_Channel2_IRQHandler)
    i.DMA1_Channel3_IRQHandler               0x080004bc   Section        0  stm32g4xx_it.o(i.DMA1_Channel3_IRQHandler)
    i.DMA1_Channel4_IRQHandler               0x080004c8   Section        0  stm32g4xx_it.o(i.DMA1_Channel4_IRQHandler)
    i.DMA1_Channel5_IRQHandler               0x080004d4   Section        0  stm32g4xx_it.o(i.DMA1_Channel5_IRQHandler)
    i.DMA1_Channel6_IRQHandler               0x080004e0   Section        0  stm32g4xx_it.o(i.DMA1_Channel6_IRQHandler)
    i.DMA_CalcDMAMUXChannelBaseAndMask       0x080004ec   Section        0  stm32g4xx_hal_dma.o(i.DMA_CalcDMAMUXChannelBaseAndMask)
    DMA_CalcDMAMUXChannelBaseAndMask         0x080004ed   Thumb Code    54  stm32g4xx_hal_dma.o(i.DMA_CalcDMAMUXChannelBaseAndMask)
    i.DMA_CalcDMAMUXRequestGenBaseAndMask    0x0800052c   Section        0  stm32g4xx_hal_dma.o(i.DMA_CalcDMAMUXRequestGenBaseAndMask)
    DMA_CalcDMAMUXRequestGenBaseAndMask      0x0800052d   Thumb Code    30  stm32g4xx_hal_dma.o(i.DMA_CalcDMAMUXRequestGenBaseAndMask)
    i.DMA_SetConfig                          0x08000550   Section        0  stm32g4xx_hal_dma.o(i.DMA_SetConfig)
    DMA_SetConfig                            0x08000551   Thumb Code    62  stm32g4xx_hal_dma.o(i.DMA_SetConfig)
    i.DebugMon_Handler                       0x0800058e   Section        0  stm32g4xx_it.o(i.DebugMon_Handler)
    i.Error_Handler                          0x08000590   Section        0  main.o(i.Error_Handler)
    i.HAL_CRCEx_Polynomial_Set               0x08000594   Section        0  stm32g4xx_hal_crc_ex.o(i.HAL_CRCEx_Polynomial_Set)
    i.HAL_CRC_Init                           0x080005e8   Section        0  stm32g4xx_hal_crc.o(i.HAL_CRC_Init)
    i.HAL_CRC_MspInit                        0x0800065c   Section        0  crc.o(i.HAL_CRC_MspInit)
    i.HAL_DMA_IRQHandler                     0x08000684   Section        0  stm32g4xx_hal_dma.o(i.HAL_DMA_IRQHandler)
    i.HAL_DMA_Init                           0x08000740   Section        0  stm32g4xx_hal_dma.o(i.HAL_DMA_Init)
    i.HAL_DMA_Start_IT                       0x08000800   Section        0  stm32g4xx_hal_dma.o(i.HAL_DMA_Start_IT)
    i.HAL_Delay                              0x0800088c   Section        0  stm32g4xx_hal.o(i.HAL_Delay)
    i.HAL_GPIO_Init                          0x080008b0   Section        0  stm32g4xx_hal_gpio.o(i.HAL_GPIO_Init)
    i.HAL_GPIO_WritePin                      0x08000af8   Section        0  stm32g4xx_hal_gpio.o(i.HAL_GPIO_WritePin)
    i.HAL_GetTick                            0x08000b04   Section        0  stm32g4xx_hal.o(i.HAL_GetTick)
    i.HAL_I2CEx_ConfigAnalogFilter           0x08000b10   Section        0  stm32g4xx_hal_i2c_ex.o(i.HAL_I2CEx_ConfigAnalogFilter)
    i.HAL_I2CEx_ConfigDigitalFilter          0x08000b66   Section        0  stm32g4xx_hal_i2c_ex.o(i.HAL_I2CEx_ConfigDigitalFilter)
    i.HAL_I2C_Init                           0x08000bb8   Section        0  stm32g4xx_hal_i2c.o(i.HAL_I2C_Init)
    i.HAL_I2C_MspInit                        0x08000c74   Section        0  i2c.o(i.HAL_I2C_MspInit)
    i.HAL_IncTick                            0x08000e5c   Section        0  stm32g4xx_hal.o(i.HAL_IncTick)
    i.HAL_Init                               0x08000e6c   Section        0  stm32g4xx_hal.o(i.HAL_Init)
    i.HAL_InitTick                           0x08000e8c   Section        0  stm32g4xx_hal_timebase_tim.o(i.HAL_InitTick)
    i.HAL_MspInit                            0x08000f14   Section        0  stm32g4xx_hal_msp.o(i.HAL_MspInit)
    i.HAL_NVIC_EnableIRQ                     0x08000f50   Section        0  stm32g4xx_hal_cortex.o(i.HAL_NVIC_EnableIRQ)
    i.HAL_NVIC_SetPriority                   0x08000f6c   Section        0  stm32g4xx_hal_cortex.o(i.HAL_NVIC_SetPriority)
    i.HAL_NVIC_SetPriorityGrouping           0x08000fac   Section        0  stm32g4xx_hal_cortex.o(i.HAL_NVIC_SetPriorityGrouping)
    i.HAL_PWREx_ControlVoltageScaling        0x08000fd0   Section        0  stm32g4xx_hal_pwr_ex.o(i.HAL_PWREx_ControlVoltageScaling)
    i.HAL_PWREx_DisableUCPDDeadBattery       0x0800108c   Section        0  stm32g4xx_hal_pwr_ex.o(i.HAL_PWREx_DisableUCPDDeadBattery)
    i.HAL_RCCEx_PeriphCLKConfig              0x0800109c   Section        0  stm32g4xx_hal_rcc_ex.o(i.HAL_RCCEx_PeriphCLKConfig)
    i.HAL_RCC_ClockConfig                    0x08001324   Section        0  stm32g4xx_hal_rcc.o(i.HAL_RCC_ClockConfig)
    i.HAL_RCC_GetClockConfig                 0x08001500   Section        0  stm32g4xx_hal_rcc.o(i.HAL_RCC_GetClockConfig)
    i.HAL_RCC_GetPCLK1Freq                   0x08001540   Section        0  stm32g4xx_hal_rcc.o(i.HAL_RCC_GetPCLK1Freq)
    i.HAL_RCC_GetSysClockFreq                0x08001564   Section        0  stm32g4xx_hal_rcc.o(i.HAL_RCC_GetSysClockFreq)
    i.HAL_RCC_OscConfig                      0x080015d4   Section        0  stm32g4xx_hal_rcc.o(i.HAL_RCC_OscConfig)
    i.HAL_SPI_ErrorCallback                  0x080019d8   Section        0  stm32g4xx_hal_spi.o(i.HAL_SPI_ErrorCallback)
    i.HAL_SPI_Init                           0x080019da   Section        0  stm32g4xx_hal_spi.o(i.HAL_SPI_Init)
    i.HAL_SPI_MspInit                        0x08001ac4   Section        0  spi.o(i.HAL_SPI_MspInit)
    i.HAL_SPI_Transmit                       0x08001b88   Section        0  stm32g4xx_hal_spi.o(i.HAL_SPI_Transmit)
    i.HAL_SPI_Transmit_DMA                   0x08001d18   Section        0  stm32g4xx_hal_spi.o(i.HAL_SPI_Transmit_DMA)
    i.HAL_SPI_TxCpltCallback                 0x08001e2c   Section        0  stm32g4xx_hal_spi.o(i.HAL_SPI_TxCpltCallback)
    i.HAL_SPI_TxHalfCpltCallback             0x08001e2e   Section        0  stm32g4xx_hal_spi.o(i.HAL_SPI_TxHalfCpltCallback)
    i.HAL_TIMEx_Break2Callback               0x08001e30   Section        0  stm32g4xx_hal_tim_ex.o(i.HAL_TIMEx_Break2Callback)
    i.HAL_TIMEx_BreakCallback                0x08001e32   Section        0  stm32g4xx_hal_tim_ex.o(i.HAL_TIMEx_BreakCallback)
    i.HAL_TIMEx_CommutCallback               0x08001e34   Section        0  stm32g4xx_hal_tim_ex.o(i.HAL_TIMEx_CommutCallback)
    i.HAL_TIMEx_ConfigBreakDeadTime          0x08001e38   Section        0  stm32g4xx_hal_tim_ex.o(i.HAL_TIMEx_ConfigBreakDeadTime)
    i.HAL_TIMEx_DirectionChangeCallback      0x08001ed4   Section        0  stm32g4xx_hal_tim_ex.o(i.HAL_TIMEx_DirectionChangeCallback)
    i.HAL_TIMEx_EncoderIndexCallback         0x08001ed6   Section        0  stm32g4xx_hal_tim_ex.o(i.HAL_TIMEx_EncoderIndexCallback)
    i.HAL_TIMEx_IndexErrorCallback           0x08001ed8   Section        0  stm32g4xx_hal_tim_ex.o(i.HAL_TIMEx_IndexErrorCallback)
    i.HAL_TIMEx_MasterConfigSynchronization  0x08001edc   Section        0  stm32g4xx_hal_tim_ex.o(i.HAL_TIMEx_MasterConfigSynchronization)
    i.HAL_TIMEx_TransitionErrorCallback      0x08001f78   Section        0  stm32g4xx_hal_tim_ex.o(i.HAL_TIMEx_TransitionErrorCallback)
    i.HAL_TIM_Base_Init                      0x08001f7a   Section        0  stm32g4xx_hal_tim.o(i.HAL_TIM_Base_Init)
    i.HAL_TIM_Base_MspInit                   0x08001fdc   Section        0  tim.o(i.HAL_TIM_Base_MspInit)
    i.HAL_TIM_Base_Start_IT                  0x08002030   Section        0  stm32g4xx_hal_tim.o(i.HAL_TIM_Base_Start_IT)
    i.HAL_TIM_ConfigClockSource              0x080020a8   Section        0  stm32g4xx_hal_tim.o(i.HAL_TIM_ConfigClockSource)
    i.HAL_TIM_IC_CaptureCallback             0x080021a8   Section        0  stm32g4xx_hal_tim.o(i.HAL_TIM_IC_CaptureCallback)
    i.HAL_TIM_IRQHandler                     0x080021aa   Section        0  stm32g4xx_hal_tim.o(i.HAL_TIM_IRQHandler)
    i.HAL_TIM_MspPostInit                    0x0800234c   Section        0  tim.o(i.HAL_TIM_MspPostInit)
    i.HAL_TIM_OC_DelayElapsedCallback        0x080023a0   Section        0  stm32g4xx_hal_tim.o(i.HAL_TIM_OC_DelayElapsedCallback)
    i.HAL_TIM_PWM_ConfigChannel              0x080023a2   Section        0  stm32g4xx_hal_tim.o(i.HAL_TIM_PWM_ConfigChannel)
    i.HAL_TIM_PWM_Init                       0x080024c6   Section        0  stm32g4xx_hal_tim.o(i.HAL_TIM_PWM_Init)
    i.HAL_TIM_PWM_MspInit                    0x08002528   Section        0  stm32g4xx_hal_tim.o(i.HAL_TIM_PWM_MspInit)
    i.HAL_TIM_PWM_PulseFinishedCallback      0x0800252a   Section        0  stm32g4xx_hal_tim.o(i.HAL_TIM_PWM_PulseFinishedCallback)
    i.HAL_TIM_PeriodElapsedCallback          0x0800252c   Section        0  main.o(i.HAL_TIM_PeriodElapsedCallback)
    i.HAL_TIM_TriggerCallback                0x08002540   Section        0  stm32g4xx_hal_tim.o(i.HAL_TIM_TriggerCallback)
    i.HardFault_Handler                      0x08002542   Section        0  stm32g4xx_it.o(i.HardFault_Handler)
    i.ILI9341_FillRectangle                  0x08002544   Section        0  ili9341.o(i.ILI9341_FillRectangle)
    i.ILI9341_FillScreen                     0x080025e4   Section        0  ili9341.o(i.ILI9341_FillScreen)
    i.ILI9341_Init                           0x080025f8   Section        0  ili9341.o(i.ILI9341_Init)
    i.ILI9341_Select                         0x08002834   Section        0  ili9341.o(i.ILI9341_Select)
    i.ILI9341_SetAddressWindow               0x08002844   Section        0  ili9341.o(i.ILI9341_SetAddressWindow)
    i.ILI9341_Unselect                       0x0800289c   Section        0  ili9341.o(i.ILI9341_Unselect)
    i.ILI9341_WriteCommand                   0x080028ac   Section        0  ili9341.o(i.ILI9341_WriteCommand)
    ILI9341_WriteCommand                     0x080028ad   Thumb Code    24  ili9341.o(i.ILI9341_WriteCommand)
    i.ILI9341_WriteData                      0x080028cc   Section        0  ili9341.o(i.ILI9341_WriteData)
    ILI9341_WriteData                        0x080028cd   Thumb Code    58  ili9341.o(i.ILI9341_WriteData)
    i.MX_CRC_Init                            0x08002910   Section        0  crc.o(i.MX_CRC_Init)
    i.MX_DMA_Init                            0x08002940   Section        0  dma.o(i.MX_DMA_Init)
    i.MX_FREERTOS_Init                       0x080029cc   Section        0  app_freertos.o(i.MX_FREERTOS_Init)
    i.MX_GPIO_Init                           0x080029f4   Section        0  gpio.o(i.MX_GPIO_Init)
    i.MX_I2C1_Init                           0x08002ac0   Section        0  i2c.o(i.MX_I2C1_Init)
    i.MX_I2C3_Init                           0x08002b18   Section        0  i2c.o(i.MX_I2C3_Init)
    i.MX_SPI1_Init                           0x08002b70   Section        0  spi.o(i.MX_SPI1_Init)
    i.MX_TIM1_Init                           0x08002bc0   Section        0  tim.o(i.MX_TIM1_Init)
    i.MX_TIM6_Init                           0x08002c9c   Section        0  tim.o(i.MX_TIM6_Init)
    i.MemManage_Handler                      0x08002ce4   Section        0  stm32g4xx_it.o(i.MemManage_Handler)
    i.NMI_Handler                            0x08002ce6   Section        0  stm32g4xx_it.o(i.NMI_Handler)
    i.SPI_DMAError                           0x08002ce8   Section        0  stm32g4xx_hal_spi.o(i.SPI_DMAError)
    SPI_DMAError                             0x08002ce9   Thumb Code    34  stm32g4xx_hal_spi.o(i.SPI_DMAError)
    i.SPI_DMAHalfTransmitCplt                0x08002d0a   Section        0  stm32g4xx_hal_spi.o(i.SPI_DMAHalfTransmitCplt)
    SPI_DMAHalfTransmitCplt                  0x08002d0b   Thumb Code    10  stm32g4xx_hal_spi.o(i.SPI_DMAHalfTransmitCplt)
    i.SPI_DMATransmitCplt                    0x08002d14   Section        0  stm32g4xx_hal_spi.o(i.SPI_DMATransmitCplt)
    SPI_DMATransmitCplt                      0x08002d15   Thumb Code   100  stm32g4xx_hal_spi.o(i.SPI_DMATransmitCplt)
    i.SPI_EndRxTxTransaction                 0x08002d78   Section        0  stm32g4xx_hal_spi.o(i.SPI_EndRxTxTransaction)
    SPI_EndRxTxTransaction                   0x08002d79   Thumb Code    72  stm32g4xx_hal_spi.o(i.SPI_EndRxTxTransaction)
    i.SPI_WaitFifoStateUntilTimeout          0x08002dc0   Section        0  stm32g4xx_hal_spi.o(i.SPI_WaitFifoStateUntilTimeout)
    SPI_WaitFifoStateUntilTimeout            0x08002dc1   Thumb Code   218  stm32g4xx_hal_spi.o(i.SPI_WaitFifoStateUntilTimeout)
    i.SPI_WaitFlagStateUntilTimeout          0x08002ea0   Section        0  stm32g4xx_hal_spi.o(i.SPI_WaitFlagStateUntilTimeout)
    SPI_WaitFlagStateUntilTimeout            0x08002ea1   Thumb Code   180  stm32g4xx_hal_spi.o(i.SPI_WaitFlagStateUntilTimeout)
    i.StartDefaultTask                       0x08002f58   Section        0  app_freertos.o(i.StartDefaultTask)
    i.SysTick_Handler                        0x08002f60   Section        0  port.o(i.SysTick_Handler)
    i.SystemClock_Config                     0x08002f8c   Section        0  main.o(i.SystemClock_Config)
    i.SystemInit                             0x08002ff4   Section        0  system_stm32g4xx.o(i.SystemInit)
    i.TIM6_DAC_IRQHandler                    0x08003004   Section        0  stm32g4xx_it.o(i.TIM6_DAC_IRQHandler)
    i.TIM7_IRQHandler                        0x08003010   Section        0  stm32g4xx_it.o(i.TIM7_IRQHandler)
    i.TIM_Base_SetConfig                     0x0800301c   Section        0  stm32g4xx_hal_tim.o(i.TIM_Base_SetConfig)
    i.TIM_ETR_SetConfig                      0x080030d8   Section        0  stm32g4xx_hal_tim.o(i.TIM_ETR_SetConfig)
    i.TIM_ITRx_SetConfig                     0x080030ec   Section        0  stm32g4xx_hal_tim.o(i.TIM_ITRx_SetConfig)
    TIM_ITRx_SetConfig                       0x080030ed   Thumb Code    16  stm32g4xx_hal_tim.o(i.TIM_ITRx_SetConfig)
    i.TIM_OC1_SetConfig                      0x08003100   Section        0  stm32g4xx_hal_tim.o(i.TIM_OC1_SetConfig)
    TIM_OC1_SetConfig                        0x08003101   Thumb Code   132  stm32g4xx_hal_tim.o(i.TIM_OC1_SetConfig)
    i.TIM_OC2_SetConfig                      0x0800319c   Section        0  stm32g4xx_hal_tim.o(i.TIM_OC2_SetConfig)
    i.TIM_OC3_SetConfig                      0x0800322c   Section        0  stm32g4xx_hal_tim.o(i.TIM_OC3_SetConfig)
    TIM_OC3_SetConfig                        0x0800322d   Thumb Code   118  stm32g4xx_hal_tim.o(i.TIM_OC3_SetConfig)
    i.TIM_OC4_SetConfig                      0x080032bc   Section        0  stm32g4xx_hal_tim.o(i.TIM_OC4_SetConfig)
    TIM_OC4_SetConfig                        0x080032bd   Thumb Code   120  stm32g4xx_hal_tim.o(i.TIM_OC4_SetConfig)
    i.TIM_OC5_SetConfig                      0x0800334c   Section        0  stm32g4xx_hal_tim.o(i.TIM_OC5_SetConfig)
    TIM_OC5_SetConfig                        0x0800334d   Thumb Code    86  stm32g4xx_hal_tim.o(i.TIM_OC5_SetConfig)
    i.TIM_OC6_SetConfig                      0x080033bc   Section        0  stm32g4xx_hal_tim.o(i.TIM_OC6_SetConfig)
    TIM_OC6_SetConfig                        0x080033bd   Thumb Code    88  stm32g4xx_hal_tim.o(i.TIM_OC6_SetConfig)
    i.TIM_TI1_ConfigInputStage               0x0800342c   Section        0  stm32g4xx_hal_tim.o(i.TIM_TI1_ConfigInputStage)
    TIM_TI1_ConfigInputStage                 0x0800342d   Thumb Code    34  stm32g4xx_hal_tim.o(i.TIM_TI1_ConfigInputStage)
    i.TIM_TI2_ConfigInputStage               0x0800344e   Section        0  stm32g4xx_hal_tim.o(i.TIM_TI2_ConfigInputStage)
    TIM_TI2_ConfigInputStage                 0x0800344f   Thumb Code    36  stm32g4xx_hal_tim.o(i.TIM_TI2_ConfigInputStage)
    i.UsageFault_Handler                     0x08003472   Section        0  stm32g4xx_it.o(i.UsageFault_Handler)
    i.__NVIC_SetPriority                     0x08003474   Section        0  stm32g4xx_hal_cortex.o(i.__NVIC_SetPriority)
    __NVIC_SetPriority                       0x08003475   Thumb Code    32  stm32g4xx_hal_cortex.o(i.__NVIC_SetPriority)
    i.main                                   0x08003494   Section        0  main.o(i.main)
    i.makeFreeRtosPriority                   0x080034f4   Section        0  cmsis_os.o(i.makeFreeRtosPriority)
    makeFreeRtosPriority                     0x080034f5   Thumb Code    12  cmsis_os.o(i.makeFreeRtosPriority)
    i.osDelay                                0x08003500   Section        0  cmsis_os.o(i.osDelay)
    i.osKernelStart                          0x0800350e   Section        0  cmsis_os.o(i.osKernelStart)
    i.osThreadCreate                         0x08003518   Section        0  cmsis_os.o(i.osThreadCreate)
    i.prvAddCurrentTaskToDelayedList         0x08003548   Section        0  tasks.o(i.prvAddCurrentTaskToDelayedList)
    prvAddCurrentTaskToDelayedList           0x08003549   Thumb Code   102  tasks.o(i.prvAddCurrentTaskToDelayedList)
    i.prvAddNewTaskToReadyList               0x080035b8   Section        0  tasks.o(i.prvAddNewTaskToReadyList)
    prvAddNewTaskToReadyList                 0x080035b9   Thumb Code   194  tasks.o(i.prvAddNewTaskToReadyList)
    i.prvDeleteTCB                           0x08003688   Section        0  tasks.o(i.prvDeleteTCB)
    prvDeleteTCB                             0x08003689   Thumb Code    20  tasks.o(i.prvDeleteTCB)
    i.prvHeapInit                            0x0800369c   Section        0  heap_4.o(i.prvHeapInit)
    prvHeapInit                              0x0800369d   Thumb Code    66  heap_4.o(i.prvHeapInit)
    i.prvIdleTask                            0x080036e8   Section        0  tasks.o(i.prvIdleTask)
    prvIdleTask                              0x080036e9   Thumb Code    82  tasks.o(i.prvIdleTask)
    i.prvInitialiseNewTask                   0x08003748   Section        0  tasks.o(i.prvInitialiseNewTask)
    prvInitialiseNewTask                     0x08003749   Thumb Code   152  tasks.o(i.prvInitialiseNewTask)
    i.prvInsertBlockIntoFreeList             0x080037e0   Section        0  heap_4.o(i.prvInsertBlockIntoFreeList)
    prvInsertBlockIntoFreeList               0x080037e1   Thumb Code    72  heap_4.o(i.prvInsertBlockIntoFreeList)
    i.prvResetNextTaskUnblockTime            0x0800382c   Section        0  tasks.o(i.prvResetNextTaskUnblockTime)
    prvResetNextTaskUnblockTime              0x0800382d   Thumb Code    26  tasks.o(i.prvResetNextTaskUnblockTime)
    i.prvTaskExitError                       0x0800384c   Section        0  port.o(i.prvTaskExitError)
    prvTaskExitError                         0x0800384d   Thumb Code    36  port.o(i.prvTaskExitError)
    i.pvPortMalloc                           0x08003874   Section        0  heap_4.o(i.pvPortMalloc)
    i.pxPortInitialiseStack                  0x08003950   Section        0  port.o(i.pxPortInitialiseStack)
    i.uxListRemove                           0x0800397c   Section        0  list.o(i.uxListRemove)
    i.vListInitialise                        0x080039a2   Section        0  list.o(i.vListInitialise)
    i.vListInitialiseItem                    0x080039b8   Section        0  list.o(i.vListInitialiseItem)
    i.vListInsert                            0x080039be   Section        0  list.o(i.vListInsert)
    i.vListInsertEnd                         0x080039ee   Section        0  list.o(i.vListInsertEnd)
    i.vPortEnterCritical                     0x08003a08   Section        0  port.o(i.vPortEnterCritical)
    i.vPortExitCritical                      0x08003a48   Section        0  port.o(i.vPortExitCritical)
    i.vPortFree                              0x08003a70   Section        0  heap_4.o(i.vPortFree)
    i.vPortSetupTimerInterrupt               0x08003ad4   Section        0  port.o(i.vPortSetupTimerInterrupt)
    i.vTaskDelay                             0x08003af8   Section        0  tasks.o(i.vTaskDelay)
    i.vTaskStartScheduler                    0x08003b44   Section        0  tasks.o(i.vTaskStartScheduler)
    i.vTaskSuspendAll                        0x08003bac   Section        0  tasks.o(i.vTaskSuspendAll)
    i.vTaskSwitchContext                     0x08003bbc   Section        0  tasks.o(i.vTaskSwitchContext)
    i.xPortStartScheduler                    0x08003c18   Section        0  port.o(i.xPortStartScheduler)
    i.xTaskCreate                            0x08003d0c   Section        0  tasks.o(i.xTaskCreate)
    i.xTaskIncrementTick                     0x08003d64   Section        0  tasks.o(i.xTaskIncrementTick)
    i.xTaskResumeAll                         0x08003e30   Section        0  tasks.o(i.xTaskResumeAll)
    x$fpl$fpinit                             0x08003ef4   Section       10  fpinit.o(x$fpl$fpinit)
    $v0                                      0x08003ef4   Number         0  fpinit.o(x$fpl$fpinit)
    .constdata                               0x08003f00   Section       20  app_freertos.o(.constdata)
    .constdata                               0x08003f14   Section       16  system_stm32g4xx.o(.constdata)
    .constdata                               0x08003f24   Section        8  system_stm32g4xx.o(.constdata)
    .conststring                             0x08003f2c   Section       12  app_freertos.o(.conststring)
    .data                                    0x20000000   Section        4  app_freertos.o(.data)
    .data                                    0x20000004   Section       12  stm32g4xx_hal.o(.data)
    .data                                    0x20000010   Section        4  system_stm32g4xx.o(.data)
    .data                                    0x20000014   Section       60  tasks.o(.data)
    uxDeletedTasksWaitingCleanUp             0x20000018   Data           4  tasks.o(.data)
    uxCurrentNumberOfTasks                   0x2000001c   Data           4  tasks.o(.data)
    xTickCount                               0x20000020   Data           4  tasks.o(.data)
    uxTopReadyPriority                       0x20000024   Data           4  tasks.o(.data)
    xSchedulerRunning                        0x20000028   Data           4  tasks.o(.data)
    xPendedTicks                             0x2000002c   Data           4  tasks.o(.data)
    xYieldPending                            0x20000030   Data           4  tasks.o(.data)
    xNumOfOverflows                          0x20000034   Data           4  tasks.o(.data)
    uxTaskNumber                             0x20000038   Data           4  tasks.o(.data)
    xNextTaskUnblockTime                     0x2000003c   Data           4  tasks.o(.data)
    xIdleTaskHandle                          0x20000040   Data           4  tasks.o(.data)
    uxSchedulerSuspended                     0x20000044   Data           4  tasks.o(.data)
    pxDelayedTaskList                        0x20000048   Data           4  tasks.o(.data)
    pxOverflowDelayedTaskList                0x2000004c   Data           4  tasks.o(.data)
    .data                                    0x20000050   Section       32  heap_4.o(.data)
    pxEnd                                    0x20000050   Data           4  heap_4.o(.data)
    xFreeBytesRemaining                      0x20000054   Data           4  heap_4.o(.data)
    xMinimumEverFreeBytesRemaining           0x20000058   Data           4  heap_4.o(.data)
    xNumberOfSuccessfulAllocations           0x2000005c   Data           4  heap_4.o(.data)
    xNumberOfSuccessfulFrees                 0x20000060   Data           4  heap_4.o(.data)
    xBlockAllocatedBit                       0x20000064   Data           4  heap_4.o(.data)
    xStart                                   0x20000068   Data           8  heap_4.o(.data)
    .data                                    0x20000070   Section       12  port.o(.data)
    ucMaxSysCallPriority                     0x20000070   Data           1  port.o(.data)
    uxCriticalNesting                        0x20000074   Data           4  port.o(.data)
    ulMaxPRIGROUPValue                       0x20000078   Data           4  port.o(.data)
    .bss                                     0x2000007c   Section       36  crc.o(.bss)
    .bss                                     0x200000a0   Section      552  i2c.o(.bss)
    .bss                                     0x200002c8   Section      292  spi.o(.bss)
    .bss                                     0x200003ec   Section      152  tim.o(.bss)
    .bss                                     0x20000484   Section       76  stm32g4xx_hal_timebase_tim.o(.bss)
    .bss                                     0x200004d0   Section      240  tasks.o(.bss)
    pxReadyTasksLists                        0x200004d0   Data         140  tasks.o(.bss)
    xDelayedTaskList1                        0x2000055c   Data          20  tasks.o(.bss)
    xDelayedTaskList2                        0x20000570   Data          20  tasks.o(.bss)
    xPendingReadyList                        0x20000584   Data          20  tasks.o(.bss)
    xTasksWaitingTermination                 0x20000598   Data          20  tasks.o(.bss)
    xSuspendedTaskList                       0x200005ac   Data          20  tasks.o(.bss)
    .bss                                     0x200005c0   Section     3072  heap_4.o(.bss)
    ucHeap                                   0x200005c0   Data        3072  heap_4.o(.bss)
    .bss                                     0x200011c0   Section       96  libspace.o(.bss)
    HEAP                                     0x20001220   Section     8192  startup_stm32g431xx.o(HEAP)
    Heap_Mem                                 0x20001220   Data        8192  startup_stm32g431xx.o(HEAP)
    STACK                                    0x20003220   Section    16384  startup_stm32g431xx.o(STACK)
    Stack_Mem                                0x20003220   Data       16384  startup_stm32g431xx.o(STACK)
    __initial_sp                             0x20007220   Data           0  startup_stm32g431xx.o(STACK)

    Global Symbols

    Symbol Name                              Value     Ov Type        Size  Object(Section)

    BuildAttributes$$THM_ISAv4$E$P$D$K$B$S$7EM$VFPi3$EXTD16$VFPS$VFMA$PE$A:L22UL41UL21$X:L11$S22US41US21$IEEE1$IW$USESV6$~STKCKD$USESV7$~SHL$OSPACE$ROPI$EBA8$UX$STANDARDLIB$REQ8$PRES8$EABIv2 0x00000000   Number         0  anon$$obj.o ABSOLUTE
    __ARM_use_no_argv                        0x00000000   Number         0  main.o ABSOLUTE
    __ARM_exceptions_init                     - Undefined Weak Reference
    __alloca_initialize                       - Undefined Weak Reference
    __arm_fini_                               - Undefined Weak Reference
    __arm_preinit_                            - Undefined Weak Reference
    __cpp_initialize__aeabi_                  - Undefined Weak Reference
    __cxa_finalize                            - Undefined Weak Reference
    __rt_locale                               - Undefined Weak Reference
    __sigvec_lookup                           - Undefined Weak Reference
    _atexit_init                              - Undefined Weak Reference
    _call_atexit_fns                          - Undefined Weak Reference
    _clock_init                               - Undefined Weak Reference
    _fp_trap_init                             - Undefined Weak Reference
    _fp_trap_shutdown                         - Undefined Weak Reference
    _get_lc_collate                           - Undefined Weak Reference
    _get_lc_ctype                             - Undefined Weak Reference
    _get_lc_monetary                          - Undefined Weak Reference
    _get_lc_numeric                           - Undefined Weak Reference
    _get_lc_time                              - Undefined Weak Reference
    _getenv_init                              - Undefined Weak Reference
    _handle_redirection                       - Undefined Weak Reference
    _init_alloc                               - Undefined Weak Reference
    _init_user_alloc                          - Undefined Weak Reference
    _initio                                   - Undefined Weak Reference
    _rand_init                                - Undefined Weak Reference
    _signal_finish                            - Undefined Weak Reference
    _signal_init                              - Undefined Weak Reference
    _terminate_alloc                          - Undefined Weak Reference
    _terminate_user_alloc                     - Undefined Weak Reference
    _terminateio                              - Undefined Weak Reference
    __Vectors_Size                           0x000001d8   Number         0  startup_stm32g431xx.o ABSOLUTE
    __Vectors                                0x08000000   Data           4  startup_stm32g431xx.o(RESET)
    __Vectors_End                            0x080001d8   Data           0  startup_stm32g431xx.o(RESET)
    __main                                   0x080001d9   Thumb Code     8  __main.o(!!!main)
    __scatterload                            0x080001e1   Thumb Code     0  __scatter.o(!!!scatter)
    __scatterload_rt2                        0x080001e1   Thumb Code    44  __scatter.o(!!!scatter)
    __scatterload_rt2_thumb_only             0x080001e1   Thumb Code     0  __scatter.o(!!!scatter)
    __scatterload_null                       0x080001ef   Thumb Code     0  __scatter.o(!!!scatter)
    __scatterload_copy                       0x08000215   Thumb Code    26  __scatter_copy.o(!!handler_copy)
    __scatterload_zeroinit                   0x08000231   Thumb Code    28  __scatter_zi.o(!!handler_zi)
    __rt_lib_init                            0x0800024d   Thumb Code     0  libinit.o(.ARM.Collect$$libinit$$00000000)
    __rt_lib_init_fp_1                       0x0800024f   Thumb Code     0  libinit2.o(.ARM.Collect$$libinit$$00000001)
    __rt_lib_init_alloca_1                   0x08000253   Thumb Code     0  libinit2.o(.ARM.Collect$$libinit$$0000002E)
    __rt_lib_init_argv_1                     0x08000253   Thumb Code     0  libinit2.o(.ARM.Collect$$libinit$$0000002C)
    __rt_lib_init_atexit_1                   0x08000253   Thumb Code     0  libinit2.o(.ARM.Collect$$libinit$$0000001B)
    __rt_lib_init_clock_1                    0x08000253   Thumb Code     0  libinit2.o(.ARM.Collect$$libinit$$00000021)
    __rt_lib_init_cpp_1                      0x08000253   Thumb Code     0  libinit2.o(.ARM.Collect$$libinit$$00000032)
    __rt_lib_init_exceptions_1               0x08000253   Thumb Code     0  libinit2.o(.ARM.Collect$$libinit$$00000030)
    __rt_lib_init_fp_trap_1                  0x08000253   Thumb Code     0  libinit2.o(.ARM.Collect$$libinit$$0000001F)
    __rt_lib_init_getenv_1                   0x08000253   Thumb Code     0  libinit2.o(.ARM.Collect$$libinit$$00000023)
    __rt_lib_init_heap_1                     0x08000253   Thumb Code     0  libinit2.o(.ARM.Collect$$libinit$$0000000A)
    __rt_lib_init_lc_collate_1               0x08000253   Thumb Code     0  libinit2.o(.ARM.Collect$$libinit$$00000011)
    __rt_lib_init_lc_ctype_1                 0x08000253   Thumb Code     0  libinit2.o(.ARM.Collect$$libinit$$00000013)
    __rt_lib_init_lc_monetary_1              0x08000253   Thumb Code     0  libinit2.o(.ARM.Collect$$libinit$$00000015)
    __rt_lib_init_lc_numeric_1               0x08000253   Thumb Code     0  libinit2.o(.ARM.Collect$$libinit$$00000017)
    __rt_lib_init_lc_time_1                  0x08000253   Thumb Code     0  libinit2.o(.ARM.Collect$$libinit$$00000019)
    __rt_lib_init_preinit_1                  0x08000253   Thumb Code     0  libinit2.o(.ARM.Collect$$libinit$$00000004)
    __rt_lib_init_rand_1                     0x08000253   Thumb Code     0  libinit2.o(.ARM.Collect$$libinit$$0000000E)
    __rt_lib_init_return                     0x08000253   Thumb Code     0  libinit2.o(.ARM.Collect$$libinit$$00000033)
    __rt_lib_init_signal_1                   0x08000253   Thumb Code     0  libinit2.o(.ARM.Collect$$libinit$$0000001D)
    __rt_lib_init_stdio_1                    0x08000253   Thumb Code     0  libinit2.o(.ARM.Collect$$libinit$$00000025)
    __rt_lib_init_user_alloc_1               0x08000253   Thumb Code     0  libinit2.o(.ARM.Collect$$libinit$$0000000C)
    __rt_lib_shutdown                        0x08000255   Thumb Code     0  libshutdown.o(.ARM.Collect$$libshutdown$$00000000)
    __rt_lib_shutdown_cpp_1                  0x08000257   Thumb Code     0  libshutdown2.o(.ARM.Collect$$libshutdown$$00000004)
    __rt_lib_shutdown_fini_1                 0x08000257   Thumb Code     0  libshutdown2.o(.ARM.Collect$$libshutdown$$00000002)
    __rt_lib_shutdown_fp_trap_1              0x08000257   Thumb Code     0  libshutdown2.o(.ARM.Collect$$libshutdown$$00000009)
    __rt_lib_shutdown_heap_1                 0x08000257   Thumb Code     0  libshutdown2.o(.ARM.Collect$$libshutdown$$00000011)
    __rt_lib_shutdown_return                 0x08000257   Thumb Code     0  libshutdown2.o(.ARM.Collect$$libshutdown$$00000012)
    __rt_lib_shutdown_signal_1               0x08000257   Thumb Code     0  libshutdown2.o(.ARM.Collect$$libshutdown$$0000000C)
    __rt_lib_shutdown_stdio_1                0x08000257   Thumb Code     0  libshutdown2.o(.ARM.Collect$$libshutdown$$00000006)
    __rt_lib_shutdown_user_alloc_1           0x08000257   Thumb Code     0  libshutdown2.o(.ARM.Collect$$libshutdown$$0000000E)
    __rt_entry                               0x08000259   Thumb Code     0  __rtentry.o(.ARM.Collect$$rtentry$$00000000)
    __rt_entry_presh_1                       0x08000259   Thumb Code     0  __rtentry2.o(.ARM.Collect$$rtentry$$00000002)
    __rt_entry_sh                            0x08000259   Thumb Code     0  __rtentry4.o(.ARM.Collect$$rtentry$$00000004)
    __rt_entry_li                            0x0800025f   Thumb Code     0  __rtentry2.o(.ARM.Collect$$rtentry$$0000000A)
    __rt_entry_postsh_1                      0x0800025f   Thumb Code     0  __rtentry2.o(.ARM.Collect$$rtentry$$00000009)
    __rt_entry_main                          0x08000263   Thumb Code     0  __rtentry2.o(.ARM.Collect$$rtentry$$0000000D)
    __rt_entry_postli_1                      0x08000263   Thumb Code     0  __rtentry2.o(.ARM.Collect$$rtentry$$0000000C)
    __rt_exit                                0x0800026b   Thumb Code     0  rtexit.o(.ARM.Collect$$rtexit$$00000000)
    __rt_exit_ls                             0x0800026d   Thumb Code     0  rtexit2.o(.ARM.Collect$$rtexit$$00000003)
    __rt_exit_prels_1                        0x0800026d   Thumb Code     0  rtexit2.o(.ARM.Collect$$rtexit$$00000002)
    __rt_exit_exit                           0x08000271   Thumb Code     0  rtexit2.o(.ARM.Collect$$rtexit$$00000004)
    SVC_Handler                              0x08000279   Thumb Code    28  port.o(.emb_text)
    __asm___6_port_c_39a90d8d__prvStartFirstTask 0x08000299   Thumb Code    36  port.o(.emb_text)
    __asm___6_port_c_39a90d8d__prvEnableVFP  0x080002c1   Thumb Code    16  port.o(.emb_text)
    PendSV_Handler                           0x080002d5   Thumb Code    88  port.o(.emb_text)
    vPortGetIPSR                             0x08000331   Thumb Code     6  port.o(.emb_text)
    Reset_Handler                            0x08000339   Thumb Code     8  startup_stm32g431xx.o(.text)
    ADC1_2_IRQHandler                        0x08000353   Thumb Code     0  startup_stm32g431xx.o(.text)
    COMP1_2_3_IRQHandler                     0x08000353   Thumb Code     0  startup_stm32g431xx.o(.text)
    COMP4_IRQHandler                         0x08000353   Thumb Code     0  startup_stm32g431xx.o(.text)
    CORDIC_IRQHandler                        0x08000353   Thumb Code     0  startup_stm32g431xx.o(.text)
    CRS_IRQHandler                           0x08000353   Thumb Code     0  startup_stm32g431xx.o(.text)
    DMA2_Channel1_IRQHandler                 0x08000353   Thumb Code     0  startup_stm32g431xx.o(.text)
    DMA2_Channel2_IRQHandler                 0x08000353   Thumb Code     0  startup_stm32g431xx.o(.text)
    DMA2_Channel3_IRQHandler                 0x08000353   Thumb Code     0  startup_stm32g431xx.o(.text)
    DMA2_Channel4_IRQHandler                 0x08000353   Thumb Code     0  startup_stm32g431xx.o(.text)
    DMA2_Channel5_IRQHandler                 0x08000353   Thumb Code     0  startup_stm32g431xx.o(.text)
    DMA2_Channel6_IRQHandler                 0x08000353   Thumb Code     0  startup_stm32g431xx.o(.text)
    DMAMUX_OVR_IRQHandler                    0x08000353   Thumb Code     0  startup_stm32g431xx.o(.text)
    EXTI0_IRQHandler                         0x08000353   Thumb Code     0  startup_stm32g431xx.o(.text)
    EXTI15_10_IRQHandler                     0x08000353   Thumb Code     0  startup_stm32g431xx.o(.text)
    EXTI1_IRQHandler                         0x08000353   Thumb Code     0  startup_stm32g431xx.o(.text)
    EXTI2_IRQHandler                         0x08000353   Thumb Code     0  startup_stm32g431xx.o(.text)
    EXTI3_IRQHandler                         0x08000353   Thumb Code     0  startup_stm32g431xx.o(.text)
    EXTI4_IRQHandler                         0x08000353   Thumb Code     0  startup_stm32g431xx.o(.text)
    EXTI9_5_IRQHandler                       0x08000353   Thumb Code     0  startup_stm32g431xx.o(.text)
    FDCAN1_IT0_IRQHandler                    0x08000353   Thumb Code     0  startup_stm32g431xx.o(.text)
    FDCAN1_IT1_IRQHandler                    0x08000353   Thumb Code     0  startup_stm32g431xx.o(.text)
    FLASH_IRQHandler                         0x08000353   Thumb Code     0  startup_stm32g431xx.o(.text)
    FMAC_IRQHandler                          0x08000353   Thumb Code     0  startup_stm32g431xx.o(.text)
    FPU_IRQHandler                           0x08000353   Thumb Code     0  startup_stm32g431xx.o(.text)
    I2C1_ER_IRQHandler                       0x08000353   Thumb Code     0  startup_stm32g431xx.o(.text)
    I2C1_EV_IRQHandler                       0x08000353   Thumb Code     0  startup_stm32g431xx.o(.text)
    I2C2_ER_IRQHandler                       0x08000353   Thumb Code     0  startup_stm32g431xx.o(.text)
    I2C2_EV_IRQHandler                       0x08000353   Thumb Code     0  startup_stm32g431xx.o(.text)
    I2C3_ER_IRQHandler                       0x08000353   Thumb Code     0  startup_stm32g431xx.o(.text)
    I2C3_EV_IRQHandler                       0x08000353   Thumb Code     0  startup_stm32g431xx.o(.text)
    LPTIM1_IRQHandler                        0x08000353   Thumb Code     0  startup_stm32g431xx.o(.text)
    LPUART1_IRQHandler                       0x08000353   Thumb Code     0  startup_stm32g431xx.o(.text)
    PVD_PVM_IRQHandler                       0x08000353   Thumb Code     0  startup_stm32g431xx.o(.text)
    RCC_IRQHandler                           0x08000353   Thumb Code     0  startup_stm32g431xx.o(.text)
    RNG_IRQHandler                           0x08000353   Thumb Code     0  startup_stm32g431xx.o(.text)
    RTC_Alarm_IRQHandler                     0x08000353   Thumb Code     0  startup_stm32g431xx.o(.text)
    RTC_TAMP_LSECSS_IRQHandler               0x08000353   Thumb Code     0  startup_stm32g431xx.o(.text)
    RTC_WKUP_IRQHandler                      0x08000353   Thumb Code     0  startup_stm32g431xx.o(.text)
    SAI1_IRQHandler                          0x08000353   Thumb Code     0  startup_stm32g431xx.o(.text)
    SPI1_IRQHandler                          0x08000353   Thumb Code     0  startup_stm32g431xx.o(.text)
    SPI2_IRQHandler                          0x08000353   Thumb Code     0  startup_stm32g431xx.o(.text)
    SPI3_IRQHandler                          0x08000353   Thumb Code     0  startup_stm32g431xx.o(.text)
    TIM1_BRK_TIM15_IRQHandler                0x08000353   Thumb Code     0  startup_stm32g431xx.o(.text)
    TIM1_CC_IRQHandler                       0x08000353   Thumb Code     0  startup_stm32g431xx.o(.text)
    TIM1_TRG_COM_TIM17_IRQHandler            0x08000353   Thumb Code     0  startup_stm32g431xx.o(.text)
    TIM1_UP_TIM16_IRQHandler                 0x08000353   Thumb Code     0  startup_stm32g431xx.o(.text)
    TIM2_IRQHandler                          0x08000353   Thumb Code     0  startup_stm32g431xx.o(.text)
    TIM3_IRQHandler                          0x08000353   Thumb Code     0  startup_stm32g431xx.o(.text)
    TIM4_IRQHandler                          0x08000353   Thumb Code     0  startup_stm32g431xx.o(.text)
    TIM8_BRK_IRQHandler                      0x08000353   Thumb Code     0  startup_stm32g431xx.o(.text)
    TIM8_CC_IRQHandler                       0x08000353   Thumb Code     0  startup_stm32g431xx.o(.text)
    TIM8_TRG_COM_IRQHandler                  0x08000353   Thumb Code     0  startup_stm32g431xx.o(.text)
    TIM8_UP_IRQHandler                       0x08000353   Thumb Code     0  startup_stm32g431xx.o(.text)
    UART4_IRQHandler                         0x08000353   Thumb Code     0  startup_stm32g431xx.o(.text)
    UCPD1_IRQHandler                         0x08000353   Thumb Code     0  startup_stm32g431xx.o(.text)
    USART1_IRQHandler                        0x08000353   Thumb Code     0  startup_stm32g431xx.o(.text)
    USART2_IRQHandler                        0x08000353   Thumb Code     0  startup_stm32g431xx.o(.text)
    USART3_IRQHandler                        0x08000353   Thumb Code     0  startup_stm32g431xx.o(.text)
    USBWakeUp_IRQHandler                     0x08000353   Thumb Code     0  startup_stm32g431xx.o(.text)
    USB_HP_IRQHandler                        0x08000353   Thumb Code     0  startup_stm32g431xx.o(.text)
    USB_LP_IRQHandler                        0x08000353   Thumb Code     0  startup_stm32g431xx.o(.text)
    WWDG_IRQHandler                          0x08000353   Thumb Code     0  startup_stm32g431xx.o(.text)
    __user_initial_stackheap                 0x08000355   Thumb Code     0  startup_stm32g431xx.o(.text)
    __aeabi_memcpy4                          0x08000379   Thumb Code     0  rt_memcpy_w.o(.text)
    __aeabi_memcpy8                          0x08000379   Thumb Code     0  rt_memcpy_w.o(.text)
    __rt_memcpy_w                            0x08000379   Thumb Code   100  rt_memcpy_w.o(.text)
    _memcpy_lastbytes_aligned                0x080003c1   Thumb Code     0  rt_memcpy_w.o(.text)
    __aeabi_memclr4                          0x080003dd   Thumb Code     0  rt_memclr_w.o(.text)
    __aeabi_memclr8                          0x080003dd   Thumb Code     0  rt_memclr_w.o(.text)
    __rt_memclr_w                            0x080003dd   Thumb Code    78  rt_memclr_w.o(.text)
    _memset_w                                0x080003e1   Thumb Code     0  rt_memclr_w.o(.text)
    __use_two_region_memory                  0x0800042b   Thumb Code     2  heapauxi.o(.text)
    __rt_heap_escrow$2region                 0x0800042d   Thumb Code     2  heapauxi.o(.text)
    __rt_heap_expand$2region                 0x0800042f   Thumb Code     2  heapauxi.o(.text)
    __user_setup_stackheap                   0x08000431   Thumb Code    74  sys_stackheap_outer.o(.text)
    exit                                     0x0800047b   Thumb Code    18  exit.o(.text)
    __user_libspace                          0x0800048d   Thumb Code     8  libspace.o(.text)
    __user_perproc_libspace                  0x0800048d   Thumb Code     0  libspace.o(.text)
    __user_perthread_libspace                0x0800048d   Thumb Code     0  libspace.o(.text)
    _sys_exit                                0x08000495   Thumb Code     8  sys_exit.o(.text)
    __I$use$semihosting                      0x080004a1   Thumb Code     0  use_no_semi.o(.text)
    __use_no_semihosting_swi                 0x080004a1   Thumb Code     2  use_no_semi.o(.text)
    BusFault_Handler                         0x080004a3   Thumb Code     2  stm32g4xx_it.o(i.BusFault_Handler)
    __semihosting_library_function           0x080004a3   Thumb Code     0  indicate_semi.o(.text)
    DMA1_Channel1_IRQHandler                 0x080004a5   Thumb Code     6  stm32g4xx_it.o(i.DMA1_Channel1_IRQHandler)
    DMA1_Channel2_IRQHandler                 0x080004b1   Thumb Code     6  stm32g4xx_it.o(i.DMA1_Channel2_IRQHandler)
    DMA1_Channel3_IRQHandler                 0x080004bd   Thumb Code     6  stm32g4xx_it.o(i.DMA1_Channel3_IRQHandler)
    DMA1_Channel4_IRQHandler                 0x080004c9   Thumb Code     6  stm32g4xx_it.o(i.DMA1_Channel4_IRQHandler)
    DMA1_Channel5_IRQHandler                 0x080004d5   Thumb Code     6  stm32g4xx_it.o(i.DMA1_Channel5_IRQHandler)
    DMA1_Channel6_IRQHandler                 0x080004e1   Thumb Code     6  stm32g4xx_it.o(i.DMA1_Channel6_IRQHandler)
    DebugMon_Handler                         0x0800058f   Thumb Code     2  stm32g4xx_it.o(i.DebugMon_Handler)
    Error_Handler                            0x08000591   Thumb Code     4  main.o(i.Error_Handler)
    HAL_CRCEx_Polynomial_Set                 0x08000595   Thumb Code    84  stm32g4xx_hal_crc_ex.o(i.HAL_CRCEx_Polynomial_Set)
    HAL_CRC_Init                             0x080005e9   Thumb Code   112  stm32g4xx_hal_crc.o(i.HAL_CRC_Init)
    HAL_CRC_MspInit                          0x0800065d   Thumb Code    30  crc.o(i.HAL_CRC_MspInit)
    HAL_DMA_IRQHandler                       0x08000685   Thumb Code   186  stm32g4xx_hal_dma.o(i.HAL_DMA_IRQHandler)
    HAL_DMA_Init                             0x08000741   Thumb Code   178  stm32g4xx_hal_dma.o(i.HAL_DMA_Init)
    HAL_DMA_Start_IT                         0x08000801   Thumb Code   140  stm32g4xx_hal_dma.o(i.HAL_DMA_Start_IT)
    HAL_Delay                                0x0800088d   Thumb Code    32  stm32g4xx_hal.o(i.HAL_Delay)
    HAL_GPIO_Init                            0x080008b1   Thumb Code   550  stm32g4xx_hal_gpio.o(i.HAL_GPIO_Init)
    HAL_GPIO_WritePin                        0x08000af9   Thumb Code    10  stm32g4xx_hal_gpio.o(i.HAL_GPIO_WritePin)
    HAL_GetTick                              0x08000b05   Thumb Code     6  stm32g4xx_hal.o(i.HAL_GetTick)
    HAL_I2CEx_ConfigAnalogFilter             0x08000b11   Thumb Code    86  stm32g4xx_hal_i2c_ex.o(i.HAL_I2CEx_ConfigAnalogFilter)
    HAL_I2CEx_ConfigDigitalFilter            0x08000b67   Thumb Code    82  stm32g4xx_hal_i2c_ex.o(i.HAL_I2CEx_ConfigDigitalFilter)
    HAL_I2C_Init                             0x08000bb9   Thumb Code   184  stm32g4xx_hal_i2c.o(i.HAL_I2C_Init)
    HAL_I2C_MspInit                          0x08000c75   Thumb Code   456  i2c.o(i.HAL_I2C_MspInit)
    HAL_IncTick                              0x08000e5d   Thumb Code    12  stm32g4xx_hal.o(i.HAL_IncTick)
    HAL_Init                                 0x08000e6d   Thumb Code    30  stm32g4xx_hal.o(i.HAL_Init)
    HAL_InitTick                             0x08000e8d   Thumb Code   116  stm32g4xx_hal_timebase_tim.o(i.HAL_InitTick)
    HAL_MspInit                              0x08000f15   Thumb Code    54  stm32g4xx_hal_msp.o(i.HAL_MspInit)
    HAL_NVIC_EnableIRQ                       0x08000f51   Thumb Code    26  stm32g4xx_hal_cortex.o(i.HAL_NVIC_EnableIRQ)
    HAL_NVIC_SetPriority                     0x08000f6d   Thumb Code    60  stm32g4xx_hal_cortex.o(i.HAL_NVIC_SetPriority)
    HAL_NVIC_SetPriorityGrouping             0x08000fad   Thumb Code    26  stm32g4xx_hal_cortex.o(i.HAL_NVIC_SetPriorityGrouping)
    HAL_PWREx_ControlVoltageScaling          0x08000fd1   Thumb Code   174  stm32g4xx_hal_pwr_ex.o(i.HAL_PWREx_ControlVoltageScaling)
    HAL_PWREx_DisableUCPDDeadBattery         0x0800108d   Thumb Code    12  stm32g4xx_hal_pwr_ex.o(i.HAL_PWREx_DisableUCPDDeadBattery)
    HAL_RCCEx_PeriphCLKConfig                0x0800109d   Thumb Code   638  stm32g4xx_hal_rcc_ex.o(i.HAL_RCCEx_PeriphCLKConfig)
    HAL_RCC_ClockConfig                      0x08001325   Thumb Code   444  stm32g4xx_hal_rcc.o(i.HAL_RCC_ClockConfig)
    HAL_RCC_GetClockConfig                   0x08001501   Thumb Code    54  stm32g4xx_hal_rcc.o(i.HAL_RCC_GetClockConfig)
    HAL_RCC_GetPCLK1Freq                     0x08001541   Thumb Code    24  stm32g4xx_hal_rcc.o(i.HAL_RCC_GetPCLK1Freq)
    HAL_RCC_GetSysClockFreq                  0x08001565   Thumb Code    98  stm32g4xx_hal_rcc.o(i.HAL_RCC_GetSysClockFreq)
    HAL_RCC_OscConfig                        0x080015d5   Thumb Code  1028  stm32g4xx_hal_rcc.o(i.HAL_RCC_OscConfig)
    HAL_SPI_ErrorCallback                    0x080019d9   Thumb Code     2  stm32g4xx_hal_spi.o(i.HAL_SPI_ErrorCallback)
    HAL_SPI_Init                             0x080019db   Thumb Code   234  stm32g4xx_hal_spi.o(i.HAL_SPI_Init)
    HAL_SPI_MspInit                          0x08001ac5   Thumb Code   178  spi.o(i.HAL_SPI_MspInit)
    HAL_SPI_Transmit                         0x08001b89   Thumb Code   398  stm32g4xx_hal_spi.o(i.HAL_SPI_Transmit)
    HAL_SPI_Transmit_DMA                     0x08001d19   Thumb Code   262  stm32g4xx_hal_spi.o(i.HAL_SPI_Transmit_DMA)
    HAL_SPI_TxCpltCallback                   0x08001e2d   Thumb Code     2  stm32g4xx_hal_spi.o(i.HAL_SPI_TxCpltCallback)
    HAL_SPI_TxHalfCpltCallback               0x08001e2f   Thumb Code     2  stm32g4xx_hal_spi.o(i.HAL_SPI_TxHalfCpltCallback)
    HAL_TIMEx_Break2Callback                 0x08001e31   Thumb Code     2  stm32g4xx_hal_tim_ex.o(i.HAL_TIMEx_Break2Callback)
    HAL_TIMEx_BreakCallback                  0x08001e33   Thumb Code     2  stm32g4xx_hal_tim_ex.o(i.HAL_TIMEx_BreakCallback)
    HAL_TIMEx_CommutCallback                 0x08001e35   Thumb Code     2  stm32g4xx_hal_tim_ex.o(i.HAL_TIMEx_CommutCallback)
    HAL_TIMEx_ConfigBreakDeadTime            0x08001e39   Thumb Code   148  stm32g4xx_hal_tim_ex.o(i.HAL_TIMEx_ConfigBreakDeadTime)
    HAL_TIMEx_DirectionChangeCallback        0x08001ed5   Thumb Code     2  stm32g4xx_hal_tim_ex.o(i.HAL_TIMEx_DirectionChangeCallback)
    HAL_TIMEx_EncoderIndexCallback           0x08001ed7   Thumb Code     2  stm32g4xx_hal_tim_ex.o(i.HAL_TIMEx_EncoderIndexCallback)
    HAL_TIMEx_IndexErrorCallback             0x08001ed9   Thumb Code     2  stm32g4xx_hal_tim_ex.o(i.HAL_TIMEx_IndexErrorCallback)
    HAL_TIMEx_MasterConfigSynchronization    0x08001edd   Thumb Code   132  stm32g4xx_hal_tim_ex.o(i.HAL_TIMEx_MasterConfigSynchronization)
    HAL_TIMEx_TransitionErrorCallback        0x08001f79   Thumb Code     2  stm32g4xx_hal_tim_ex.o(i.HAL_TIMEx_TransitionErrorCallback)
    HAL_TIM_Base_Init                        0x08001f7b   Thumb Code    98  stm32g4xx_hal_tim.o(i.HAL_TIM_Base_Init)
    HAL_TIM_Base_MspInit                     0x08001fdd   Thumb Code    72  tim.o(i.HAL_TIM_Base_MspInit)
    HAL_TIM_Base_Start_IT                    0x08002031   Thumb Code    94  stm32g4xx_hal_tim.o(i.HAL_TIM_Base_Start_IT)
    HAL_TIM_ConfigClockSource                0x080020a9   Thumb Code   246  stm32g4xx_hal_tim.o(i.HAL_TIM_ConfigClockSource)
    HAL_TIM_IC_CaptureCallback               0x080021a9   Thumb Code     2  stm32g4xx_hal_tim.o(i.HAL_TIM_IC_CaptureCallback)
    HAL_TIM_IRQHandler                       0x080021ab   Thumb Code   418  stm32g4xx_hal_tim.o(i.HAL_TIM_IRQHandler)
    HAL_TIM_MspPostInit                      0x0800234d   Thumb Code    74  tim.o(i.HAL_TIM_MspPostInit)
    HAL_TIM_OC_DelayElapsedCallback          0x080023a1   Thumb Code     2  stm32g4xx_hal_tim.o(i.HAL_TIM_OC_DelayElapsedCallback)
    HAL_TIM_PWM_ConfigChannel                0x080023a3   Thumb Code   292  stm32g4xx_hal_tim.o(i.HAL_TIM_PWM_ConfigChannel)
    HAL_TIM_PWM_Init                         0x080024c7   Thumb Code    98  stm32g4xx_hal_tim.o(i.HAL_TIM_PWM_Init)
    HAL_TIM_PWM_MspInit                      0x08002529   Thumb Code     2  stm32g4xx_hal_tim.o(i.HAL_TIM_PWM_MspInit)
    HAL_TIM_PWM_PulseFinishedCallback        0x0800252b   Thumb Code     2  stm32g4xx_hal_tim.o(i.HAL_TIM_PWM_PulseFinishedCallback)
    HAL_TIM_PeriodElapsedCallback            0x0800252d   Thumb Code    14  main.o(i.HAL_TIM_PeriodElapsedCallback)
    HAL_TIM_TriggerCallback                  0x08002541   Thumb Code     2  stm32g4xx_hal_tim.o(i.HAL_TIM_TriggerCallback)
    HardFault_Handler                        0x08002543   Thumb Code     2  stm32g4xx_it.o(i.HardFault_Handler)
    ILI9341_FillRectangle                    0x08002545   Thumb Code   150  ili9341.o(i.ILI9341_FillRectangle)
    ILI9341_FillScreen                       0x080025e5   Thumb Code    20  ili9341.o(i.ILI9341_FillScreen)
    ILI9341_Init                             0x080025f9   Thumb Code   468  ili9341.o(i.ILI9341_Init)
    ILI9341_Select                           0x08002835   Thumb Code    12  ili9341.o(i.ILI9341_Select)
    ILI9341_SetAddressWindow                 0x08002845   Thumb Code    88  ili9341.o(i.ILI9341_SetAddressWindow)
    ILI9341_Unselect                         0x0800289d   Thumb Code    12  ili9341.o(i.ILI9341_Unselect)
    MX_CRC_Init                              0x08002911   Thumb Code    40  crc.o(i.MX_CRC_Init)
    MX_DMA_Init                              0x08002941   Thumb Code   136  dma.o(i.MX_DMA_Init)
    MX_FREERTOS_Init                         0x080029cd   Thumb Code    30  app_freertos.o(i.MX_FREERTOS_Init)
    MX_GPIO_Init                             0x080029f5   Thumb Code   192  gpio.o(i.MX_GPIO_Init)
    MX_I2C1_Init                             0x08002ac1   Thumb Code    76  i2c.o(i.MX_I2C1_Init)
    MX_I2C3_Init                             0x08002b19   Thumb Code    76  i2c.o(i.MX_I2C3_Init)
    MX_SPI1_Init                             0x08002b71   Thumb Code    72  spi.o(i.MX_SPI1_Init)
    MX_TIM1_Init                             0x08002bc1   Thumb Code   210  tim.o(i.MX_TIM1_Init)
    MX_TIM6_Init                             0x08002c9d   Thumb Code    62  tim.o(i.MX_TIM6_Init)
    MemManage_Handler                        0x08002ce5   Thumb Code     2  stm32g4xx_it.o(i.MemManage_Handler)
    NMI_Handler                              0x08002ce7   Thumb Code     2  stm32g4xx_it.o(i.NMI_Handler)
    StartDefaultTask                         0x08002f59   Thumb Code     8  app_freertos.o(i.StartDefaultTask)
    SysTick_Handler                          0x08002f61   Thumb Code    38  port.o(i.SysTick_Handler)
    SystemClock_Config                       0x08002f8d   Thumb Code   102  main.o(i.SystemClock_Config)
    SystemInit                               0x08002ff5   Thumb Code    12  system_stm32g4xx.o(i.SystemInit)
    TIM6_DAC_IRQHandler                      0x08003005   Thumb Code     6  stm32g4xx_it.o(i.TIM6_DAC_IRQHandler)
    TIM7_IRQHandler                          0x08003011   Thumb Code     6  stm32g4xx_it.o(i.TIM7_IRQHandler)
    TIM_Base_SetConfig                       0x0800301d   Thumb Code   160  stm32g4xx_hal_tim.o(i.TIM_Base_SetConfig)
    TIM_ETR_SetConfig                        0x080030d9   Thumb Code    20  stm32g4xx_hal_tim.o(i.TIM_ETR_SetConfig)
    TIM_OC2_SetConfig                        0x0800319d   Thumb Code   120  stm32g4xx_hal_tim.o(i.TIM_OC2_SetConfig)
    UsageFault_Handler                       0x08003473   Thumb Code     2  stm32g4xx_it.o(i.UsageFault_Handler)
    main                                     0x08003495   Thumb Code    96  main.o(i.main)
    osDelay                                  0x08003501   Thumb Code    14  cmsis_os.o(i.osDelay)
    osKernelStart                            0x0800350f   Thumb Code    10  cmsis_os.o(i.osKernelStart)
    osThreadCreate                           0x08003519   Thumb Code    46  cmsis_os.o(i.osThreadCreate)
    pvPortMalloc                             0x08003875   Thumb Code   216  heap_4.o(i.pvPortMalloc)
    pxPortInitialiseStack                    0x08003951   Thumb Code    40  port.o(i.pxPortInitialiseStack)
    uxListRemove                             0x0800397d   Thumb Code    38  list.o(i.uxListRemove)
    vListInitialise                          0x080039a3   Thumb Code    22  list.o(i.vListInitialise)
    vListInitialiseItem                      0x080039b9   Thumb Code     6  list.o(i.vListInitialiseItem)
    vListInsert                              0x080039bf   Thumb Code    48  list.o(i.vListInsert)
    vListInsertEnd                           0x080039ef   Thumb Code    24  list.o(i.vListInsertEnd)
    vPortEnterCritical                       0x08003a09   Thumb Code    54  port.o(i.vPortEnterCritical)
    vPortExitCritical                        0x08003a49   Thumb Code    34  port.o(i.vPortExitCritical)
    vPortFree                                0x08003a71   Thumb Code    94  heap_4.o(i.vPortFree)
    vPortSetupTimerInterrupt                 0x08003ad5   Thumb Code    32  port.o(i.vPortSetupTimerInterrupt)
    vTaskDelay                               0x08003af9   Thumb Code    66  tasks.o(i.vTaskDelay)
    vTaskStartScheduler                      0x08003b45   Thumb Code    86  tasks.o(i.vTaskStartScheduler)
    vTaskSuspendAll                          0x08003bad   Thumb Code    10  tasks.o(i.vTaskSuspendAll)
    vTaskSwitchContext                       0x08003bbd   Thumb Code    82  tasks.o(i.vTaskSwitchContext)
    xPortStartScheduler                      0x08003c19   Thumb Code   222  port.o(i.xPortStartScheduler)
    xTaskCreate                              0x08003d0d   Thumb Code    86  tasks.o(i.xTaskCreate)
    xTaskIncrementTick                       0x08003d65   Thumb Code   194  tasks.o(i.xTaskIncrementTick)
    xTaskResumeAll                           0x08003e31   Thumb Code   182  tasks.o(i.xTaskResumeAll)
    _fp_init                                 0x08003ef5   Thumb Code    10  fpinit.o(x$fpl$fpinit)
    __fplib_config_fpu_vfp                   0x08003efd   Thumb Code     0  fpinit.o(x$fpl$fpinit)
    __fplib_config_pureend_doubles           0x08003efd   Thumb Code     0  fpinit.o(x$fpl$fpinit)
    AHBPrescTable                            0x08003f14   Data          16  system_stm32g4xx.o(.constdata)
    APBPrescTable                            0x08003f24   Data           8  system_stm32g4xx.o(.constdata)
    Region$$Table$$Base                      0x08003f38   Number         0  anon$$obj.o(Region$$Table)
    Region$$Table$$Limit                     0x08003f58   Number         0  anon$$obj.o(Region$$Table)
    defaultTaskHandle                        0x20000000   Data           4  app_freertos.o(.data)
    uwTickPrio                               0x20000004   Data           4  stm32g4xx_hal.o(.data)
    uwTickFreq                               0x20000008   Data           4  stm32g4xx_hal.o(.data)
    uwTick                                   0x2000000c   Data           4  stm32g4xx_hal.o(.data)
    SystemCoreClock                          0x20000010   Data           4  system_stm32g4xx.o(.data)
    pxCurrentTCB                             0x20000014   Data           4  tasks.o(.data)
    hcrc                                     0x2000007c   Data          36  crc.o(.bss)
    hi2c1                                    0x200000a0   Data          84  i2c.o(.bss)
    hi2c3                                    0x200000f4   Data          84  i2c.o(.bss)
    hdma_i2c1_rx                             0x20000148   Data          96  i2c.o(.bss)
    hdma_i2c1_tx                             0x200001a8   Data          96  i2c.o(.bss)
    hdma_i2c3_rx                             0x20000208   Data          96  i2c.o(.bss)
    hdma_i2c3_tx                             0x20000268   Data          96  i2c.o(.bss)
    hspi1                                    0x200002c8   Data         100  spi.o(.bss)
    hdma_spi1_rx                             0x2000032c   Data          96  spi.o(.bss)
    hdma_spi1_tx                             0x2000038c   Data          96  spi.o(.bss)
    htim1                                    0x200003ec   Data          76  tim.o(.bss)
    htim6                                    0x20000438   Data          76  tim.o(.bss)
    htim7                                    0x20000484   Data          76  stm32g4xx_hal_timebase_tim.o(.bss)
    __libspace_start                         0x200011c0   Data          96  libspace.o(.bss)
    __temporary_stack_top$libspace           0x20001220   Data           0  libspace.o(.bss)



==============================================================================

Memory Map of the image

  Image Entry point : 0x080001d9

  Load Region LR_IROM1 (Base: 0x08000000, Size: 0x00003fd4, Max: 0x0001c000, ABSOLUTE)

    Execution Region ER_IROM1 (Exec base: 0x08000000, Load base: 0x08000000, Size: 0x00003f58, Max: 0x0001c000, ABSOLUTE)

    Exec Addr    Load Addr    Size         Type   Attr      Idx    E Section Name        Object

    0x08000000   0x08000000   0x000001d8   Data   RO            3    RESET               startup_stm32g431xx.o
    0x080001d8   0x080001d8   0x00000008   Code   RO         5841  * !!!main             c_w.l(__main.o)
    0x080001e0   0x080001e0   0x00000034   Code   RO         6002    !!!scatter          c_w.l(__scatter.o)
    0x08000214   0x08000214   0x0000001a   Code   RO         6004    !!handler_copy      c_w.l(__scatter_copy.o)
    0x0800022e   0x0800022e   0x00000002   PAD
    0x08000230   0x08000230   0x0000001c   Code   RO         6006    !!handler_zi        c_w.l(__scatter_zi.o)
    0x0800024c   0x0800024c   0x00000002   Code   RO         5870    .ARM.Collect$$libinit$$00000000  c_w.l(libinit.o)
    0x0800024e   0x0800024e   0x00000004   Code   RO         5876    .ARM.Collect$$libinit$$00000001  c_w.l(libinit2.o)
    0x08000252   0x08000252   0x00000000   Code   RO         5879    .ARM.Collect$$libinit$$00000004  c_w.l(libinit2.o)
    0x08000252   0x08000252   0x00000000   Code   RO         5882    .ARM.Collect$$libinit$$0000000A  c_w.l(libinit2.o)
    0x08000252   0x08000252   0x00000000   Code   RO         5884    .ARM.Collect$$libinit$$0000000C  c_w.l(libinit2.o)
    0x08000252   0x08000252   0x00000000   Code   RO         5886    .ARM.Collect$$libinit$$0000000E  c_w.l(libinit2.o)
    0x08000252   0x08000252   0x00000000   Code   RO         5889    .ARM.Collect$$libinit$$00000011  c_w.l(libinit2.o)
    0x08000252   0x08000252   0x00000000   Code   RO         5891    .ARM.Collect$$libinit$$00000013  c_w.l(libinit2.o)
    0x08000252   0x08000252   0x00000000   Code   RO         5893    .ARM.Collect$$libinit$$00000015  c_w.l(libinit2.o)
    0x08000252   0x08000252   0x00000000   Code   RO         5895    .ARM.Collect$$libinit$$00000017  c_w.l(libinit2.o)
    0x08000252   0x08000252   0x00000000   Code   RO         5897    .ARM.Collect$$libinit$$00000019  c_w.l(libinit2.o)
    0x08000252   0x08000252   0x00000000   Code   RO         5899    .ARM.Collect$$libinit$$0000001B  c_w.l(libinit2.o)
    0x08000252   0x08000252   0x00000000   Code   RO         5901    .ARM.Collect$$libinit$$0000001D  c_w.l(libinit2.o)
    0x08000252   0x08000252   0x00000000   Code   RO         5903    .ARM.Collect$$libinit$$0000001F  c_w.l(libinit2.o)
    0x08000252   0x08000252   0x00000000   Code   RO         5905    .ARM.Collect$$libinit$$00000021  c_w.l(libinit2.o)
    0x08000252   0x08000252   0x00000000   Code   RO         5907    .ARM.Collect$$libinit$$00000023  c_w.l(libinit2.o)
    0x08000252   0x08000252   0x00000000   Code   RO         5909    .ARM.Collect$$libinit$$00000025  c_w.l(libinit2.o)
    0x08000252   0x08000252   0x00000000   Code   RO         5913    .ARM.Collect$$libinit$$0000002C  c_w.l(libinit2.o)
    0x08000252   0x08000252   0x00000000   Code   RO         5915    .ARM.Collect$$libinit$$0000002E  c_w.l(libinit2.o)
    0x08000252   0x08000252   0x00000000   Code   RO         5917    .ARM.Collect$$libinit$$00000030  c_w.l(libinit2.o)
    0x08000252   0x08000252   0x00000000   Code   RO         5919    .ARM.Collect$$libinit$$00000032  c_w.l(libinit2.o)
    0x08000252   0x08000252   0x00000002   Code   RO         5920    .ARM.Collect$$libinit$$00000033  c_w.l(libinit2.o)
    0x08000254   0x08000254   0x00000002   Code   RO         5940    .ARM.Collect$$libshutdown$$00000000  c_w.l(libshutdown.o)
    0x08000256   0x08000256   0x00000000   Code   RO         5953    .ARM.Collect$$libshutdown$$00000002  c_w.l(libshutdown2.o)
    0x08000256   0x08000256   0x00000000   Code   RO         5955    .ARM.Collect$$libshutdown$$00000004  c_w.l(libshutdown2.o)
    0x08000256   0x08000256   0x00000000   Code   RO         5957    .ARM.Collect$$libshutdown$$00000006  c_w.l(libshutdown2.o)
    0x08000256   0x08000256   0x00000000   Code   RO         5960    .ARM.Collect$$libshutdown$$00000009  c_w.l(libshutdown2.o)
    0x08000256   0x08000256   0x00000000   Code   RO         5963    .ARM.Collect$$libshutdown$$0000000C  c_w.l(libshutdown2.o)
    0x08000256   0x08000256   0x00000000   Code   RO         5965    .ARM.Collect$$libshutdown$$0000000E  c_w.l(libshutdown2.o)
    0x08000256   0x08000256   0x00000000   Code   RO         5968    .ARM.Collect$$libshutdown$$00000011  c_w.l(libshutdown2.o)
    0x08000256   0x08000256   0x00000002   Code   RO         5969    .ARM.Collect$$libshutdown$$00000012  c_w.l(libshutdown2.o)
    0x08000258   0x08000258   0x00000000   Code   RO         5843    .ARM.Collect$$rtentry$$00000000  c_w.l(__rtentry.o)
    0x08000258   0x08000258   0x00000000   Code   RO         5847    .ARM.Collect$$rtentry$$00000002  c_w.l(__rtentry2.o)
    0x08000258   0x08000258   0x00000006   Code   RO         5859    .ARM.Collect$$rtentry$$00000004  c_w.l(__rtentry4.o)
    0x0800025e   0x0800025e   0x00000000   Code   RO         5849    .ARM.Collect$$rtentry$$00000009  c_w.l(__rtentry2.o)
    0x0800025e   0x0800025e   0x00000004   Code   RO         5850    .ARM.Collect$$rtentry$$0000000A  c_w.l(__rtentry2.o)
    0x08000262   0x08000262   0x00000000   Code   RO         5852    .ARM.Collect$$rtentry$$0000000C  c_w.l(__rtentry2.o)
    0x08000262   0x08000262   0x00000008   Code   RO         5853    .ARM.Collect$$rtentry$$0000000D  c_w.l(__rtentry2.o)
    0x0800026a   0x0800026a   0x00000002   Code   RO         5874    .ARM.Collect$$rtexit$$00000000  c_w.l(rtexit.o)
    0x0800026c   0x0800026c   0x00000000   Code   RO         5922    .ARM.Collect$$rtexit$$00000002  c_w.l(rtexit2.o)
    0x0800026c   0x0800026c   0x00000004   Code   RO         5923    .ARM.Collect$$rtexit$$00000003  c_w.l(rtexit2.o)
    0x08000270   0x08000270   0x00000006   Code   RO         5924    .ARM.Collect$$rtexit$$00000004  c_w.l(rtexit2.o)
    0x08000276   0x08000276   0x00000002   PAD
    0x08000278   0x08000278   0x000000be   Code   RO         5752    .emb_text           port.o
    0x08000336   0x08000336   0x00000002   PAD
    0x08000338   0x08000338   0x00000040   Code   RO            4    .text               startup_stm32g431xx.o
    0x08000378   0x08000378   0x00000064   Code   RO         5833    .text               c_w.l(rt_memcpy_w.o)
    0x080003dc   0x080003dc   0x0000004e   Code   RO         5837    .text               c_w.l(rt_memclr_w.o)
    0x0800042a   0x0800042a   0x00000006   Code   RO         5839    .text               c_w.l(heapauxi.o)
    0x08000430   0x08000430   0x0000004a   Code   RO         5861    .text               c_w.l(sys_stackheap_outer.o)
    0x0800047a   0x0800047a   0x00000012   Code   RO         5863    .text               c_w.l(exit.o)
    0x0800048c   0x0800048c   0x00000008   Code   RO         5871    .text               c_w.l(libspace.o)
    0x08000494   0x08000494   0x0000000c   Code   RO         5932    .text               c_w.l(sys_exit.o)
    0x080004a0   0x080004a0   0x00000002   Code   RO         5943    .text               c_w.l(use_no_semi.o)
    0x080004a2   0x080004a2   0x00000000   Code   RO         5945    .text               c_w.l(indicate_semi.o)
    0x080004a2   0x080004a2   0x00000002   Code   RO          519    i.BusFault_Handler  stm32g4xx_it.o
    0x080004a4   0x080004a4   0x0000000c   Code   RO          520    i.DMA1_Channel1_IRQHandler  stm32g4xx_it.o
    0x080004b0   0x080004b0   0x0000000c   Code   RO          521    i.DMA1_Channel2_IRQHandler  stm32g4xx_it.o
    0x080004bc   0x080004bc   0x0000000c   Code   RO          522    i.DMA1_Channel3_IRQHandler  stm32g4xx_it.o
    0x080004c8   0x080004c8   0x0000000c   Code   RO          523    i.DMA1_Channel4_IRQHandler  stm32g4xx_it.o
    0x080004d4   0x080004d4   0x0000000c   Code   RO          524    i.DMA1_Channel5_IRQHandler  stm32g4xx_it.o
    0x080004e0   0x080004e0   0x0000000c   Code   RO          525    i.DMA1_Channel6_IRQHandler  stm32g4xx_it.o
    0x080004ec   0x080004ec   0x00000040   Code   RO         1645    i.DMA_CalcDMAMUXChannelBaseAndMask  stm32g4xx_hal_dma.o
    0x0800052c   0x0800052c   0x00000024   Code   RO         1646    i.DMA_CalcDMAMUXRequestGenBaseAndMask  stm32g4xx_hal_dma.o
    0x08000550   0x08000550   0x0000003e   Code   RO         1647    i.DMA_SetConfig     stm32g4xx_hal_dma.o
    0x0800058e   0x0800058e   0x00000002   Code   RO          526    i.DebugMon_Handler  stm32g4xx_it.o
    0x08000590   0x08000590   0x00000004   Code   RO           13    i.Error_Handler     main.o
    0x08000594   0x08000594   0x00000054   Code   RO          760    i.HAL_CRCEx_Polynomial_Set  stm32g4xx_hal_crc_ex.o
    0x080005e8   0x080005e8   0x00000074   Code   RO          694    i.HAL_CRC_Init      stm32g4xx_hal_crc.o
    0x0800065c   0x0800065c   0x00000028   Code   RO          310    i.HAL_CRC_MspInit   crc.o
    0x08000684   0x08000684   0x000000ba   Code   RO         1653    i.HAL_DMA_IRQHandler  stm32g4xx_hal_dma.o
    0x0800073e   0x0800073e   0x00000002   PAD
    0x08000740   0x08000740   0x000000c0   Code   RO         1654    i.HAL_DMA_Init      stm32g4xx_hal_dma.o
    0x08000800   0x08000800   0x0000008c   Code   RO         1658    i.HAL_DMA_Start_IT  stm32g4xx_hal_dma.o
    0x0800088c   0x0800088c   0x00000024   Code   RO          801    i.HAL_Delay         stm32g4xx_hal.o
    0x080008b0   0x080008b0   0x00000248   Code   RO         1510    i.HAL_GPIO_Init     stm32g4xx_hal_gpio.o
    0x08000af8   0x08000af8   0x0000000a   Code   RO         1514    i.HAL_GPIO_WritePin  stm32g4xx_hal_gpio.o
    0x08000b02   0x08000b02   0x00000002   PAD
    0x08000b04   0x08000b04   0x0000000c   Code   RO          805    i.HAL_GetTick       stm32g4xx_hal.o
    0x08000b10   0x08000b10   0x00000056   Code   RO         2771    i.HAL_I2CEx_ConfigAnalogFilter  stm32g4xx_hal_i2c_ex.o
    0x08000b66   0x08000b66   0x00000052   Code   RO         2772    i.HAL_I2CEx_ConfigDigitalFilter  stm32g4xx_hal_i2c_ex.o
    0x08000bb8   0x08000bb8   0x000000bc   Code   RO         2310    i.HAL_I2C_Init      stm32g4xx_hal_i2c.o
    0x08000c74   0x08000c74   0x000001e8   Code   RO          376    i.HAL_I2C_MspInit   i2c.o
    0x08000e5c   0x08000e5c   0x00000010   Code   RO          811    i.HAL_IncTick       stm32g4xx_hal.o
    0x08000e6c   0x08000e6c   0x0000001e   Code   RO          812    i.HAL_Init          stm32g4xx_hal.o
    0x08000e8a   0x08000e8a   0x00000002   PAD
    0x08000e8c   0x08000e8c   0x00000088   Code   RO          649    i.HAL_InitTick      stm32g4xx_hal_timebase_tim.o
    0x08000f14   0x08000f14   0x0000003c   Code   RO          625    i.HAL_MspInit       stm32g4xx_hal_msp.o
    0x08000f50   0x08000f50   0x0000001a   Code   RO         2159    i.HAL_NVIC_EnableIRQ  stm32g4xx_hal_cortex.o
    0x08000f6a   0x08000f6a   0x00000002   PAD
    0x08000f6c   0x08000f6c   0x00000040   Code   RO         2165    i.HAL_NVIC_SetPriority  stm32g4xx_hal_cortex.o
    0x08000fac   0x08000fac   0x00000024   Code   RO         2166    i.HAL_NVIC_SetPriorityGrouping  stm32g4xx_hal_cortex.o
    0x08000fd0   0x08000fd0   0x000000bc   Code   RO         1913    i.HAL_PWREx_ControlVoltageScaling  stm32g4xx_hal_pwr_ex.o
    0x0800108c   0x0800108c   0x00000010   Code   RO         1925    i.HAL_PWREx_DisableUCPDDeadBattery  stm32g4xx_hal_pwr_ex.o
    0x0800109c   0x0800109c   0x00000288   Code   RO         1172    i.HAL_RCCEx_PeriphCLKConfig  stm32g4xx_hal_rcc_ex.o
    0x08001324   0x08001324   0x000001dc   Code   RO         1047    i.HAL_RCC_ClockConfig  stm32g4xx_hal_rcc.o
    0x08001500   0x08001500   0x00000040   Code   RO         1052    i.HAL_RCC_GetClockConfig  stm32g4xx_hal_rcc.o
    0x08001540   0x08001540   0x00000024   Code   RO         1055    i.HAL_RCC_GetPCLK1Freq  stm32g4xx_hal_rcc.o
    0x08001564   0x08001564   0x00000070   Code   RO         1057    i.HAL_RCC_GetSysClockFreq  stm32g4xx_hal_rcc.o
    0x080015d4   0x080015d4   0x00000404   Code   RO         1060    i.HAL_RCC_OscConfig  stm32g4xx_hal_rcc.o
    0x080019d8   0x080019d8   0x00000002   Code   RO         2832    i.HAL_SPI_ErrorCallback  stm32g4xx_hal_spi.o
    0x080019da   0x080019da   0x000000ea   Code   RO         2836    i.HAL_SPI_Init      stm32g4xx_hal_spi.o
    0x08001ac4   0x08001ac4   0x000000c4   Code   RO          424    i.HAL_SPI_MspInit   spi.o
    0x08001b88   0x08001b88   0x0000018e   Code   RO         2844    i.HAL_SPI_Transmit  stm32g4xx_hal_spi.o
    0x08001d16   0x08001d16   0x00000002   PAD
    0x08001d18   0x08001d18   0x00000114   Code   RO         2848    i.HAL_SPI_Transmit_DMA  stm32g4xx_hal_spi.o
    0x08001e2c   0x08001e2c   0x00000002   Code   RO         2850    i.HAL_SPI_TxCpltCallback  stm32g4xx_hal_spi.o
    0x08001e2e   0x08001e2e   0x00000002   Code   RO         2851    i.HAL_SPI_TxHalfCpltCallback  stm32g4xx_hal_spi.o
    0x08001e30   0x08001e30   0x00000002   Code   RO         3892    i.HAL_TIMEx_Break2Callback  stm32g4xx_hal_tim_ex.o
    0x08001e32   0x08001e32   0x00000002   Code   RO         3893    i.HAL_TIMEx_BreakCallback  stm32g4xx_hal_tim_ex.o
    0x08001e34   0x08001e34   0x00000002   Code   RO         3894    i.HAL_TIMEx_CommutCallback  stm32g4xx_hal_tim_ex.o
    0x08001e36   0x08001e36   0x00000002   PAD
    0x08001e38   0x08001e38   0x0000009c   Code   RO         3897    i.HAL_TIMEx_ConfigBreakDeadTime  stm32g4xx_hal_tim_ex.o
    0x08001ed4   0x08001ed4   0x00000002   Code   RO         3905    i.HAL_TIMEx_DirectionChangeCallback  stm32g4xx_hal_tim_ex.o
    0x08001ed6   0x08001ed6   0x00000002   Code   RO         3919    i.HAL_TIMEx_EncoderIndexCallback  stm32g4xx_hal_tim_ex.o
    0x08001ed8   0x08001ed8   0x00000002   Code   RO         3933    i.HAL_TIMEx_IndexErrorCallback  stm32g4xx_hal_tim_ex.o
    0x08001eda   0x08001eda   0x00000002   PAD
    0x08001edc   0x08001edc   0x0000009c   Code   RO         3934    i.HAL_TIMEx_MasterConfigSynchronization  stm32g4xx_hal_tim_ex.o
    0x08001f78   0x08001f78   0x00000002   Code   RO         3955    i.HAL_TIMEx_TransitionErrorCallback  stm32g4xx_hal_tim_ex.o
    0x08001f7a   0x08001f7a   0x00000062   Code   RO         3178    i.HAL_TIM_Base_Init  stm32g4xx_hal_tim.o
    0x08001fdc   0x08001fdc   0x00000054   Code   RO          466    i.HAL_TIM_Base_MspInit  tim.o
    0x08002030   0x08002030   0x00000078   Code   RO         3183    i.HAL_TIM_Base_Start_IT  stm32g4xx_hal_tim.o
    0x080020a8   0x080020a8   0x00000100   Code   RO         3187    i.HAL_TIM_ConfigClockSource  stm32g4xx_hal_tim.o
    0x080021a8   0x080021a8   0x00000002   Code   RO         3212    i.HAL_TIM_IC_CaptureCallback  stm32g4xx_hal_tim.o
    0x080021aa   0x080021aa   0x000001a2   Code   RO         3226    i.HAL_TIM_IRQHandler  stm32g4xx_hal_tim.o
    0x0800234c   0x0800234c   0x00000054   Code   RO          467    i.HAL_TIM_MspPostInit  tim.o
    0x080023a0   0x080023a0   0x00000002   Code   RO         3229    i.HAL_TIM_OC_DelayElapsedCallback  stm32g4xx_hal_tim.o
    0x080023a2   0x080023a2   0x00000124   Code   RO         3250    i.HAL_TIM_PWM_ConfigChannel  stm32g4xx_hal_tim.o
    0x080024c6   0x080024c6   0x00000062   Code   RO         3253    i.HAL_TIM_PWM_Init  stm32g4xx_hal_tim.o
    0x08002528   0x08002528   0x00000002   Code   RO         3255    i.HAL_TIM_PWM_MspInit  stm32g4xx_hal_tim.o
    0x0800252a   0x0800252a   0x00000002   Code   RO         3256    i.HAL_TIM_PWM_PulseFinishedCallback  stm32g4xx_hal_tim.o
    0x0800252c   0x0800252c   0x00000014   Code   RO           14    i.HAL_TIM_PeriodElapsedCallback  main.o
    0x08002540   0x08002540   0x00000002   Code   RO         3269    i.HAL_TIM_TriggerCallback  stm32g4xx_hal_tim.o
    0x08002542   0x08002542   0x00000002   Code   RO          527    i.HardFault_Handler  stm32g4xx_it.o
    0x08002544   0x08002544   0x000000a0   Code   RO         4378    i.ILI9341_FillRectangle  ili9341.o
    0x080025e4   0x080025e4   0x00000014   Code   RO         4379    i.ILI9341_FillScreen  ili9341.o
    0x080025f8   0x080025f8   0x0000023c   Code   RO         4380    i.ILI9341_Init      ili9341.o
    0x08002834   0x08002834   0x00000010   Code   RO         4382    i.ILI9341_Select    ili9341.o
    0x08002844   0x08002844   0x00000058   Code   RO         4383    i.ILI9341_SetAddressWindow  ili9341.o
    0x0800289c   0x0800289c   0x00000010   Code   RO         4384    i.ILI9341_Unselect  ili9341.o
    0x080028ac   0x080028ac   0x00000020   Code   RO         4386    i.ILI9341_WriteCommand  ili9341.o
    0x080028cc   0x080028cc   0x00000044   Code   RO         4387    i.ILI9341_WriteData  ili9341.o
    0x08002910   0x08002910   0x00000030   Code   RO          311    i.MX_CRC_Init       crc.o
    0x08002940   0x08002940   0x0000008c   Code   RO          351    i.MX_DMA_Init       dma.o
    0x080029cc   0x080029cc   0x00000028   Code   RO          266    i.MX_FREERTOS_Init  app_freertos.o
    0x080029f4   0x080029f4   0x000000cc   Code   RO          242    i.MX_GPIO_Init      gpio.o
    0x08002ac0   0x08002ac0   0x00000058   Code   RO          377    i.MX_I2C1_Init      i2c.o
    0x08002b18   0x08002b18   0x00000058   Code   RO          378    i.MX_I2C3_Init      i2c.o
    0x08002b70   0x08002b70   0x00000050   Code   RO          425    i.MX_SPI1_Init      spi.o
    0x08002bc0   0x08002bc0   0x000000dc   Code   RO          468    i.MX_TIM1_Init      tim.o
    0x08002c9c   0x08002c9c   0x00000048   Code   RO          469    i.MX_TIM6_Init      tim.o
    0x08002ce4   0x08002ce4   0x00000002   Code   RO          528    i.MemManage_Handler  stm32g4xx_it.o
    0x08002ce6   0x08002ce6   0x00000002   Code   RO          529    i.NMI_Handler       stm32g4xx_it.o
    0x08002ce8   0x08002ce8   0x00000022   Code   RO         2864    i.SPI_DMAError      stm32g4xx_hal_spi.o
    0x08002d0a   0x08002d0a   0x0000000a   Code   RO         2866    i.SPI_DMAHalfTransmitCplt  stm32g4xx_hal_spi.o
    0x08002d14   0x08002d14   0x00000064   Code   RO         2870    i.SPI_DMATransmitCplt  stm32g4xx_hal_spi.o
    0x08002d78   0x08002d78   0x00000048   Code   RO         2874    i.SPI_EndRxTxTransaction  stm32g4xx_hal_spi.o
    0x08002dc0   0x08002dc0   0x000000e0   Code   RO         2879    i.SPI_WaitFifoStateUntilTimeout  stm32g4xx_hal_spi.o
    0x08002ea0   0x08002ea0   0x000000b8   Code   RO         2880    i.SPI_WaitFlagStateUntilTimeout  stm32g4xx_hal_spi.o
    0x08002f58   0x08002f58   0x00000008   Code   RO          267    i.StartDefaultTask  app_freertos.o
    0x08002f60   0x08002f60   0x0000002c   Code   RO         5753    i.SysTick_Handler   port.o
    0x08002f8c   0x08002f8c   0x00000066   Code   RO           15    i.SystemClock_Config  main.o
    0x08002ff2   0x08002ff2   0x00000002   PAD
    0x08002ff4   0x08002ff4   0x00000010   Code   RO         4322    i.SystemInit        system_stm32g4xx.o
    0x08003004   0x08003004   0x0000000c   Code   RO          530    i.TIM6_DAC_IRQHandler  stm32g4xx_it.o
    0x08003010   0x08003010   0x0000000c   Code   RO          531    i.TIM7_IRQHandler   stm32g4xx_it.o
    0x0800301c   0x0800301c   0x000000bc   Code   RO         3271    i.TIM_Base_SetConfig  stm32g4xx_hal_tim.o
    0x080030d8   0x080030d8   0x00000014   Code   RO         3282    i.TIM_ETR_SetConfig  stm32g4xx_hal_tim.o
    0x080030ec   0x080030ec   0x00000014   Code   RO         3283    i.TIM_ITRx_SetConfig  stm32g4xx_hal_tim.o
    0x08003100   0x08003100   0x0000009c   Code   RO         3284    i.TIM_OC1_SetConfig  stm32g4xx_hal_tim.o
    0x0800319c   0x0800319c   0x00000090   Code   RO         3285    i.TIM_OC2_SetConfig  stm32g4xx_hal_tim.o
    0x0800322c   0x0800322c   0x00000090   Code   RO         3286    i.TIM_OC3_SetConfig  stm32g4xx_hal_tim.o
    0x080032bc   0x080032bc   0x00000090   Code   RO         3287    i.TIM_OC4_SetConfig  stm32g4xx_hal_tim.o
    0x0800334c   0x0800334c   0x00000070   Code   RO         3288    i.TIM_OC5_SetConfig  stm32g4xx_hal_tim.o
    0x080033bc   0x080033bc   0x00000070   Code   RO         3289    i.TIM_OC6_SetConfig  stm32g4xx_hal_tim.o
    0x0800342c   0x0800342c   0x00000022   Code   RO         3291    i.TIM_TI1_ConfigInputStage  stm32g4xx_hal_tim.o
    0x0800344e   0x0800344e   0x00000024   Code   RO         3293    i.TIM_TI2_ConfigInputStage  stm32g4xx_hal_tim.o
    0x08003472   0x08003472   0x00000002   Code   RO          532    i.UsageFault_Handler  stm32g4xx_it.o
    0x08003474   0x08003474   0x00000020   Code   RO         2172    i.__NVIC_SetPriority  stm32g4xx_hal_cortex.o
    0x08003494   0x08003494   0x00000060   Code   RO           16    i.main              main.o
    0x080034f4   0x080034f4   0x0000000c   Code   RO         5318    i.makeFreeRtosPriority  cmsis_os.o
    0x08003500   0x08003500   0x0000000e   Code   RO         5320    i.osDelay           cmsis_os.o
    0x0800350e   0x0800350e   0x0000000a   Code   RO         5323    i.osKernelStart     cmsis_os.o
    0x08003518   0x08003518   0x0000002e   Code   RO         5357    i.osThreadCreate    cmsis_os.o
    0x08003546   0x08003546   0x00000002   PAD
    0x08003548   0x08003548   0x00000070   Code   RO         5006    i.prvAddCurrentTaskToDelayedList  tasks.o
    0x080035b8   0x080035b8   0x000000d0   Code   RO         5007    i.prvAddNewTaskToReadyList  tasks.o
    0x08003688   0x08003688   0x00000014   Code   RO         5008    i.prvDeleteTCB      tasks.o
    0x0800369c   0x0800369c   0x0000004c   Code   RO         5685    i.prvHeapInit       heap_4.o
    0x080036e8   0x080036e8   0x00000060   Code   RO         5009    i.prvIdleTask       tasks.o
    0x08003748   0x08003748   0x00000098   Code   RO         5010    i.prvInitialiseNewTask  tasks.o
    0x080037e0   0x080037e0   0x0000004c   Code   RO         5686    i.prvInsertBlockIntoFreeList  heap_4.o
    0x0800382c   0x0800382c   0x00000020   Code   RO         5011    i.prvResetNextTaskUnblockTime  tasks.o
    0x0800384c   0x0800384c   0x00000028   Code   RO         5754    i.prvTaskExitError  port.o
    0x08003874   0x08003874   0x000000dc   Code   RO         5687    i.pvPortMalloc      heap_4.o
    0x08003950   0x08003950   0x0000002c   Code   RO         5755    i.pxPortInitialiseStack  port.o
    0x0800397c   0x0800397c   0x00000026   Code   RO         4670    i.uxListRemove      list.o
    0x080039a2   0x080039a2   0x00000016   Code   RO         4671    i.vListInitialise   list.o
    0x080039b8   0x080039b8   0x00000006   Code   RO         4672    i.vListInitialiseItem  list.o
    0x080039be   0x080039be   0x00000030   Code   RO         4673    i.vListInsert       list.o
    0x080039ee   0x080039ee   0x00000018   Code   RO         4674    i.vListInsertEnd    list.o
    0x08003a06   0x08003a06   0x00000002   PAD
    0x08003a08   0x08003a08   0x00000040   Code   RO         5757    i.vPortEnterCritical  port.o
    0x08003a48   0x08003a48   0x00000028   Code   RO         5758    i.vPortExitCritical  port.o
    0x08003a70   0x08003a70   0x00000064   Code   RO         5688    i.vPortFree         heap_4.o
    0x08003ad4   0x08003ad4   0x00000024   Code   RO         5759    i.vPortSetupTimerInterrupt  port.o
    0x08003af8   0x08003af8   0x0000004c   Code   RO         5020    i.vTaskDelay        tasks.o
    0x08003b44   0x08003b44   0x00000068   Code   RO         5033    i.vTaskStartScheduler  tasks.o
    0x08003bac   0x08003bac   0x00000010   Code   RO         5035    i.vTaskSuspendAll   tasks.o
    0x08003bbc   0x08003bbc   0x0000005c   Code   RO         5036    i.vTaskSwitchContext  tasks.o
    0x08003c18   0x08003c18   0x000000f4   Code   RO         5761    i.xPortStartScheduler  port.o
    0x08003d0c   0x08003d0c   0x00000056   Code   RO         5039    i.xTaskCreate       tasks.o
    0x08003d62   0x08003d62   0x00000002   PAD
    0x08003d64   0x08003d64   0x000000cc   Code   RO         5046    i.xTaskIncrementTick  tasks.o
    0x08003e30   0x08003e30   0x000000c4   Code   RO         5052    i.xTaskResumeAll    tasks.o
    0x08003ef4   0x08003ef4   0x0000000a   Code   RO         5930    x$fpl$fpinit        fz_wm.l(fpinit.o)
    0x08003efe   0x08003efe   0x00000002   PAD
    0x08003f00   0x08003f00   0x00000014   Data   RO          268    .constdata          app_freertos.o
    0x08003f14   0x08003f14   0x00000010   Data   RO         4323    .constdata          system_stm32g4xx.o
    0x08003f24   0x08003f24   0x00000008   Data   RO         4324    .constdata          system_stm32g4xx.o
    0x08003f2c   0x08003f2c   0x0000000c   Data   RO          269    .conststring        app_freertos.o
    0x08003f38   0x08003f38   0x00000020   Data   RO         6000    Region$$Table       anon$$obj.o


    Execution Region RW_IRAM1 (Exec base: 0x20000000, Load base: 0x08003f58, Size: 0x00007220, Max: 0x00008000, ABSOLUTE)

    Exec Addr    Load Addr    Size         Type   Attr      Idx    E Section Name        Object

    0x20000000   0x08003f58   0x00000004   Data   RW          270    .data               app_freertos.o
    0x20000004   0x08003f5c   0x0000000c   Data   RW          832    .data               stm32g4xx_hal.o
    0x20000010   0x08003f68   0x00000004   Data   RW         4325    .data               system_stm32g4xx.o
    0x20000014   0x08003f6c   0x0000003c   Data   RW         5055    .data               tasks.o
    0x20000050   0x08003fa8   0x00000020   Data   RW         5694    .data               heap_4.o
    0x20000070   0x08003fc8   0x0000000c   Data   RW         5762    .data               port.o
    0x2000007c        -       0x00000024   Zero   RW          312    .bss                crc.o
    0x200000a0        -       0x00000228   Zero   RW          379    .bss                i2c.o
    0x200002c8        -       0x00000124   Zero   RW          426    .bss                spi.o
    0x200003ec        -       0x00000098   Zero   RW          470    .bss                tim.o
    0x20000484        -       0x0000004c   Zero   RW          652    .bss                stm32g4xx_hal_timebase_tim.o
    0x200004d0        -       0x000000f0   Zero   RW         5054    .bss                tasks.o
    0x200005c0        -       0x00000c00   Zero   RW         5693    .bss                heap_4.o
    0x200011c0        -       0x00000060   Zero   RW         5872    .bss                c_w.l(libspace.o)
    0x20001220        -       0x00002000   Zero   RW            2    HEAP                startup_stm32g431xx.o
    0x20003220        -       0x00004000   Zero   RW            1    STACK               startup_stm32g431xx.o


==============================================================================

Image component sizes


      Code (inc. data)   RO Data    RW Data    ZI Data      Debug   Object Name

        48         10         32          4          0       1786   app_freertos.o
        82          0          0          0          0      13017   cmsis_os.o
        88         18          0          0         36       1583   crc.o
       140          4          0          0          0        874   dma.o
         0          0          0          0          0       7664   event_groups.o
       204         12          0          0          0       1011   gpio.o
       472         24          0         32       3072       7487   heap_4.o
       664         56          0          0        552       2994   i2c.o
       972        140          0          0          0       7019   ili9341.o
       138          0          0          0          0       3602   list.o
       222          6          0          0          0     660624   main.o
       702         72          0         12          0      11108   port.o
       276         26          0          0        292       1903   spi.o
        64         26        472          0      24576        856   startup_stm32g431xx.o
        94         14          0         12          0       3702   stm32g4xx_hal.o
       158         14          0          0          0      33094   stm32g4xx_hal_cortex.o
       116          4          0          0          0       1187   stm32g4xx_hal_crc.o
        84          0          0          0          0       1295   stm32g4xx_hal_crc_ex.o
       680         30          0          0          0       5143   stm32g4xx_hal_dma.o
       594         34          0          0          0       2380   stm32g4xx_hal_gpio.o
       188          4          0          0          0       3267   stm32g4xx_hal_i2c.o
       168          0          0          0          0       1947   stm32g4xx_hal_i2c_ex.o
        60          6          0          0          0        894   stm32g4xx_hal_msp.o
       204         18          0          0          0       1425   stm32g4xx_hal_pwr_ex.o
      1716         90          0          0          0       6398   stm32g4xx_hal_rcc.o
       648         10          0          0          0       1908   stm32g4xx_hal_rcc_ex.o
      1538         24          0          0          0      10439   stm32g4xx_hal_spi.o
      2402        224          0          0          0      17626   stm32g4xx_hal_tim.o
       326         32          0          0          0       6420   stm32g4xx_hal_tim_ex.o
       136         20          0          0         76       1455   stm32g4xx_hal_timebase_tim.o
       108         48          0          0          0       6751   stm32g4xx_it.o
        16          4         24          4          0       1163   system_stm32g4xx.o
      1394        112          0         60        240      18042   tasks.o
       460         42          0          0        152       3181   tim.o

    ----------------------------------------------------------------------
     15186       1124        560        124      28996     849245   Object Totals
         0          0         32          0          0          0   (incl. Generated)
        24          0          0          0          0          0   (incl. Padding)

    ----------------------------------------------------------------------

      Code (inc. data)   RO Data    RW Data    ZI Data      Debug   Library Member Name

         8          0          0          0          0         68   __main.o
         0          0          0          0          0          0   __rtentry.o
        12          0          0          0          0          0   __rtentry2.o
         6          0          0          0          0          0   __rtentry4.o
        52          8          0          0          0          0   __scatter.o
        26          0          0          0          0          0   __scatter_copy.o
        28          0          0          0          0          0   __scatter_zi.o
        18          0          0          0          0         80   exit.o
         6          0          0          0          0        152   heapauxi.o
         0          0          0          0          0          0   indicate_semi.o
         2          0          0          0          0          0   libinit.o
         6          0          0          0          0          0   libinit2.o
         2          0          0          0          0          0   libshutdown.o
         2          0          0          0          0          0   libshutdown2.o
         8          4          0          0         96         68   libspace.o
        78          0          0          0          0         80   rt_memclr_w.o
       100          0          0          0          0         80   rt_memcpy_w.o
         2          0          0          0          0          0   rtexit.o
        10          0          0          0          0          0   rtexit2.o
        12          4          0          0          0         68   sys_exit.o
        74          0          0          0          0         80   sys_stackheap_outer.o
         2          0          0          0          0         68   use_no_semi.o
        10          0          0          0          0        116   fpinit.o

    ----------------------------------------------------------------------
       470         16          0          0         96        860   Library Totals
         6          0          0          0          0          0   (incl. Padding)

    ----------------------------------------------------------------------

      Code (inc. data)   RO Data    RW Data    ZI Data      Debug   Library Name

       454         16          0          0         96        744   c_w.l
        10          0          0          0          0        116   fz_wm.l

    ----------------------------------------------------------------------
       470         16          0          0         96        860   Library Totals

    ----------------------------------------------------------------------

==============================================================================


      Code (inc. data)   RO Data    RW Data    ZI Data      Debug   

     15656       1140        560        124      29092     835545   Grand Totals
     15656       1140        560        124      29092     835545   ELF Image Totals
     15656       1140        560        124          0          0   ROM Totals

==============================================================================

    Total RO  Size (Code + RO Data)                16216 (  15.84kB)
    Total RW  Size (RW Data + ZI Data)             29216 (  28.53kB)
    Total ROM Size (Code + RO Data + RW Data)      16340 (  15.96kB)

==============================================================================

