<html>
<body>
<pre>
<h1>µVision Build Log</h1>
<h2>Tool Versions:</h2>
IDE-Version: ¦ÌVision V5.39.0.0
Copyright (C) 2023 ARM Ltd and ARM Germany GmbH. All rights reserved.
License Information: AMD AMDD, AMD, LIC=FYKYW-Q9RKE-Z97G9-4XF5B-Z2PWP-WKLZ9
 
Tool Versions:
Toolchain:       MDK-ARM Plus  Version: 5.39.0.0
Toolchain Path:  D:\Keil_v5\ARM\AC5\Bin
C Compiler:      Armcc.exe V5.06 update 7 (build 960)
Assembler:       Armasm.exe V5.06 update 7 (build 960)
Linker/Locator:  ArmLink.exe V5.06 update 7 (build 960)
Library Manager: ArmAr.exe V5.06 update 7 (build 960)
Hex Converter:   FromElf.exe V5.06 update 7 (build 960)
CPU DLL:         SARMCM3.DLL V5.39.0.0
Dialog DLL:      DCM.DLL V1.17.5.0
Target DLL:      STLink\ST-LINKIII-KEIL_SWO.dll V3.2.0.0
Dialog DLL:      TCM.DLL V1.56.4.0
 
<h2>Project:</h2>
D:\Users\AMDD\Desktop\number_power\number_power\MDK-ARM\number_power.uvprojx
Project File Date:  12/10/2024

<h2>Output:</h2>
*** Using Compiler 'V5.06 update 7 (build 960)', folder: 'D:\Keil_v5\ARM\AC5\Bin'
Build target 'number_power'
assembling startup_stm32g431xx.s...
compiling dma.c...
compiling stm32g4xx_hal_timebase_tim.c...
compiling i2c.c...
compiling stm32g4xx_hal_msp.c...
compiling app_freertos.c...
compiling crc.c...
compiling tim.c...
compiling gpio.c...
compiling stm32g4xx_it.c...
compiling spi.c...
compiling main.c...
compiling stm32g4xx_hal_crc_ex.c...
compiling stm32g4xx_hal_crc.c...
compiling stm32g4xx_hal_flash_ex.c...
compiling stm32g4xx_hal_flash_ramfunc.c...
compiling stm32g4xx_hal.c...
compiling stm32g4xx_hal_flash.c...
compiling stm32g4xx_hal_rcc.c...
compiling stm32g4xx_hal_gpio.c...
compiling stm32g4xx_hal_rcc_ex.c...
compiling stm32g4xx_hal_exti.c...
compiling stm32g4xx_hal_dma.c...
compiling stm32g4xx_hal_cortex.c...
compiling stm32g4xx_hal_dma_ex.c...
compiling stm32g4xx_hal_pwr.c...
compiling stm32g4xx_hal_i2c_ex.c...
compiling system_stm32g4xx.c...
compiling fonts.c...
compiling stm32g4xx_hal_spi_ex.c...
compiling croutine.c...
compiling stm32g4xx_hal_pwr_ex.c...
compiling event_groups.c...
compiling list.c...
compiling stm32g4xx_hal_spi.c...
compiling queue.c...
compiling stm32g4xx_hal_tim_ex.c...
compiling timers.c...
compiling stream_buffer.c...
compiling stm32g4xx_hal_i2c.c...
compiling tasks.c...
compiling heap_4.c...
compiling cmsis_os.c...
compiling port.c...
compiling stm32g4xx_hal_tim.c...
compiling ili9341.c...
compiling ili9341_touch.c...
linking...
Program Size: Code=15656 RO-data=560 RW-data=124 ZI-data=29092  
"number_power\number_power.axf" - 0 Error(s), 0 Warning(s).

<h2>Software Packages used:</h2>

Package Vendor: ARM
                http://www.keil.com/pack/ARM.CMSIS.5.9.0.pack
                ARM::CMSIS@5.9.0
                CMSIS (Common Microcontroller Software Interface Standard)
   * Component: CORE Version: 5.6.0

Package Vendor: Keil
                https://www.keil.com/pack/Keil.STM32G4xx_DFP.1.6.0.pack
                Keil::STM32G4xx_DFP@1.6.0
                STMicroelectronics STM32G4 Series Device Support, Drivers and Examples

<h2>Collection of Component include folders:</h2>
  ./RTE/_number_power
  D:/Users/AMDD/AppData/Local/Arm/Packs/ARM/CMSIS/5.9.0/CMSIS/Core/Include
  D:/Users/AMDD/AppData/Local/Arm/Packs/Keil/STM32G4xx_DFP/1.6.0/Drivers/CMSIS/Device/ST/STM32G4xx/Include

<h2>Collection of Component Files used:</h2>

   * Component: ARM::CMSIS:CORE@5.6.0
      Include file:  CMSIS/Core/Include/tz_context.h
Build Time Elapsed:  00:00:07
</pre>
</body>
</html>
