Component: ARM Compiler 5.06 update 7 (build 960) Tool: armlink [4d3601]

==============================================================================

Section Cross References

    startup_stm32g431xx.o(STACK) refers (Special) to heapauxi.o(.text) for __use_two_region_memory
    startup_stm32g431xx.o(HEAP) refers (Special) to heapauxi.o(.text) for __use_two_region_memory
    startup_stm32g431xx.o(RESET) refers (Special) to heapauxi.o(.text) for __use_two_region_memory
    startup_stm32g431xx.o(RESET) refers to startup_stm32g431xx.o(STACK) for __initial_sp
    startup_stm32g431xx.o(RESET) refers to startup_stm32g431xx.o(.text) for Reset_Handler
    startup_stm32g431xx.o(RESET) refers to stm32g4xx_it.o(i.NMI_Handler) for NMI_Handler
    startup_stm32g431xx.o(RESET) refers to stm32g4xx_it.o(i.HardFault_Handler) for HardFault_Handler
    startup_stm32g431xx.o(RESET) refers to stm32g4xx_it.o(i.MemManage_Handler) for MemManage_Handler
    startup_stm32g431xx.o(RESET) refers to stm32g4xx_it.o(i.BusFault_Handler) for BusFault_Handler
    startup_stm32g431xx.o(RESET) refers to stm32g4xx_it.o(i.UsageFault_Handler) for UsageFault_Handler
    startup_stm32g431xx.o(RESET) refers to port.o(.emb_text) for SVC_Handler
    startup_stm32g431xx.o(RESET) refers to stm32g4xx_it.o(i.DebugMon_Handler) for DebugMon_Handler
    startup_stm32g431xx.o(RESET) refers to port.o(i.SysTick_Handler) for SysTick_Handler
    startup_stm32g431xx.o(RESET) refers to stm32g4xx_it.o(i.DMA1_Channel1_IRQHandler) for DMA1_Channel1_IRQHandler
    startup_stm32g431xx.o(RESET) refers to stm32g4xx_it.o(i.DMA1_Channel2_IRQHandler) for DMA1_Channel2_IRQHandler
    startup_stm32g431xx.o(RESET) refers to stm32g4xx_it.o(i.DMA1_Channel3_IRQHandler) for DMA1_Channel3_IRQHandler
    startup_stm32g431xx.o(RESET) refers to stm32g4xx_it.o(i.DMA1_Channel4_IRQHandler) for DMA1_Channel4_IRQHandler
    startup_stm32g431xx.o(RESET) refers to stm32g4xx_it.o(i.DMA1_Channel5_IRQHandler) for DMA1_Channel5_IRQHandler
    startup_stm32g431xx.o(RESET) refers to stm32g4xx_it.o(i.DMA1_Channel6_IRQHandler) for DMA1_Channel6_IRQHandler
    startup_stm32g431xx.o(RESET) refers to stm32g4xx_it.o(i.TIM6_DAC_IRQHandler) for TIM6_DAC_IRQHandler
    startup_stm32g431xx.o(RESET) refers to stm32g4xx_it.o(i.TIM7_IRQHandler) for TIM7_IRQHandler
    startup_stm32g431xx.o(.text) refers (Special) to heapauxi.o(.text) for __use_two_region_memory
    startup_stm32g431xx.o(.text) refers to system_stm32g4xx.o(i.SystemInit) for SystemInit
    startup_stm32g431xx.o(.text) refers to __main.o(!!!main) for __main
    startup_stm32g431xx.o(.text) refers to startup_stm32g431xx.o(HEAP) for Heap_Mem
    startup_stm32g431xx.o(.text) refers to startup_stm32g431xx.o(STACK) for Stack_Mem
    main.o(i.HAL_TIM_PeriodElapsedCallback) refers to stm32g4xx_hal.o(i.HAL_IncTick) for HAL_IncTick
    main.o(i.Pwm_set) refers to dflt_clz.o(x$fpl$dfltu) for __aeabi_ui2d
    main.o(i.Pwm_set) refers to ddiv.o(x$fpl$ddiv) for __aeabi_ddiv
    main.o(i.Pwm_set) refers to dmul.o(x$fpl$dmul) for __aeabi_dmul
    main.o(i.Pwm_set) refers to dfixu.o(x$fpl$dfixu) for __aeabi_d2uiz
    main.o(i.Pwm_set) refers to tim.o(.bss) for htim1
    main.o(i.SystemClock_Config) refers to rt_memclr_w.o(.text) for __aeabi_memclr4
    main.o(i.SystemClock_Config) refers to stm32g4xx_hal_pwr_ex.o(i.HAL_PWREx_ControlVoltageScaling) for HAL_PWREx_ControlVoltageScaling
    main.o(i.SystemClock_Config) refers to stm32g4xx_hal_rcc.o(i.HAL_RCC_OscConfig) for HAL_RCC_OscConfig
    main.o(i.SystemClock_Config) refers to stm32g4xx_hal_rcc.o(i.HAL_RCC_ClockConfig) for HAL_RCC_ClockConfig
    main.o(i.main) refers to stm32g4xx_hal.o(i.HAL_Init) for HAL_Init
    main.o(i.main) refers to main.o(i.SystemClock_Config) for SystemClock_Config
    main.o(i.main) refers to gpio.o(i.MX_GPIO_Init) for MX_GPIO_Init
    main.o(i.main) refers to dma.o(i.MX_DMA_Init) for MX_DMA_Init
    main.o(i.main) refers to spi.o(i.MX_SPI1_Init) for MX_SPI1_Init
    main.o(i.main) refers to i2c.o(i.MX_I2C3_Init) for MX_I2C3_Init
    main.o(i.main) refers to tim.o(i.MX_TIM1_Init) for MX_TIM1_Init
    main.o(i.main) refers to i2c.o(i.MX_I2C1_Init) for MX_I2C1_Init
    main.o(i.main) refers to tim.o(i.MX_TIM6_Init) for MX_TIM6_Init
    main.o(i.main) refers to crc.o(i.MX_CRC_Init) for MX_CRC_Init
    main.o(i.main) refers to stm32g4xx_hal_tim.o(i.HAL_TIM_PWM_Start) for HAL_TIM_PWM_Start
    main.o(i.main) refers to main.o(i.Pwm_set) for Pwm_set
    main.o(i.main) refers to app_freertos.o(i.MX_FREERTOS_Init) for MX_FREERTOS_Init
    main.o(i.main) refers to cmsis_os.o(i.osKernelStart) for osKernelStart
    main.o(i.main) refers to tim.o(.bss) for htim1
    gpio.o(i.MX_GPIO_Init) refers to rt_memclr_w.o(.text) for __aeabi_memclr4
    gpio.o(i.MX_GPIO_Init) refers to stm32g4xx_hal_gpio.o(i.HAL_GPIO_WritePin) for HAL_GPIO_WritePin
    gpio.o(i.MX_GPIO_Init) refers to stm32g4xx_hal_gpio.o(i.HAL_GPIO_Init) for HAL_GPIO_Init
[...]
    .ARM.Collect$$libshutdown$$00000002      0x08000256   Section        0  libshutdown2.o(.ARM.Collect$$libshutdown$$00000002)
    .ARM.Collect$$libshutdown$$00000004      0x08000256   Section        0  libshutdown2.o(.ARM.Collect$$libshutdown$$00000004)
    .ARM.Collect$$libshutdown$$00000006      0x08000256   Section        0  libshutdown2.o(.ARM.Collect$$libshutdown$$00000006)
    .ARM.Collect$$libshutdown$$00000009      0x08000256   Section        0  libshutdown2.o(.ARM.Collect$$libshutdown$$00000009)
    .ARM.Collect$$libshutdown$$0000000C      0x08000256   Section        0  libshutdown2.o(.ARM.Collect$$libshutdown$$0000000C)
    .ARM.Collect$$libshutdown$$0000000E      0x08000256   Section        0  libshutdown2.o(.ARM.Collect$$libshutdown$$0000000E)
    .ARM.Collect$$libshutdown$$00000011      0x08000256   Section        0  libshutdown2.o(.ARM.Collect$$libshutdown$$00000011)
    .ARM.Collect$$libshutdown$$00000012      0x08000256   Section        2  libshutdown2.o(.ARM.Collect$$libshutdown$$00000012)
    .ARM.Collect$$rtentry$$00000000          0x08000258   Section        0  __rtentry.o(.ARM.Collect$$rtentry$$00000000)
    .ARM.Collect$$rtentry$$00000002          0x08000258   Section        0  __rtentry2.o(.ARM.Collect$$rtentry$$00000002)
    .ARM.Collect$$rtentry$$00000004          0x08000258   Section        6  __rtentry4.o(.ARM.Collect$$rtentry$$00000004)
    .ARM.Collect$$rtentry$$00000009          0x0800025e   Section        0  __rtentry2.o(.ARM.Collect$$rtentry$$00000009)
    .ARM.Collect$$rtentry$$0000000A          0x0800025e   Section        4  __rtentry2.o(.ARM.Collect$$rtentry$$0000000A)
    .ARM.Collect$$rtentry$$0000000C          0x08000262   Section        0  __rtentry2.o(.ARM.Collect$$rtentry$$0000000C)
    .ARM.Collect$$rtentry$$0000000D          0x08000262   Section        8  __rtentry2.o(.ARM.Collect$$rtentry$$0000000D)
    .ARM.Collect$$rtexit$$00000000           0x0800026a   Section        2  rtexit.o(.ARM.Collect$$rtexit$$00000000)
    .ARM.Collect$$rtexit$$00000002           0x0800026c   Section        0  rtexit2.o(.ARM.Collect$$rtexit$$00000002)
    .ARM.Collect$$rtexit$$00000003           0x0800026c   Section        4  rtexit2.o(.ARM.Collect$$rtexit$$00000003)
    .ARM.Collect$$rtexit$$00000004           0x08000270   Section        6  rtexit2.o(.ARM.Collect$$rtexit$$00000004)
    .emb_text                                0x08000278   Section      190  port.o(.emb_text)
    $v0                                      0x08000278   Number         0  port.o(.emb_text)
    .text                                    0x08000338   Section       64  startup_stm32g431xx.o(.text)
    $v0                                      0x08000338   Number         0  startup_stm32g431xx.o(.text)
    .text                                    0x08000378   Section      100  rt_memcpy_w.o(.text)
    .text                                    0x080003dc   Section       78  rt_memclr_w.o(.text)
    .text                                    0x0800042a   Section        0  heapauxi.o(.text)
    .text                                    0x08000430   Section       74  sys_stackheap_outer.o(.text)
    .text                                    0x0800047a   Section        0  exit.o(.text)
    .text                                    0x0800048c   Section        8  libspace.o(.text)
    .text                                    0x08000494   Section        0  sys_exit.o(.text)
    .text                                    0x080004a0   Section        2  use_no_semi.o(.text)
    .text                                    0x080004a2   Section        0  indicate_semi.o(.text)
    i.BusFault_Handler                       0x080004a2   Section        0  stm32g4xx_it.o(i.BusFault_Handler)
    i.DMA1_Channel1_IRQHandler               0x080004a4   Section        0  stm32g4xx_it.o(i.DMA1_Channel1_IRQHandler)
    i.DMA1_Channel2_IRQHandler               0x080004b0   Section        0  stm32g4xx_it.o(i.DMA1_Channel2_IRQHandler)
    i.DMA1_Channel3_IRQHandler               0x080004bc   Section        0  stm32g4xx_it.o(i.DMA1_Channel3_IRQHandler)
    i.DMA1_Channel4_IRQHandler               0x080004c8   Section        0  stm32g4xx_it.o(i.DMA1_Channel4_IRQHandler)
    i.DMA1_Channel5_IRQHandler               0x080004d4   Section        0  stm32g4xx_it.o(i.DMA1_Channel5_IRQHandler)
    i.DMA1_Channel6_IRQHandler               0x080004e0   Section        0  stm32g4xx_it.o(i.DMA1_Channel6_IRQHandler)
    i.DMA_CalcDMAMUXChannelBaseAndMask       0x080004ec   Section        0  stm32g4xx_hal_dma.o(i.DMA_CalcDMAMUXChannelBaseAndMask)
    DMA_CalcDMAMUXChannelBaseAndMask         0x080004ed   Thumb Code    54  stm32g4xx_hal_dma.o(i.DMA_CalcDMAMUXChannelBaseAndMask)
    i.DMA_CalcDMAMUXRequestGenBaseAndMask    0x0800052c   Section        0  stm32g4xx_hal_dma.o(i.DMA_CalcDMAMUXRequestGenBaseAndMask)
    DMA_CalcDMAMUXRequestGenBaseAndMask      0x0800052d   Thumb Code    30  stm32g4xx_hal_dma.o(i.DMA_CalcDMAMUXRequestGenBaseAndMask)
    i.DebugMon_Handler                       0x08000550   Section        0  stm32g4xx_it.o(i.DebugMon_Handler)
    i.Error_Handler                          0x08000552   Section        0  main.o(i.Error_Handler)
    i.HAL_CRCEx_Polynomial_Set               0x08000558   Section        0  stm32g4xx_hal_crc_ex.o(i.HAL_CRCEx_Polynomial_Set)
    i.HAL_CRC_Init                           0x080005ac   Section        0  stm32g4xx_hal_crc.o(i.HAL_CRC_Init)
    i.HAL_CRC_MspInit                        0x08000620   Section        0  crc.o(i.HAL_CRC_MspInit)
    i.HAL_DMA_IRQHandler                     0x08000648   Section        0  stm32g4xx_hal_dma.o(i.HAL_DMA_IRQHandler)
    i.HAL_DMA_Init                           0x08000704   Section        0  stm32g4xx_hal_dma.o(i.HAL_DMA_Init)
    i.HAL_GPIO_Init                          0x080007c4   Section        0  stm32g4xx_hal_gpio.o(i.HAL_GPIO_Init)
    i.HAL_GPIO_TogglePin                     0x08000a0c   Section        0  stm32g4xx_hal_gpio.o(i.HAL_GPIO_TogglePin)
    i.HAL_GPIO_WritePin                      0x08000a1c   Section        0  stm32g4xx_hal_gpio.o(i.HAL_GPIO_WritePin)
    i.HAL_GetTick                            0x08000a28   Section        0  stm32g4xx_hal.o(i.HAL_GetTick)
    i.HAL_I2CEx_ConfigAnalogFilter           0x08000a34   Section        0  stm32g4xx_hal_i2c_ex.o(i.HAL_I2CEx_ConfigAnalogFilter)
    i.HAL_I2CEx_ConfigDigitalFilter          0x08000a8a   Section        0  stm32g4xx_hal_i2c_ex.o(i.HAL_I2CEx_ConfigDigitalFilter)
    i.HAL_I2C_Init                           0x08000adc   Section        0  stm32g4xx_hal_i2c.o(i.HAL_I2C_Init)
    i.HAL_I2C_MspInit                        0x08000b98   Section        0  i2c.o(i.HAL_I2C_MspInit)
    i.HAL_IncTick                            0x08000d80   Section        0  stm32g4xx_hal.o(i.HAL_IncTick)
    i.HAL_Init                               0x08000d90   Section        0  stm32g4xx_hal.o(i.HAL_Init)
    i.HAL_InitTick                           0x08000db0   Section        0  stm32g4xx_hal_timebase_tim.o(i.HAL_InitTick)
    i.HAL_MspInit                            0x08000e38   Section        0  stm32g4xx_hal_msp.o(i.HAL_MspInit)
    i.HAL_NVIC_EnableIRQ                     0x08000e74   Section        0  stm32g4xx_hal_cortex.o(i.HAL_NVIC_EnableIRQ)
    i.HAL_NVIC_SetPriority                   0x08000e90   Section        0  stm32g4xx_hal_cortex.o(i.HAL_NVIC_SetPriority)
    i.HAL_NVIC_SetPriorityGrouping           0x08000ed0   Section        0  stm32g4xx_hal_cortex.o(i.HAL_NVIC_SetPriorityGrouping)
    i.HAL_PWREx_ControlVoltageScaling        0x08000ef4   Section        0  stm32g4xx_hal_pwr_ex.o(i.HAL_PWREx_ControlVoltageScaling)
    i.HAL_PWREx_DisableUCPDDeadBattery       0x08000fb0   Section        0  stm32g4xx_hal_pwr_ex.o(i.HAL_PWREx_DisableUCPDDeadBattery)
    i.HAL_RCCEx_PeriphCLKConfig              0x08000fc0   Section        0  stm32g4xx_hal_rcc_ex.o(i.HAL_RCCEx_PeriphCLKConfig)
    i.HAL_RCC_ClockConfig                    0x08001248   Section        0  stm32g4xx_hal_rcc.o(i.HAL_RCC_ClockConfig)
    i.HAL_RCC_GetClockConfig                 0x08001424   Section        0  stm32g4xx_hal_rcc.o(i.HAL_RCC_GetClockConfig)
    i.HAL_RCC_GetPCLK1Freq                   0x08001464   Section        0  stm32g4xx_hal_rcc.o(i.HAL_RCC_GetPCLK1Freq)
    i.HAL_RCC_GetSysClockFreq                0x08001488   Section        0  stm32g4xx_hal_rcc.o(i.HAL_RCC_GetSysClockFreq)
    i.HAL_RCC_OscConfig                      0x080014f8   Section        0  stm32g4xx_hal_rcc.o(i.HAL_RCC_OscConfig)
    i.HAL_SPI_Init                           0x080018fc   Section        0  stm32g4xx_hal_spi.o(i.HAL_SPI_Init)
    i.HAL_SPI_MspInit                        0x080019e8   Section        0  spi.o(i.HAL_SPI_MspInit)
    i.HAL_TIMEx_Break2Callback               0x08001aac   Section        0  stm32g4xx_hal_tim_ex.o(i.HAL_TIMEx_Break2Callback)
    i.HAL_TIMEx_BreakCallback                0x08001aae   Section        0  stm32g4xx_hal_tim_ex.o(i.HAL_TIMEx_BreakCallback)
    i.HAL_TIMEx_CommutCallback               0x08001ab0   Section        0  stm32g4xx_hal_tim_ex.o(i.HAL_TIMEx_CommutCallback)
    i.HAL_TIMEx_ConfigBreakDeadTime          0x08001ab4   Section        0  stm32g4xx_hal_tim_ex.o(i.HAL_TIMEx_ConfigBreakDeadTime)
    i.HAL_TIMEx_DirectionChangeCallback      0x08001b50   Section        0  stm32g4xx_hal_tim_ex.o(i.HAL_TIMEx_DirectionChangeCallback)
    i.HAL_TIMEx_EncoderIndexCallback         0x08001b52   Section        0  stm32g4xx_hal_tim_ex.o(i.HAL_TIMEx_EncoderIndexCallback)
    i.HAL_TIMEx_IndexErrorCallback           0x08001b54   Section        0  stm32g4xx_hal_tim_ex.o(i.HAL_TIMEx_IndexErrorCallback)
    i.HAL_TIMEx_MasterConfigSynchronization  0x08001b58   Section        0  stm32g4xx_hal_tim_ex.o(i.HAL_TIMEx_MasterConfigSynchronization)
    i.HAL_TIMEx_TransitionErrorCallback      0x08001bf4   Section        0  stm32g4xx_hal_tim_ex.o(i.HAL_TIMEx_TransitionErrorCallback)
    i.HAL_TIM_Base_Init                      0x08001bf6   Section        0  stm32g4xx_hal_tim.o(i.HAL_TIM_Base_Init)
    i.HAL_TIM_Base_MspInit                   0x08001c58   Section        0  tim.o(i.HAL_TIM_Base_MspInit)
    i.HAL_TIM_Base_Start_IT                  0x08001cac   Section        0  stm32g4xx_hal_tim.o(i.HAL_TIM_Base_Start_IT)
    i.HAL_TIM_ConfigClockSource              0x08001d24   Section        0  stm32g4xx_hal_tim.o(i.HAL_TIM_ConfigClockSource)
    i.HAL_TIM_IC_CaptureCallback             0x08001e24   Section        0  stm32g4xx_hal_tim.o(i.HAL_TIM_IC_CaptureCallback)
    i.HAL_TIM_IRQHandler                     0x08001e26   Section        0  stm32g4xx_hal_tim.o(i.HAL_TIM_IRQHandler)
    i.HAL_TIM_MspPostInit                    0x08001fc8   Section        0  tim.o(i.HAL_TIM_MspPostInit)
    i.HAL_TIM_OC_DelayElapsedCallback        0x0800201c   Section        0  stm32g4xx_hal_tim.o(i.HAL_TIM_OC_DelayElapsedCallback)
    i.HAL_TIM_PWM_ConfigChannel              0x0800201e   Section        0  stm32g4xx_hal_tim.o(i.HAL_TIM_PWM_ConfigChannel)
    i.HAL_TIM_PWM_Init                       0x08002142   Section        0  stm32g4xx_hal_tim.o(i.HAL_TIM_PWM_Init)
    i.HAL_TIM_PWM_MspInit                    0x080021a4   Section        0  stm32g4xx_hal_tim.o(i.HAL_TIM_PWM_MspInit)
    i.HAL_TIM_PWM_PulseFinishedCallback      0x080021a6   Section        0  stm32g4xx_hal_tim.o(i.HAL_TIM_PWM_PulseFinishedCallback)
    i.HAL_TIM_PWM_Start                      0x080021a8   Section        0  stm32g4xx_hal_tim.o(i.HAL_TIM_PWM_Start)
    i.HAL_TIM_PeriodElapsedCallback          0x080022a4   Section        0  main.o(i.HAL_TIM_PeriodElapsedCallback)
    i.HAL_TIM_TriggerCallback                0x080022b8   Section        0  stm32g4xx_hal_tim.o(i.HAL_TIM_TriggerCallback)
    i.HardFault_Handler                      0x080022ba   Section        0  stm32g4xx_it.o(i.HardFault_Handler)
    i.MX_CRC_Init                            0x080022bc   Section        0  crc.o(i.MX_CRC_Init)
    i.MX_DMA_Init                            0x080022ec   Section        0  dma.o(i.MX_DMA_Init)
    i.MX_FREERTOS_Init                       0x08002378   Section        0  app_freertos.o(i.MX_FREERTOS_Init)
    i.MX_GPIO_Init                           0x080023b4   Section        0  gpio.o(i.MX_GPIO_Init)
    i.MX_I2C1_Init                           0x0800249c   Section        0  i2c.o(i.MX_I2C1_Init)
    i.MX_I2C3_Init                           0x080024f4   Section        0  i2c.o(i.MX_I2C3_Init)
    i.MX_SPI1_Init                           0x0800254c   Section        0  spi.o(i.MX_SPI1_Init)
    i.MX_TIM1_Init                           0x0800259c   Section        0  tim.o(i.MX_TIM1_Init)
    i.MX_TIM6_Init                           0x08002674   Section        0  tim.o(i.MX_TIM6_Init)
    i.MemManage_Handler                      0x080026bc   Section        0  stm32g4xx_it.o(i.MemManage_Handler)
    i.NMI_Handler                            0x080026be   Section        0  stm32g4xx_it.o(i.NMI_Handler)
    i.Pwm_set                                0x080026c0   Section        0  main.o(i.Pwm_set)
    i.StartDefaultTask                       0x08002744   Section        0  app_freertos.o(i.StartDefaultTask)
    i.StartTask02                            0x0800275c   Section        0  app_freertos.o(i.StartTask02)
    i.SysTick_Handler                        0x08002764   Section        0  port.o(i.SysTick_Handler)
    i.SystemClock_Config                     0x08002790   Section        0  main.o(i.SystemClock_Config)
    i.SystemInit                             0x080027f8   Section        0  system_stm32g4xx.o(i.SystemInit)
    i.TIM6_DAC_IRQHandler                    0x08002808   Section        0  stm32g4xx_it.o(i.TIM6_DAC_IRQHandler)
    i.TIM7_IRQHandler                        0x08002814   Section        0  stm32g4xx_it.o(i.TIM7_IRQHandler)
    i.TIM_Base_SetConfig                     0x08002820   Section        0  stm32g4xx_hal_tim.o(i.TIM_Base_SetConfig)
    i.TIM_CCxChannelCmd                      0x080028dc   Section        0  stm32g4xx_hal_tim.o(i.TIM_CCxChannelCmd)
    i.TIM_ETR_SetConfig                      0x080028f6   Section        0  stm32g4xx_hal_tim.o(i.TIM_ETR_SetConfig)
    i.TIM_ITRx_SetConfig                     0x0800290c   Section        0  stm32g4xx_hal_tim.o(i.TIM_ITRx_SetConfig)
    TIM_ITRx_SetConfig                       0x0800290d   Thumb Code    16  stm32g4xx_hal_tim.o(i.TIM_ITRx_SetConfig)
    i.TIM_OC1_SetConfig                      0x08002920   Section        0  stm32g4xx_hal_tim.o(i.TIM_OC1_SetConfig)
    TIM_OC1_SetConfig                        0x08002921   Thumb Code   132  stm32g4xx_hal_tim.o(i.TIM_OC1_SetConfig)
    i.TIM_OC2_SetConfig                      0x080029bc   Section        0  stm32g4xx_hal_tim.o(i.TIM_OC2_SetConfig)
    i.TIM_OC3_SetConfig                      0x08002a4c   Section        0  stm32g4xx_hal_tim.o(i.TIM_OC3_SetConfig)
    TIM_OC3_SetConfig                        0x08002a4d   Thumb Code   118  stm32g4xx_hal_tim.o(i.TIM_OC3_SetConfig)
    i.TIM_OC4_SetConfig                      0x08002adc   Section        0  stm32g4xx_hal_tim.o(i.TIM_OC4_SetConfig)
    TIM_OC4_SetConfig                        0x08002add   Thumb Code   120  stm32g4xx_hal_tim.o(i.TIM_OC4_SetConfig)
    i.TIM_OC5_SetConfig                      0x08002b6c   Section        0  stm32g4xx_hal_tim.o(i.TIM_OC5_SetConfig)
    TIM_OC5_SetConfig                        0x08002b6d   Thumb Code    86  stm32g4xx_hal_tim.o(i.TIM_OC5_SetConfig)
    i.TIM_OC6_SetConfig                      0x08002bdc   Section        0  stm32g4xx_hal_tim.o(i.TIM_OC6_SetConfig)
    TIM_OC6_SetConfig                        0x08002bdd   Thumb Code    88  stm32g4xx_hal_tim.o(i.TIM_OC6_SetConfig)
    i.TIM_TI1_ConfigInputStage               0x08002c4c   Section        0  stm32g4xx_hal_tim.o(i.TIM_TI1_ConfigInputStage)
    TIM_TI1_ConfigInputStage                 0x08002c4d   Thumb Code    34  stm32g4xx_hal_tim.o(i.TIM_TI1_ConfigInputStage)
    i.TIM_TI2_ConfigInputStage               0x08002c6e   Section        0  stm32g4xx_hal_tim.o(i.TIM_TI2_ConfigInputStage)
    TIM_TI2_ConfigInputStage                 0x08002c6f   Thumb Code    36  stm32g4xx_hal_tim.o(i.TIM_TI2_ConfigInputStage)
    i.UsageFault_Handler                     0x08002c92   Section        0  stm32g4xx_it.o(i.UsageFault_Handler)
    i.__NVIC_SetPriority                     0x08002c94   Section        0  stm32g4xx_hal_cortex.o(i.__NVIC_SetPriority)
    __NVIC_SetPriority                       0x08002c95   Thumb Code    32  stm32g4xx_hal_cortex.o(i.__NVIC_SetPriority)
    i.main                                   0x08002cb4   Section        0  main.o(i.main)
    i.makeFreeRtosPriority                   0x08002cfc   Section        0  cmsis_os.o(i.makeFreeRtosPriority)
    makeFreeRtosPriority                     0x08002cfd   Thumb Code    12  cmsis_os.o(i.makeFreeRtosPriority)
    i.osDelay                                0x08002d08   Section        0  cmsis_os.o(i.osDelay)
    i.osKernelStart                          0x08002d16   Section        0  cmsis_os.o(i.osKernelStart)
    i.osThreadCreate                         0x08002d20   Section        0  cmsis_os.o(i.osThreadCreate)
    i.prvAddCurrentTaskToDelayedList         0x08002d50   Section        0  tasks.o(i.prvAddCurrentTaskToDelayedList)
    prvAddCurrentTaskToDelayedList           0x08002d51   Thumb Code   102  tasks.o(i.prvAddCurrentTaskToDelayedList)
    i.prvAddNewTaskToReadyList               0x08002dc0   Section        0  tasks.o(i.prvAddNewTaskToReadyList)
    prvAddNewTaskToReadyList                 0x08002dc1   Thumb Code   194  tasks.o(i.prvAddNewTaskToReadyList)
    i.prvDeleteTCB                           0x08002e90   Section        0  tasks.o(i.prvDeleteTCB)
    prvDeleteTCB                             0x08002e91   Thumb Code    20  tasks.o(i.prvDeleteTCB)
    i.prvHeapInit                            0x08002ea4   Section        0  heap_4.o(i.prvHeapInit)
    prvHeapInit                              0x08002ea5   Thumb Code    66  heap_4.o(i.prvHeapInit)
    i.prvIdleTask                            0x08002ef0   Section        0  tasks.o(i.prvIdleTask)
    prvIdleTask                              0x08002ef1   Thumb Code    82  tasks.o(i.prvIdleTask)
    i.prvInitialiseNewTask                   0x08002f50   Section        0  tasks.o(i.prvInitialiseNewTask)
    prvInitialiseNewTask                     0x08002f51   Thumb Code   152  tasks.o(i.prvInitialiseNewTask)
    i.prvInsertBlockIntoFreeList             0x08002fe8   Section        0  heap_4.o(i.prvInsertBlockIntoFreeList)
    prvInsertBlockIntoFreeList               0x08002fe9   Thumb Code    72  heap_4.o(i.prvInsertBlockIntoFreeList)
    i.prvResetNextTaskUnblockTime            0x08003034   Section        0  tasks.o(i.prvResetNextTaskUnblockTime)
    prvResetNextTaskUnblockTime              0x08003035   Thumb Code    26  tasks.o(i.prvResetNextTaskUnblockTime)
    i.prvTaskExitError                       0x08003054   Section        0  port.o(i.prvTaskExitError)
    prvTaskExitError                         0x08003055   Thumb Code    36  port.o(i.prvTaskExitError)
    i.pvPortMalloc                           0x0800307c   Section        0  heap_4.o(i.pvPortMalloc)
    i.pxPortInitialiseStack                  0x08003158   Section        0  port.o(i.pxPortInitialiseStack)
    i.uxListRemove                           0x08003184   Section        0  list.o(i.uxListRemove)
    i.vListInitialise                        0x080031aa   Section        0  list.o(i.vListInitialise)
    i.vListInitialiseItem                    0x080031c0   Section        0  list.o(i.vListInitialiseItem)
    i.vListInsert                            0x080031c6   Section        0  list.o(i.vListInsert)
    i.vListInsertEnd                         0x080031f6   Section        0  list.o(i.vListInsertEnd)
    i.vPortEnterCritical                     0x08003210   Section        0  port.o(i.vPortEnterCritical)
    i.vPortExitCritical                      0x08003250   Section        0  port.o(i.vPortExitCritical)
    i.vPortFree                              0x08003278   Section        0  heap_4.o(i.vPortFree)
    i.vPortSetupTimerInterrupt               0x080032dc   Section        0  port.o(i.vPortSetupTimerInterrupt)
    i.vTaskDelay                             0x08003300   Section        0  tasks.o(i.vTaskDelay)
    i.vTaskStartScheduler                    0x0800334c   Section        0  tasks.o(i.vTaskStartScheduler)
    i.vTaskSuspendAll                        0x080033b4   Section        0  tasks.o(i.vTaskSuspendAll)
    i.vTaskSwitchContext                     0x080033c4   Section        0  tasks.o(i.vTaskSwitchContext)
    i.xPortStartScheduler                    0x08003420   Section        0  port.o(i.xPortStartScheduler)
    i.xTaskCreate                            0x08003514   Section        0  tasks.o(i.xTaskCreate)
    i.xTaskIncrementTick                     0x0800356c   Section        0  tasks.o(i.xTaskIncrementTick)
    i.xTaskResumeAll                         0x08003638   Section        0  tasks.o(i.xTaskResumeAll)
    x$fpl$ddiv                               0x080036fc   Section      688  ddiv.o(x$fpl$ddiv)
    $v0                                      0x080036fc   Number         0  ddiv.o(x$fpl$ddiv)
    ddiv_entry                               0x08003703   Thumb Code     0  ddiv.o(x$fpl$ddiv)
    x$fpl$dfixu                              0x080039ac   Section       90  dfixu.o(x$fpl$dfixu)
    $v0                                      0x080039ac   Number         0  dfixu.o(x$fpl$dfixu)
    x$fpl$dfltu                              0x08003a06   Section       38  dflt_clz.o(x$fpl$dfltu)
    $v0                                      0x08003a06   Number         0  dflt_clz.o(x$fpl$dfltu)
    x$fpl$dmul                               0x08003a2c   Section      340  dmul.o(x$fpl$dmul)
    $v0                                      0x08003a2c   Number         0  dmul.o(x$fpl$dmul)
    x$fpl$dnaninf                            0x08003b80   Section      156  dnaninf.o(x$fpl$dnaninf)
    $v0                                      0x08003b80   Number         0  dnaninf.o(x$fpl$dnaninf)
    x$fpl$dretinf                            0x08003c1c   Section       12  dretinf.o(x$fpl$dretinf)
    $v0                                      0x08003c1c   Number         0  dretinf.o(x$fpl$dretinf)
    x$fpl$fpinit                             0x08003c28   Section       10  fpinit.o(x$fpl$fpinit)
    $v0                                      0x08003c28   Number         0  fpinit.o(x$fpl$fpinit)
    x$fpl$usenofp                            0x08003c32   Section        0  usenofp.o(x$fpl$usenofp)
    .constdata                               0x08003c34   Section       40  app_freertos.o(.constdata)
    .constdata                               0x08003c5c   Section       16  system_stm32g4xx.o(.constdata)
    .constdata                               0x08003c6c   Section        8  system_stm32g4xx.o(.constdata)
    .conststring                             0x08003c74   Section       24  app_freertos.o(.conststring)
    .data                                    0x20000000   Section        8  app_freertos.o(.data)
    .data                                    0x20000008   Section       12  stm32g4xx_hal.o(.data)
    .data                                    0x20000014   Section        4  system_stm32g4xx.o(.data)
    .data                                    0x20000018   Section       60  tasks.o(.data)
    uxDeletedTasksWaitingCleanUp             0x2000001c   Data           4  tasks.o(.data)
    uxCurrentNumberOfTasks                   0x20000020   Data           4  tasks.o(.data)
    xTickCount                               0x20000024   Data           4  tasks.o(.data)
    uxTopReadyPriority                       0x20000028   Data           4  tasks.o(.data)
    xSchedulerRunning                        0x2000002c   Data           4  tasks.o(.data)
    xPendedTicks                             0x20000030   Data           4  tasks.o(.data)
    xYieldPending                            0x20000034   Data           4  tasks.o(.data)
    xNumOfOverflows                          0x20000038   Data           4  tasks.o(.data)
    uxTaskNumber                             0x2000003c   Data           4  tasks.o(.data)
    xNextTaskUnblockTime                     0x20000040   Data           4  tasks.o(.data)
    xIdleTaskHandle                          0x20000044   Data           4  tasks.o(.data)
    uxSchedulerSuspended                     0x20000048   Data           4  tasks.o(.data)
    pxDelayedTaskList                        0x2000004c   Data           4  tasks.o(.data)
    pxOverflowDelayedTaskList                0x20000050   Data           4  tasks.o(.data)
    .data                                    0x20000054   Section       32  heap_4.o(.data)
    pxEnd                                    0x20000054   Data           4  heap_4.o(.data)
    xFreeBytesRemaining                      0x20000058   Data           4  heap_4.o(.data)
    xMinimumEverFreeBytesRemaining           0x2000005c   Data           4  heap_4.o(.data)
    xNumberOfSuccessfulAllocations           0x20000060   Data           4  heap_4.o(.data)
    xNumberOfSuccessfulFrees                 0x20000064   Data           4  heap_4.o(.data)
    xBlockAllocatedBit                       0x20000068   Data           4  heap_4.o(.data)
    xStart                                   0x2000006c   Data           8  heap_4.o(.data)
    .data                                    0x20000074   Section       12  port.o(.data)
    ucMaxSysCallPriority                     0x20000074   Data           1  port.o(.data)
    uxCriticalNesting                        0x20000078   Data           4  port.o(.data)
    ulMaxPRIGROUPValue                       0x2000007c   Data           4  port.o(.data)
    .bss                                     0x20000080   Section       36  crc.o(.bss)
    .bss                                     0x200000a4   Section      552  i2c.o(.bss)
    .bss                                     0x200002cc   Section      292  spi.o(.bss)
    .bss                                     0x200003f0   Section      152  tim.o(.bss)
    .bss                                     0x20000488   Section       76  stm32g4xx_hal_timebase_tim.o(.bss)
    .bss                                     0x200004d4   Section      240  tasks.o(.bss)
    pxReadyTasksLists                        0x200004d4   Data         140  tasks.o(.bss)
    xDelayedTaskList1                        0x20000560   Data          20  tasks.o(.bss)
    xDelayedTaskList2                        0x20000574   Data          20  tasks.o(.bss)
    xPendingReadyList                        0x20000588   Data          20  tasks.o(.bss)
    xTasksWaitingTermination                 0x2000059c   Data          20  tasks.o(.bss)
    xSuspendedTaskList                       0x200005b0   Data          20  tasks.o(.bss)
    .bss                                     0x200005c4   Section     3072  heap_4.o(.bss)
    ucHeap                                   0x200005c4   Data        3072  heap_4.o(.bss)
    .bss                                     0x200011c4   Section       96  libspace.o(.bss)
    HEAP                                     0x20001228   Section     2048  startup_stm32g431xx.o(HEAP)
    Heap_Mem                                 0x20001228   Data        2048  startup_stm32g431xx.o(HEAP)
    STACK                                    0x20001a28   Section     1024  startup_stm32g431xx.o(STACK)
    Stack_Mem                                0x20001a28   Data        1024  startup_stm32g431xx.o(STACK)
    __initial_sp                             0x20001e28   Data           0  startup_stm32g431xx.o(STACK)

    Global Symbols

    Symbol Name                              Value     Ov Type        Size  Object(Section)

    BuildAttributes$$THM_ISAv4$E$P$D$K$B$S$7EM$VFPi3$EXTD16$VFPS$VFMA$PE$A:L22UL41UL21$X:L11$S22US41US21$IEEE1$IW$USESV6$~STKCKD$USESV7$~SHL$OSPACE$ROPI$EBA8$UX$STANDARDLIB$REQ8$PRES8$EABIv2 0x00000000   Number         0  anon$$obj.o ABSOLUTE
    __ARM_use_no_argv                        0x00000000   Number         0  main.o ABSOLUTE
    __ARM_exceptions_init                     - Undefined Weak Reference
    __alloca_initialize                       - Undefined Weak Reference
    __arm_fini_                               - Undefined Weak Reference
    __arm_preinit_                            - Undefined Weak Reference
    __cpp_initialize__aeabi_                  - Undefined Weak Reference
    __cxa_finalize                            - Undefined Weak Reference
    __rt_locale                               - Undefined Weak Reference
    __sigvec_lookup                           - Undefined Weak Reference
    _atexit_init                              - Undefined Weak Reference
    _call_atexit_fns                          - Undefined Weak Reference
    _clock_init                               - Undefined Weak Reference
    _fp_trap_init                             - Undefined Weak Reference
    _fp_trap_shutdown                         - Undefined Weak Reference
    _get_lc_collate                           - Undefined Weak Reference
    _get_lc_ctype                             - Undefined Weak Reference
    _get_lc_monetary                          - Undefined Weak Reference
    _get_lc_numeric                           - Undefined Weak Reference
    _get_lc_time                              - Undefined Weak Reference
    _getenv_init                              - Undefined Weak Reference
    _handle_redirection                       - Undefined Weak Reference
    _init_alloc                               - Undefined Weak Reference
    _init_user_alloc                          - Undefined Weak Reference
    _initio                                   - Undefined Weak Reference
    _rand_init                                - Undefined Weak Reference
    _signal_finish                            - Undefined Weak Reference
    _signal_init                              - Undefined Weak Reference
    _terminate_alloc                          - Undefined Weak Reference
    _terminate_user_alloc                     - Undefined Weak Reference
    _terminateio                              - Undefined Weak Reference
    __Vectors_Size                           0x000001d8   Number         0  startup_stm32g431xx.o ABSOLUTE
    __Vectors                                0x08000000   Data           4  startup_stm32g431xx.o(RESET)
    __Vectors_End                            0x080001d8   Data           0  startup_stm32g431xx.o(RESET)
    __main                                   0x080001d9   Thumb Code     8  __main.o(!!!main)
    __scatterload                            0x080001e1   Thumb Code     0  __scatter.o(!!!scatter)
    __scatterload_rt2                        0x080001e1   Thumb Code    44  __scatter.o(!!!scatter)
    __scatterload_rt2_thumb_only             0x080001e1   Thumb Code     0  __scatter.o(!!!scatter)
    __scatterload_null                       0x080001ef   Thumb Code     0  __scatter.o(!!!scatter)
    __scatterload_copy                       0x08000215   Thumb Code    26  __scatter_copy.o(!!handler_copy)
    __scatterload_zeroinit                   0x08000231   Thumb Code    28  __scatter_zi.o(!!handler_zi)
    __rt_lib_init                            0x0800024d   Thumb Code     0  libinit.o(.ARM.Collect$$libinit$$00000000)
    __rt_lib_init_fp_1                       0x0800024f   Thumb Code     0  libinit2.o(.ARM.Collect$$libinit$$00000001)
    __rt_lib_init_alloca_1                   0x08000253   Thumb Code     0  libinit2.o(.ARM.Collect$$libinit$$0000002E)
    __rt_lib_init_argv_1                     0x08000253   Thumb Code     0  libinit2.o(.ARM.Collect$$libinit$$0000002C)
    __rt_lib_init_atexit_1                   0x08000253   Thumb Code     0  libinit2.o(.ARM.Collect$$libinit$$0000001B)
    __rt_lib_init_clock_1                    0x08000253   Thumb Code     0  libinit2.o(.ARM.Collect$$libinit$$00000021)
    __rt_lib_init_cpp_1                      0x08000253   Thumb Code     0  libinit2.o(.ARM.Collect$$libinit$$00000032)
    __rt_lib_init_exceptions_1               0x08000253   Thumb Code     0  libinit2.o(.ARM.Collect$$libinit$$00000030)
    __rt_lib_init_fp_trap_1                  0x08000253   Thumb Code     0  libinit2.o(.ARM.Collect$$libinit$$0000001F)
    __rt_lib_init_getenv_1                   0x08000253   Thumb Code     0  libinit2.o(.ARM.Collect$$libinit$$00000023)
    __rt_lib_init_heap_1                     0x08000253   Thumb Code     0  libinit2.o(.ARM.Collect$$libinit$$0000000A)
    __rt_lib_init_lc_collate_1               0x08000253   Thumb Code     0  libinit2.o(.ARM.Collect$$libinit$$00000011)
    __rt_lib_init_lc_ctype_1                 0x08000253   Thumb Code     0  libinit2.o(.ARM.Collect$$libinit$$00000013)
    __rt_lib_init_lc_monetary_1              0x08000253   Thumb Code     0  libinit2.o(.ARM.Collect$$libinit$$00000015)
    __rt_lib_init_lc_numeric_1               0x08000253   Thumb Code     0  libinit2.o(.ARM.Collect$$libinit$$00000017)
    __rt_lib_init_lc_time_1                  0x08000253   Thumb Code     0  libinit2.o(.ARM.Collect$$libinit$$00000019)
    __rt_lib_init_preinit_1                  0x08000253   Thumb Code     0  libinit2.o(.ARM.Collect$$libinit$$00000004)
    __rt_lib_init_rand_1                     0x08000253   Thumb Code     0  libinit2.o(.ARM.Collect$$libinit$$0000000E)
    __rt_lib_init_return                     0x08000253   Thumb Code     0  libinit2.o(.ARM.Collect$$libinit$$00000033)
    __rt_lib_init_signal_1                   0x08000253   Thumb Code     0  libinit2.o(.ARM.Collect$$libinit$$0000001D)
    __rt_lib_init_stdio_1                    0x08000253   Thumb Code     0  libinit2.o(.ARM.Collect$$libinit$$00000025)
    __rt_lib_init_user_alloc_1               0x08000253   Thumb Code     0  libinit2.o(.ARM.Collect$$libinit$$0000000C)
    __rt_lib_shutdown                        0x08000255   Thumb Code     0  libshutdown.o(.ARM.Collect$$libshutdown$$00000000)
    __rt_lib_shutdown_cpp_1                  0x08000257   Thumb Code     0  libshutdown2.o(.ARM.Collect$$libshutdown$$00000004)
    __rt_lib_shutdown_fini_1                 0x08000257   Thumb Code     0  libshutdown2.o(.ARM.Collect$$libshutdown$$00000002)
    __rt_lib_shutdown_fp_trap_1              0x08000257   Thumb Code     0  libshutdown2.o(.ARM.Collect$$libshutdown$$00000009)
    __rt_lib_shutdown_heap_1                 0x08000257   Thumb Code     0  libshutdown2.o(.ARM.Collect$$libshutdown$$00000011)
    __rt_lib_shutdown_return                 0x08000257   Thumb Code     0  libshutdown2.o(.ARM.Collect$$libshutdown$$00000012)
    __rt_lib_shutdown_signal_1               0x08000257   Thumb Code     0  libshutdown2.o(.ARM.Collect$$libshutdown$$0000000C)
    __rt_lib_shutdown_stdio_1                0x08000257   Thumb Code     0  libshutdown2.o(.ARM.Collect$$libshutdown$$00000006)
    __rt_lib_shutdown_user_alloc_1           0x08000257   Thumb Code     0  libshutdown2.o(.ARM.Collect$$libshutdown$$0000000E)
    __rt_entry                               0x08000259   Thumb Code     0  __rtentry.o(.ARM.Collect$$rtentry$$00000000)
    __rt_entry_presh_1                       0x08000259   Thumb Code     0  __rtentry2.o(.ARM.Collect$$rtentry$$00000002)
    __rt_entry_sh                            0x08000259   Thumb Code     0  __rtentry4.o(.ARM.Collect$$rtentry$$00000004)
    __rt_entry_li                            0x0800025f   Thumb Code     0  __rtentry2.o(.ARM.Collect$$rtentry$$0000000A)
    __rt_entry_postsh_1                      0x0800025f   Thumb Code     0  __rtentry2.o(.ARM.Collect$$rtentry$$00000009)
    __rt_entry_main                          0x08000263   Thumb Code     0  __rtentry2.o(.ARM.Collect$$rtentry$$0000000D)
    __rt_entry_postli_1                      0x08000263   Thumb Code     0  __rtentry2.o(.ARM.Collect$$rtentry$$0000000C)
    __rt_exit                                0x0800026b   Thumb Code     0  rtexit.o(.ARM.Collect$$rtexit$$00000000)
    __rt_exit_ls                             0x0800026d   Thumb Code     0  rtexit2.o(.ARM.Collect$$rtexit$$00000003)
    __rt_exit_prels_1                        0x0800026d   Thumb Code     0  rtexit2.o(.ARM.Collect$$rtexit$$00000002)
    __rt_exit_exit                           0x08000271   Thumb Code     0  rtexit2.o(.ARM.Collect$$rtexit$$00000004)
    SVC_Handler                              0x08000279   Thumb Code    28  port.o(.emb_text)
    __asm___6_port_c_39a90d8d__prvStartFirstTask 0x08000299   Thumb Code    36  port.o(.emb_text)
    __asm___6_port_c_39a90d8d__prvEnableVFP  0x080002c1   Thumb Code    16  port.o(.emb_text)
    PendSV_Handler                           0x080002d5   Thumb Code    88  port.o(.emb_text)
    vPortGetIPSR                             0x08000331   Thumb Code     6  port.o(.emb_text)
    Reset_Handler                            0x08000339   Thumb Code     8  startup_stm32g431xx.o(.text)
    ADC1_2_IRQHandler                        0x08000353   Thumb Code     0  startup_stm32g431xx.o(.text)
    COMP1_2_3_IRQHandler                     0x08000353   Thumb Code     0  startup_stm32g431xx.o(.text)
    COMP4_IRQHandler                         0x08000353   Thumb Code     0  startup_stm32g431xx.o(.text)
    CORDIC_IRQHandler                        0x08000353   Thumb Code     0  startup_stm32g431xx.o(.text)
    CRS_IRQHandler                           0x08000353   Thumb Code     0  startup_stm32g431xx.o(.text)
    DMA2_Channel1_IRQHandler                 0x08000353   Thumb Code     0  startup_stm32g431xx.o(.text)
    DMA2_Channel2_IRQHandler                 0x08000353   Thumb Code     0  startup_stm32g431xx.o(.text)
    DMA2_Channel3_IRQHandler                 0x08000353   Thumb Code     0  startup_stm32g431xx.o(.text)
    DMA2_Channel4_IRQHandler                 0x08000353   Thumb Code     0  startup_stm32g431xx.o(.text)
    DMA2_Channel5_IRQHandler                 0x08000353   Thumb Code     0  startup_stm32g431xx.o(.text)
    DMA2_Channel6_IRQHandler                 0x08000353   Thumb Code     0  startup_stm32g431xx.o(.text)
    DMAMUX_OVR_IRQHandler                    0x08000353   Thumb Code     0  startup_stm32g431xx.o(.text)
    EXTI0_IRQHandler                         0x08000353   Thumb Code     0  startup_stm32g431xx.o(.text)
    EXTI15_10_IRQHandler                     0x08000353   Thumb Code     0  startup_stm32g431xx.o(.text)
    EXTI1_IRQHandler                         0x08000353   Thumb Code     0  startup_stm32g431xx.o(.text)
    EXTI2_IRQHandler                         0x08000353   Thumb Code     0  startup_stm32g431xx.o(.text)
    EXTI3_IRQHandler                         0x08000353   Thumb Code     0  startup_stm32g431xx.o(.text)
    EXTI4_IRQHandler                         0x08000353   Thumb Code     0  startup_stm32g431xx.o(.text)
    EXTI9_5_IRQHandler                       0x08000353   Thumb Code     0  startup_stm32g431xx.o(.text)
    FDCAN1_IT0_IRQHandler                    0x08000353   Thumb Code     0  startup_stm32g431xx.o(.text)
    FDCAN1_IT1_IRQHandler                    0x08000353   Thumb Code     0  startup_stm32g431xx.o(.text)
    FLASH_IRQHandler                         0x08000353   Thumb Code     0  startup_stm32g431xx.o(.text)
    FMAC_IRQHandler                          0x08000353   Thumb Code     0  startup_stm32g431xx.o(.text)
    FPU_IRQHandler                           0x08000353   Thumb Code     0  startup_stm32g431xx.o(.text)
    I2C1_ER_IRQHandler                       0x08000353   Thumb Code     0  startup_stm32g431xx.o(.text)
    I2C1_EV_IRQHandler                       0x08000353   Thumb Code     0  startup_stm32g431xx.o(.text)
    I2C2_ER_IRQHandler                       0x08000353   Thumb Code     0  startup_stm32g431xx.o(.text)
    I2C2_EV_IRQHandler                       0x08000353   Thumb Code     0  startup_stm32g431xx.o(.text)
    I2C3_ER_IRQHandler                       0x08000353   Thumb Code     0  startup_stm32g431xx.o(.text)
    I2C3_EV_IRQHandler                       0x08000353   Thumb Code     0  startup_stm32g431xx.o(.text)
    LPTIM1_IRQHandler                        0x08000353   Thumb Code     0  startup_stm32g431xx.o(.text)
    LPUART1_IRQHandler                       0x08000353   Thumb Code     0  startup_stm32g431xx.o(.text)
    PVD_PVM_IRQHandler                       0x08000353   Thumb Code     0  startup_stm32g431xx.o(.text)
    RCC_IRQHandler                           0x08000353   Thumb Code     0  startup_stm32g431xx.o(.text)
    RNG_IRQHandler                           0x08000353   Thumb Code     0  startup_stm32g431xx.o(.text)
    RTC_Alarm_IRQHandler                     0x08000353   Thumb Code     0  startup_stm32g431xx.o(.text)
    RTC_TAMP_LSECSS_IRQHandler               0x08000353   Thumb Code     0  startup_stm32g431xx.o(.text)
    RTC_WKUP_IRQHandler                      0x08000353   Thumb Code     0  startup_stm32g431xx.o(.text)
    SAI1_IRQHandler                          0x08000353   Thumb Code     0  startup_stm32g431xx.o(.text)
    SPI1_IRQHandler                          0x08000353   Thumb Code     0  startup_stm32g431xx.o(.text)
    SPI2_IRQHandler                          0x08000353   Thumb Code     0  startup_stm32g431xx.o(.text)
    SPI3_IRQHandler                          0x08000353   Thumb Code     0  startup_stm32g431xx.o(.text)
    TIM1_BRK_TIM15_IRQHandler                0x08000353   Thumb Code     0  startup_stm32g431xx.o(.text)
    TIM1_CC_IRQHandler                       0x08000353   Thumb Code     0  startup_stm32g431xx.o(.text)
    TIM1_TRG_COM_TIM17_IRQHandler            0x08000353   Thumb Code     0  startup_stm32g431xx.o(.text)
    TIM1_UP_TIM16_IRQHandler                 0x08000353   Thumb Code     0  startup_stm32g431xx.o(.text)
    TIM2_IRQHandler                          0x08000353   Thumb Code     0  startup_stm32g431xx.o(.text)
    TIM3_IRQHandler                          0x08000353   Thumb Code     0  startup_stm32g431xx.o(.text)
    TIM4_IRQHandler                          0x08000353   Thumb Code     0  startup_stm32g431xx.o(.text)
    TIM8_BRK_IRQHandler                      0x08000353   Thumb Code     0  startup_stm32g431xx.o(.text)
    TIM8_CC_IRQHandler                       0x08000353   Thumb Code     0  startup_stm32g431xx.o(.text)
    TIM8_TRG_COM_IRQHandler                  0x08000353   Thumb Code     0  startup_stm32g431xx.o(.text)
    TIM8_UP_IRQHandler                       0x08000353   Thumb Code     0  startup_stm32g431xx.o(.text)
    UART4_IRQHandler                         0x08000353   Thumb Code     0  startup_stm32g431xx.o(.text)
    UCPD1_IRQHandler                         0x08000353   Thumb Code     0  startup_stm32g431xx.o(.text)
    USART1_IRQHandler                        0x08000353   Thumb Code     0  startup_stm32g431xx.o(.text)
    USART2_IRQHandler                        0x08000353   Thumb Code     0  startup_stm32g431xx.o(.text)
    USART3_IRQHandler                        0x08000353   Thumb Code     0  startup_stm32g431xx.o(.text)
    USBWakeUp_IRQHandler                     0x08000353   Thumb Code     0  startup_stm32g431xx.o(.text)
    USB_HP_IRQHandler                        0x08000353   Thumb Code     0  startup_stm32g431xx.o(.text)
    USB_LP_IRQHandler                        0x08000353   Thumb Code     0  startup_stm32g431xx.o(.text)
    WWDG_IRQHandler                          0x08000353   Thumb Code     0  startup_stm32g431xx.o(.text)
    __user_initial_stackheap                 0x08000355   Thumb Code     0  startup_stm32g431xx.o(.text)
    __aeabi_memcpy4                          0x08000379   Thumb Code     0  rt_memcpy_w.o(.text)
    __aeabi_memcpy8                          0x08000379   Thumb Code     0  rt_memcpy_w.o(.text)
    __rt_memcpy_w                            0x08000379   Thumb Code   100  rt_memcpy_w.o(.text)
    _memcpy_lastbytes_aligned                0x080003c1   Thumb Code     0  rt_memcpy_w.o(.text)
    __aeabi_memclr4                          0x080003dd   Thumb Code     0  rt_memclr_w.o(.text)
    __aeabi_memclr8                          0x080003dd   Thumb Code     0  rt_memclr_w.o(.text)
    __rt_memclr_w                            0x080003dd   Thumb Code    78  rt_memclr_w.o(.text)
    _memset_w                                0x080003e1   Thumb Code     0  rt_memclr_w.o(.text)
    __use_two_region_memory                  0x0800042b   Thumb Code     2  heapauxi.o(.text)
    __rt_heap_escrow$2region                 0x0800042d   Thumb Code     2  heapauxi.o(.text)
    __rt_heap_expand$2region                 0x0800042f   Thumb Code     2  heapauxi.o(.text)
    __user_setup_stackheap                   0x08000431   Thumb Code    74  sys_stackheap_outer.o(.text)
    exit                                     0x0800047b   Thumb Code    18  exit.o(.text)
    __user_libspace                          0x0800048d   Thumb Code     8  libspace.o(.text)
    __user_perproc_libspace                  0x0800048d   Thumb Code     0  libspace.o(.text)
    __user_perthread_libspace                0x0800048d   Thumb Code     0  libspace.o(.text)
    _sys_exit                                0x08000495   Thumb Code     8  sys_exit.o(.text)
    __I$use$semihosting                      0x080004a1   Thumb Code     0  use_no_semi.o(.text)
    __use_no_semihosting_swi                 0x080004a1   Thumb Code     2  use_no_semi.o(.text)
    BusFault_Handler                         0x080004a3   Thumb Code     2  stm32g4xx_it.o(i.BusFault_Handler)
    __semihosting_library_function           0x080004a3   Thumb Code     0  indicate_semi.o(.text)
    DMA1_Channel1_IRQHandler                 0x080004a5   Thumb Code     6  stm32g4xx_it.o(i.DMA1_Channel1_IRQHandler)
    DMA1_Channel2_IRQHandler                 0x080004b1   Thumb Code     6  stm32g4xx_it.o(i.DMA1_Channel2_IRQHandler)
    DMA1_Channel3_IRQHandler                 0x080004bd   Thumb Code     6  stm32g4xx_it.o(i.DMA1_Channel3_IRQHandler)
    DMA1_Channel4_IRQHandler                 0x080004c9   Thumb Code     6  stm32g4xx_it.o(i.DMA1_Channel4_IRQHandler)
    DMA1_Channel5_IRQHandler                 0x080004d5   Thumb Code     6  stm32g4xx_it.o(i.DMA1_Channel5_IRQHandler)
    DMA1_Channel6_IRQHandler                 0x080004e1   Thumb Code     6  stm32g4xx_it.o(i.DMA1_Channel6_IRQHandler)
    DebugMon_Handler                         0x08000551   Thumb Code     2  stm32g4xx_it.o(i.DebugMon_Handler)
    Error_Handler                            0x08000553   Thumb Code     4  main.o(i.Error_Handler)
    HAL_CRCEx_Polynomial_Set                 0x08000559   Thumb Code    84  stm32g4xx_hal_crc_ex.o(i.HAL_CRCEx_Polynomial_Set)
    HAL_CRC_Init                             0x080005ad   Thumb Code   112  stm32g4xx_hal_crc.o(i.HAL_CRC_Init)
    HAL_CRC_MspInit                          0x08000621   Thumb Code    30  crc.o(i.HAL_CRC_MspInit)
    HAL_DMA_IRQHandler                       0x08000649   Thumb Code   186  stm32g4xx_hal_dma.o(i.HAL_DMA_IRQHandler)
    HAL_DMA_Init                             0x08000705   Thumb Code   178  stm32g4xx_hal_dma.o(i.HAL_DMA_Init)
    HAL_GPIO_Init                            0x080007c5   Thumb Code   550  stm32g4xx_hal_gpio.o(i.HAL_GPIO_Init)
    HAL_GPIO_TogglePin                       0x08000a0d   Thumb Code    16  stm32g4xx_hal_gpio.o(i.HAL_GPIO_TogglePin)
    HAL_GPIO_WritePin                        0x08000a1d   Thumb Code    10  stm32g4xx_hal_gpio.o(i.HAL_GPIO_WritePin)
    HAL_GetTick                              0x08000a29   Thumb Code     6  stm32g4xx_hal.o(i.HAL_GetTick)
    HAL_I2CEx_ConfigAnalogFilter             0x08000a35   Thumb Code    86  stm32g4xx_hal_i2c_ex.o(i.HAL_I2CEx_ConfigAnalogFilter)
    HAL_I2CEx_ConfigDigitalFilter            0x08000a8b   Thumb Code    82  stm32g4xx_hal_i2c_ex.o(i.HAL_I2CEx_ConfigDigitalFilter)
    HAL_I2C_Init                             0x08000add   Thumb Code   184  stm32g4xx_hal_i2c.o(i.HAL_I2C_Init)
    HAL_I2C_MspInit                          0x08000b99   Thumb Code   456  i2c.o(i.HAL_I2C_MspInit)
    HAL_IncTick                              0x08000d81   Thumb Code    12  stm32g4xx_hal.o(i.HAL_IncTick)
    HAL_Init                                 0x08000d91   Thumb Code    30  stm32g4xx_hal.o(i.HAL_Init)
    HAL_InitTick                             0x08000db1   Thumb Code   116  stm32g4xx_hal_timebase_tim.o(i.HAL_InitTick)
    HAL_MspInit                              0x08000e39   Thumb Code    54  stm32g4xx_hal_msp.o(i.HAL_MspInit)
    HAL_NVIC_EnableIRQ                       0x08000e75   Thumb Code    26  stm32g4xx_hal_cortex.o(i.HAL_NVIC_EnableIRQ)
    HAL_NVIC_SetPriority                     0x08000e91   Thumb Code    60  stm32g4xx_hal_cortex.o(i.HAL_NVIC_SetPriority)
    HAL_NVIC_SetPriorityGrouping             0x08000ed1   Thumb Code    26  stm32g4xx_hal_cortex.o(i.HAL_NVIC_SetPriorityGrouping)
    HAL_PWREx_ControlVoltageScaling          0x08000ef5   Thumb Code   174  stm32g4xx_hal_pwr_ex.o(i.HAL_PWREx_ControlVoltageScaling)
    HAL_PWREx_DisableUCPDDeadBattery         0x08000fb1   Thumb Code    12  stm32g4xx_hal_pwr_ex.o(i.HAL_PWREx_DisableUCPDDeadBattery)
    HAL_RCCEx_PeriphCLKConfig                0x08000fc1   Thumb Code   638  stm32g4xx_hal_rcc_ex.o(i.HAL_RCCEx_PeriphCLKConfig)
    HAL_RCC_ClockConfig                      0x08001249   Thumb Code   444  stm32g4xx_hal_rcc.o(i.HAL_RCC_ClockConfig)
    HAL_RCC_GetClockConfig                   0x08001425   Thumb Code    54  stm32g4xx_hal_rcc.o(i.HAL_RCC_GetClockConfig)
    HAL_RCC_GetPCLK1Freq                     0x08001465   Thumb Code    24  stm32g4xx_hal_rcc.o(i.HAL_RCC_GetPCLK1Freq)
    HAL_RCC_GetSysClockFreq                  0x08001489   Thumb Code    98  stm32g4xx_hal_rcc.o(i.HAL_RCC_GetSysClockFreq)
    HAL_RCC_OscConfig                        0x080014f9   Thumb Code  1028  stm32g4xx_hal_rcc.o(i.HAL_RCC_OscConfig)
    HAL_SPI_Init                             0x080018fd   Thumb Code   234  stm32g4xx_hal_spi.o(i.HAL_SPI_Init)
    HAL_SPI_MspInit                          0x080019e9   Thumb Code   178  spi.o(i.HAL_SPI_MspInit)
    HAL_TIMEx_Break2Callback                 0x08001aad   Thumb Code     2  stm32g4xx_hal_tim_ex.o(i.HAL_TIMEx_Break2Callback)
    HAL_TIMEx_BreakCallback                  0x08001aaf   Thumb Code     2  stm32g4xx_hal_tim_ex.o(i.HAL_TIMEx_BreakCallback)
    HAL_TIMEx_CommutCallback                 0x08001ab1   Thumb Code     2  stm32g4xx_hal_tim_ex.o(i.HAL_TIMEx_CommutCallback)
    HAL_TIMEx_ConfigBreakDeadTime            0x08001ab5   Thumb Code   148  stm32g4xx_hal_tim_ex.o(i.HAL_TIMEx_ConfigBreakDeadTime)
    HAL_TIMEx_DirectionChangeCallback        0x08001b51   Thumb Code     2  stm32g4xx_hal_tim_ex.o(i.HAL_TIMEx_DirectionChangeCallback)
    HAL_TIMEx_EncoderIndexCallback           0x08001b53   Thumb Code     2  stm32g4xx_hal_tim_ex.o(i.HAL_TIMEx_EncoderIndexCallback)
    HAL_TIMEx_IndexErrorCallback             0x08001b55   Thumb Code     2  stm32g4xx_hal_tim_ex.o(i.HAL_TIMEx_IndexErrorCallback)
    HAL_TIMEx_MasterConfigSynchronization    0x08001b59   Thumb Code   132  stm32g4xx_hal_tim_ex.o(i.HAL_TIMEx_MasterConfigSynchronization)
    HAL_TIMEx_TransitionErrorCallback        0x08001bf5   Thumb Code     2  stm32g4xx_hal_tim_ex.o(i.HAL_TIMEx_TransitionErrorCallback)
    HAL_TIM_Base_Init                        0x08001bf7   Thumb Code    98  stm32g4xx_hal_tim.o(i.HAL_TIM_Base_Init)
    HAL_TIM_Base_MspInit                     0x08001c59   Thumb Code    72  tim.o(i.HAL_TIM_Base_MspInit)
    HAL_TIM_Base_Start_IT                    0x08001cad   Thumb Code    94  stm32g4xx_hal_tim.o(i.HAL_TIM_Base_Start_IT)
    HAL_TIM_ConfigClockSource                0x08001d25   Thumb Code   246  stm32g4xx_hal_tim.o(i.HAL_TIM_ConfigClockSource)
    HAL_TIM_IC_CaptureCallback               0x08001e25   Thumb Code     2  stm32g4xx_hal_tim.o(i.HAL_TIM_IC_CaptureCallback)
    HAL_TIM_IRQHandler                       0x08001e27   Thumb Code   418  stm32g4xx_hal_tim.o(i.HAL_TIM_IRQHandler)
    HAL_TIM_MspPostInit                      0x08001fc9   Thumb Code    74  tim.o(i.HAL_TIM_MspPostInit)
    HAL_TIM_OC_DelayElapsedCallback          0x0800201d   Thumb Code     2  stm32g4xx_hal_tim.o(i.HAL_TIM_OC_DelayElapsedCallback)
    HAL_TIM_PWM_ConfigChannel                0x0800201f   Thumb Code   292  stm32g4xx_hal_tim.o(i.HAL_TIM_PWM_ConfigChannel)
    HAL_TIM_PWM_Init                         0x08002143   Thumb Code    98  stm32g4xx_hal_tim.o(i.HAL_TIM_PWM_Init)
    HAL_TIM_PWM_MspInit                      0x080021a5   Thumb Code     2  stm32g4xx_hal_tim.o(i.HAL_TIM_PWM_MspInit)
    HAL_TIM_PWM_PulseFinishedCallback        0x080021a7   Thumb Code     2  stm32g4xx_hal_tim.o(i.HAL_TIM_PWM_PulseFinishedCallback)
    HAL_TIM_PWM_Start                        0x080021a9   Thumb Code   218  stm32g4xx_hal_tim.o(i.HAL_TIM_PWM_Start)
    HAL_TIM_PeriodElapsedCallback            0x080022a5   Thumb Code    14  main.o(i.HAL_TIM_PeriodElapsedCallback)
    HAL_TIM_TriggerCallback                  0x080022b9   Thumb Code     2  stm32g4xx_hal_tim.o(i.HAL_TIM_TriggerCallback)
    HardFault_Handler                        0x080022bb   Thumb Code     2  stm32g4xx_it.o(i.HardFault_Handler)
    MX_CRC_Init                              0x080022bd   Thumb Code    40  crc.o(i.MX_CRC_Init)
    MX_DMA_Init                              0x080022ed   Thumb Code   136  dma.o(i.MX_DMA_Init)
    MX_FREERTOS_Init                         0x08002379   Thumb Code    52  app_freertos.o(i.MX_FREERTOS_Init)
    MX_GPIO_Init                             0x080023b5   Thumb Code   220  gpio.o(i.MX_GPIO_Init)
    MX_I2C1_Init                             0x0800249d   Thumb Code    76  i2c.o(i.MX_I2C1_Init)
    MX_I2C3_Init                             0x080024f5   Thumb Code    76  i2c.o(i.MX_I2C3_Init)
    MX_SPI1_Init                             0x0800254d   Thumb Code    72  spi.o(i.MX_SPI1_Init)
    MX_TIM1_Init                             0x0800259d   Thumb Code   208  tim.o(i.MX_TIM1_Init)
    MX_TIM6_Init                             0x08002675   Thumb Code    62  tim.o(i.MX_TIM6_Init)
    MemManage_Handler                        0x080026bd   Thumb Code     2  stm32g4xx_it.o(i.MemManage_Handler)
    NMI_Handler                              0x080026bf   Thumb Code     2  stm32g4xx_it.o(i.NMI_Handler)
    Pwm_set                                  0x080026c1   Thumb Code   110  main.o(i.Pwm_set)
    StartDefaultTask                         0x08002745   Thumb Code    24  app_freertos.o(i.StartDefaultTask)
    StartTask02                              0x0800275d   Thumb Code     8  app_freertos.o(i.StartTask02)
    SysTick_Handler                          0x08002765   Thumb Code    38  port.o(i.SysTick_Handler)
    SystemClock_Config                       0x08002791   Thumb Code   102  main.o(i.SystemClock_Config)
    SystemInit                               0x080027f9   Thumb Code    12  system_stm32g4xx.o(i.SystemInit)
    TIM6_DAC_IRQHandler                      0x08002809   Thumb Code     6  stm32g4xx_it.o(i.TIM6_DAC_IRQHandler)
    TIM7_IRQHandler                          0x08002815   Thumb Code     6  stm32g4xx_it.o(i.TIM7_IRQHandler)
    TIM_Base_SetConfig                       0x08002821   Thumb Code   160  stm32g4xx_hal_tim.o(i.TIM_Base_SetConfig)
    TIM_CCxChannelCmd                        0x080028dd   Thumb Code    26  stm32g4xx_hal_tim.o(i.TIM_CCxChannelCmd)
    TIM_ETR_SetConfig                        0x080028f7   Thumb Code    20  stm32g4xx_hal_tim.o(i.TIM_ETR_SetConfig)
    TIM_OC2_SetConfig                        0x080029bd   Thumb Code   120  stm32g4xx_hal_tim.o(i.TIM_OC2_SetConfig)
    UsageFault_Handler                       0x08002c93   Thumb Code     2  stm32g4xx_it.o(i.UsageFault_Handler)
    main                                     0x08002cb5   Thumb Code    66  main.o(i.main)
    osDelay                                  0x08002d09   Thumb Code    14  cmsis_os.o(i.osDelay)
    osKernelStart                            0x08002d17   Thumb Code    10  cmsis_os.o(i.osKernelStart)
    osThreadCreate                           0x08002d21   Thumb Code    46  cmsis_os.o(i.osThreadCreate)
    pvPortMalloc                             0x0800307d   Thumb Code   216  heap_4.o(i.pvPortMalloc)
    pxPortInitialiseStack                    0x08003159   Thumb Code    40  port.o(i.pxPortInitialiseStack)
    uxListRemove                             0x08003185   Thumb Code    38  list.o(i.uxListRemove)
    vListInitialise                          0x080031ab   Thumb Code    22  list.o(i.vListInitialise)
    vListInitialiseItem                      0x080031c1   Thumb Code     6  list.o(i.vListInitialiseItem)
    vListInsert                              0x080031c7   Thumb Code    48  list.o(i.vListInsert)
    vListInsertEnd                           0x080031f7   Thumb Code    24  list.o(i.vListInsertEnd)
    vPortEnterCritical                       0x08003211   Thumb Code    54  port.o(i.vPortEnterCritical)
    vPortExitCritical                        0x08003251   Thumb Code    34  port.o(i.vPortExitCritical)
    vPortFree                                0x08003279   Thumb Code    94  heap_4.o(i.vPortFree)
    vPortSetupTimerInterrupt                 0x080032dd   Thumb Code    32  port.o(i.vPortSetupTimerInterrupt)
    vTaskDelay                               0x08003301   Thumb Code    66  tasks.o(i.vTaskDelay)
    vTaskStartScheduler                      0x0800334d   Thumb Code    86  tasks.o(i.vTaskStartScheduler)
    vTaskSuspendAll                          0x080033b5   Thumb Code    10  tasks.o(i.vTaskSuspendAll)
    vTaskSwitchContext                       0x080033c5   Thumb Code    82  tasks.o(i.vTaskSwitchContext)
    xPortStartScheduler                      0x08003421   Thumb Code   222  port.o(i.xPortStartScheduler)
    xTaskCreate                              0x08003515   Thumb Code    86  tasks.o(i.xTaskCreate)
    xTaskIncrementTick                       0x0800356d   Thumb Code   194  tasks.o(i.xTaskIncrementTick)
    xTaskResumeAll                           0x08003639   Thumb Code   182  tasks.o(i.xTaskResumeAll)
    __aeabi_ddiv                             0x080036fd   Thumb Code     0  ddiv.o(x$fpl$ddiv)
    _ddiv                                    0x080036fd   Thumb Code   552  ddiv.o(x$fpl$ddiv)
    __aeabi_d2uiz                            0x080039ad   Thumb Code     0  dfixu.o(x$fpl$dfixu)
    _dfixu                                   0x080039ad   Thumb Code    90  dfixu.o(x$fpl$dfixu)
    __aeabi_ui2d                             0x08003a07   Thumb Code     0  dflt_clz.o(x$fpl$dfltu)
    _dfltu                                   0x08003a07   Thumb Code    38  dflt_clz.o(x$fpl$dfltu)
    __aeabi_dmul                             0x08003a2d   Thumb Code     0  dmul.o(x$fpl$dmul)
    _dmul                                    0x08003a2d   Thumb Code   332  dmul.o(x$fpl$dmul)
    __fpl_dnaninf                            0x08003b81   Thumb Code   156  dnaninf.o(x$fpl$dnaninf)
    __fpl_dretinf                            0x08003c1d   Thumb Code    12  dretinf.o(x$fpl$dretinf)
    _fp_init                                 0x08003c29   Thumb Code    10  fpinit.o(x$fpl$fpinit)
    __fplib_config_fpu_vfp                   0x08003c31   Thumb Code     0  fpinit.o(x$fpl$fpinit)
    __fplib_config_pureend_doubles           0x08003c31   Thumb Code     0  fpinit.o(x$fpl$fpinit)
    __I$use$fp                               0x08003c32   Number         0  usenofp.o(x$fpl$usenofp)
    AHBPrescTable                            0x08003c5c   Data          16  system_stm32g4xx.o(.constdata)
    APBPrescTable                            0x08003c6c   Data           8  system_stm32g4xx.o(.constdata)
    Region$$Table$$Base                      0x08003c8c   Number         0  anon$$obj.o(Region$$Table)
    Region$$Table$$Limit                     0x08003cac   Number         0  anon$$obj.o(Region$$Table)
    defaultTaskHandle                        0x20000000   Data           4  app_freertos.o(.data)
    myTask02Handle                           0x20000004   Data           4  app_freertos.o(.data)
    uwTickPrio                               0x20000008   Data           4  stm32g4xx_hal.o(.data)
    uwTickFreq                               0x2000000c   Data           4  stm32g4xx_hal.o(.data)
    uwTick                                   0x20000010   Data           4  stm32g4xx_hal.o(.data)
    SystemCoreClock                          0x20000014   Data           4  system_stm32g4xx.o(.data)
    pxCurrentTCB                             0x20000018   Data           4  tasks.o(.data)
    hcrc                                     0x20000080   Data          36  crc.o(.bss)
    hi2c1                                    0x200000a4   Data          84  i2c.o(.bss)
    hi2c3                                    0x200000f8   Data          84  i2c.o(.bss)
    hdma_i2c1_rx                             0x2000014c   Data          96  i2c.o(.bss)
    hdma_i2c1_tx                             0x200001ac   Data          96  i2c.o(.bss)
    hdma_i2c3_rx                             0x2000020c   Data          96  i2c.o(.bss)
    hdma_i2c3_tx                             0x2000026c   Data          96  i2c.o(.bss)
    hspi1                                    0x200002cc   Data         100  spi.o(.bss)
    hdma_spi1_rx                             0x20000330   Data          96  spi.o(.bss)
    hdma_spi1_tx                             0x20000390   Data          96  spi.o(.bss)
    htim1                                    0x200003f0   Data          76  tim.o(.bss)
    htim6                                    0x2000043c   Data          76  tim.o(.bss)
    htim7                                    0x20000488   Data          76  stm32g4xx_hal_timebase_tim.o(.bss)
    __libspace_start                         0x200011c4   Data          96  libspace.o(.bss)
    __temporary_stack_top$libspace           0x20001224   Data           0  libspace.o(.bss)



==============================================================================

Memory Map of the image

  Image Entry point : 0x080001d9

  Load Region LR_IROM1 (Base: 0x08000000, Size: 0x00003d2c, Max: 0x0001c000, ABSOLUTE)

    Execution Region ER_IROM1 (Exec base: 0x08000000, Load base: 0x08000000, Size: 0x00003cac, Max: 0x0001c000, ABSOLUTE)

    Exec Addr    Load Addr    Size         Type   Attr      Idx    E Section Name        Object

    0x08000000   0x08000000   0x000001d8   Data   RO            3    RESET               startup_stm32g431xx.o
    0x080001d8   0x080001d8   0x00000008   Code   RO        43738  * !!!main             c_w.l(__main.o)
    0x080001e0   0x080001e0   0x00000034   Code   RO        43930    !!!scatter          c_w.l(__scatter.o)
    0x08000214   0x08000214   0x0000001a   Code   RO        43932    !!handler_copy      c_w.l(__scatter_copy.o)
    0x0800022e   0x0800022e   0x00000002   PAD
    0x08000230   0x08000230   0x0000001c   Code   RO        43934    !!handler_zi        c_w.l(__scatter_zi.o)
    0x0800024c   0x0800024c   0x00000002   Code   RO        43798    .ARM.Collect$$libinit$$00000000  c_w.l(libinit.o)
    0x0800024e   0x0800024e   0x00000004   Code   RO        43810    .ARM.Collect$$libinit$$00000001  c_w.l(libinit2.o)
    0x08000252   0x08000252   0x00000000   Code   RO        43813    .ARM.Collect$$libinit$$00000004  c_w.l(libinit2.o)
    0x08000252   0x08000252   0x00000000   Code   RO        43816    .ARM.Collect$$libinit$$0000000A  c_w.l(libinit2.o)
    0x08000252   0x08000252   0x00000000   Code   RO        43818    .ARM.Collect$$libinit$$0000000C  c_w.l(libinit2.o)
    0x08000252   0x08000252   0x00000000   Code   RO        43820    .ARM.Collect$$libinit$$0000000E  c_w.l(libinit2.o)
    0x08000252   0x08000252   0x00000000   Code   RO        43823    .ARM.Collect$$libinit$$00000011  c_w.l(libinit2.o)
    0x08000252   0x08000252   0x00000000   Code   RO        43825    .ARM.Collect$$libinit$$00000013  c_w.l(libinit2.o)
    0x08000252   0x08000252   0x00000000   Code   RO        43827    .ARM.Collect$$libinit$$00000015  c_w.l(libinit2.o)
    0x08000252   0x08000252   0x00000000   Code   RO        43829    .ARM.Collect$$libinit$$00000017  c_w.l(libinit2.o)
    0x08000252   0x08000252   0x00000000   Code   RO        43831    .ARM.Collect$$libinit$$00000019  c_w.l(libinit2.o)
    0x08000252   0x08000252   0x00000000   Code   RO        43833    .ARM.Collect$$libinit$$0000001B  c_w.l(libinit2.o)
    0x08000252   0x08000252   0x00000000   Code   RO        43835    .ARM.Collect$$libinit$$0000001D  c_w.l(libinit2.o)
    0x08000252   0x08000252   0x00000000   Code   RO        43837    .ARM.Collect$$libinit$$0000001F  c_w.l(libinit2.o)
    0x08000252   0x08000252   0x00000000   Code   RO        43839    .ARM.Collect$$libinit$$00000021  c_w.l(libinit2.o)
    0x08000252   0x08000252   0x00000000   Code   RO        43841    .ARM.Collect$$libinit$$00000023  c_w.l(libinit2.o)
    0x08000252   0x08000252   0x00000000   Code   RO        43843    .ARM.Collect$$libinit$$00000025  c_w.l(libinit2.o)
    0x08000252   0x08000252   0x00000000   Code   RO        43847    .ARM.Collect$$libinit$$0000002C  c_w.l(libinit2.o)
    0x08000252   0x08000252   0x00000000   Code   RO        43849    .ARM.Collect$$libinit$$0000002E  c_w.l(libinit2.o)
    0x08000252   0x08000252   0x00000000   Code   RO        43851    .ARM.Collect$$libinit$$00000030  c_w.l(libinit2.o)
    0x08000252   0x08000252   0x00000000   Code   RO        43853    .ARM.Collect$$libinit$$00000032  c_w.l(libinit2.o)
    0x08000252   0x08000252   0x00000002   Code   RO        43854    .ARM.Collect$$libinit$$00000033  c_w.l(libinit2.o)
    0x08000254   0x08000254   0x00000002   Code   RO        43885    .ARM.Collect$$libshutdown$$00000000  c_w.l(libshutdown.o)
    0x08000256   0x08000256   0x00000000   Code   RO        43911    .ARM.Collect$$libshutdown$$00000002  c_w.l(libshutdown2.o)
    0x08000256   0x08000256   0x00000000   Code   RO        43913    .ARM.Collect$$libshutdown$$00000004  c_w.l(libshutdown2.o)
    0x08000256   0x08000256   0x00000000   Code   RO        43915    .ARM.Collect$$libshutdown$$00000006  c_w.l(libshutdown2.o)
    0x08000256   0x08000256   0x00000000   Code   RO        43918    .ARM.Collect$$libshutdown$$00000009  c_w.l(libshutdown2.o)
    0x08000256   0x08000256   0x00000000   Code   RO        43921    .ARM.Collect$$libshutdown$$0000000C  c_w.l(libshutdown2.o)
    0x08000256   0x08000256   0x00000000   Code   RO        43923    .ARM.Collect$$libshutdown$$0000000E  c_w.l(libshutdown2.o)
    0x08000256   0x08000256   0x00000000   Code   RO        43926    .ARM.Collect$$libshutdown$$00000011  c_w.l(libshutdown2.o)
    0x08000256   0x08000256   0x00000002   Code   RO        43927    .ARM.Collect$$libshutdown$$00000012  c_w.l(libshutdown2.o)
    0x08000258   0x08000258   0x00000000   Code   RO        43756    .ARM.Collect$$rtentry$$00000000  c_w.l(__rtentry.o)
    0x08000258   0x08000258   0x00000000   Code   RO        43769    .ARM.Collect$$rtentry$$00000002  c_w.l(__rtentry2.o)
    0x08000258   0x08000258   0x00000006   Code   RO        43781    .ARM.Collect$$rtentry$$00000004  c_w.l(__rtentry4.o)
    0x0800025e   0x0800025e   0x00000000   Code   RO        43771    .ARM.Collect$$rtentry$$00000009  c_w.l(__rtentry2.o)
    0x0800025e   0x0800025e   0x00000004   Code   RO        43772    .ARM.Collect$$rtentry$$0000000A  c_w.l(__rtentry2.o)
    0x08000262   0x08000262   0x00000000   Code   RO        43774    .ARM.Collect$$rtentry$$0000000C  c_w.l(__rtentry2.o)
    0x08000262   0x08000262   0x00000008   Code   RO        43775    .ARM.Collect$$rtentry$$0000000D  c_w.l(__rtentry2.o)
    0x0800026a   0x0800026a   0x00000002   Code   RO        43802    .ARM.Collect$$rtexit$$00000000  c_w.l(rtexit.o)
    0x0800026c   0x0800026c   0x00000000   Code   RO        43858    .ARM.Collect$$rtexit$$00000002  c_w.l(rtexit2.o)
    0x0800026c   0x0800026c   0x00000004   Code   RO        43859    .ARM.Collect$$rtexit$$00000003  c_w.l(rtexit2.o)
    0x08000270   0x08000270   0x00000006   Code   RO        43860    .ARM.Collect$$rtexit$$00000004  c_w.l(rtexit2.o)
    0x08000276   0x08000276   0x00000002   PAD
    0x08000278   0x08000278   0x000000be   Code   RO        43635    .emb_text           port.o
    0x08000336   0x08000336   0x00000002   PAD
    0x08000338   0x08000338   0x00000040   Code   RO            4    .text               startup_stm32g431xx.o
    0x08000378   0x08000378   0x00000064   Code   RO        43728    .text               c_w.l(rt_memcpy_w.o)
    0x080003dc   0x080003dc   0x0000004e   Code   RO        43734    .text               c_w.l(rt_memclr_w.o)
    0x0800042a   0x0800042a   0x00000006   Code   RO        43736    .text               c_w.l(heapauxi.o)
    0x08000430   0x08000430   0x0000004a   Code   RO        43785    .text               c_w.l(sys_stackheap_outer.o)
    0x0800047a   0x0800047a   0x00000012   Code   RO        43787    .text               c_w.l(exit.o)
    0x0800048c   0x0800048c   0x00000008   Code   RO        43799    .text               c_w.l(libspace.o)
    0x08000494   0x08000494   0x0000000c   Code   RO        43855    .text               c_w.l(sys_exit.o)
    0x080004a0   0x080004a0   0x00000002   Code   RO        43874    .text               c_w.l(use_no_semi.o)
    0x080004a2   0x080004a2   0x00000000   Code   RO        43876    .text               c_w.l(indicate_semi.o)
    0x080004a2   0x080004a2   0x00000002   Code   RO         1026    i.BusFault_Handler  stm32g4xx_it.o
    0x080004a4   0x080004a4   0x0000000c   Code   RO         1027    i.DMA1_Channel1_IRQHandler  stm32g4xx_it.o
    0x080004b0   0x080004b0   0x0000000c   Code   RO         1028    i.DMA1_Channel2_IRQHandler  stm32g4xx_it.o
    0x080004bc   0x080004bc   0x0000000c   Code   RO         1029    i.DMA1_Channel3_IRQHandler  stm32g4xx_it.o
    0x080004c8   0x080004c8   0x0000000c   Code   RO         1030    i.DMA1_Channel4_IRQHandler  stm32g4xx_it.o
    0x080004d4   0x080004d4   0x0000000c   Code   RO         1031    i.DMA1_Channel5_IRQHandler  stm32g4xx_it.o
    0x080004e0   0x080004e0   0x0000000c   Code   RO         1032    i.DMA1_Channel6_IRQHandler  stm32g4xx_it.o
    0x080004ec   0x080004ec   0x00000040   Code   RO         2152    i.DMA_CalcDMAMUXChannelBaseAndMask  stm32g4xx_hal_dma.o
    0x0800052c   0x0800052c   0x00000024   Code   RO         2153    i.DMA_CalcDMAMUXRequestGenBaseAndMask  stm32g4xx_hal_dma.o
    0x08000550   0x08000550   0x00000002   Code   RO         1033    i.DebugMon_Handler  stm32g4xx_it.o
    0x08000552   0x08000552   0x00000004   Code   RO           13    i.Error_Handler     main.o
    0x08000556   0x08000556   0x00000002   PAD
    0x08000558   0x08000558   0x00000054   Code   RO         1267    i.HAL_CRCEx_Polynomial_Set  stm32g4xx_hal_crc_ex.o
    0x080005ac   0x080005ac   0x00000074   Code   RO         1201    i.HAL_CRC_Init      stm32g4xx_hal_crc.o
    0x08000620   0x08000620   0x00000028   Code   RO          817    i.HAL_CRC_MspInit   crc.o
    0x08000648   0x08000648   0x000000ba   Code   RO         2160    i.HAL_DMA_IRQHandler  stm32g4xx_hal_dma.o
    0x08000702   0x08000702   0x00000002   PAD
    0x08000704   0x08000704   0x000000c0   Code   RO         2161    i.HAL_DMA_Init      stm32g4xx_hal_dma.o
    0x080007c4   0x080007c4   0x00000248   Code   RO         2017    i.HAL_GPIO_Init     stm32g4xx_hal_gpio.o
    0x08000a0c   0x08000a0c   0x00000010   Code   RO         2020    i.HAL_GPIO_TogglePin  stm32g4xx_hal_gpio.o
    0x08000a1c   0x08000a1c   0x0000000a   Code   RO         2021    i.HAL_GPIO_WritePin  stm32g4xx_hal_gpio.o
    0x08000a26   0x08000a26   0x00000002   PAD
    0x08000a28   0x08000a28   0x0000000c   Code   RO         1312    i.HAL_GetTick       stm32g4xx_hal.o
    0x08000a34   0x08000a34   0x00000056   Code   RO         3278    i.HAL_I2CEx_ConfigAnalogFilter  stm32g4xx_hal_i2c_ex.o
    0x08000a8a   0x08000a8a   0x00000052   Code   RO         3279    i.HAL_I2CEx_ConfigDigitalFilter  stm32g4xx_hal_i2c_ex.o
    0x08000adc   0x08000adc   0x000000bc   Code   RO         2817    i.HAL_I2C_Init      stm32g4xx_hal_i2c.o
    0x08000b98   0x08000b98   0x000001e8   Code   RO          883    i.HAL_I2C_MspInit   i2c.o
    0x08000d80   0x08000d80   0x00000010   Code   RO         1318    i.HAL_IncTick       stm32g4xx_hal.o
    0x08000d90   0x08000d90   0x0000001e   Code   RO         1319    i.HAL_Init          stm32g4xx_hal.o
    0x08000dae   0x08000dae   0x00000002   PAD
    0x08000db0   0x08000db0   0x00000088   Code   RO         1156    i.HAL_InitTick      stm32g4xx_hal_timebase_tim.o
    0x08000e38   0x08000e38   0x0000003c   Code   RO         1132    i.HAL_MspInit       stm32g4xx_hal_msp.o
    0x08000e74   0x08000e74   0x0000001a   Code   RO         2666    i.HAL_NVIC_EnableIRQ  stm32g4xx_hal_cortex.o
    0x08000e8e   0x08000e8e   0x00000002   PAD
    0x08000e90   0x08000e90   0x00000040   Code   RO         2672    i.HAL_NVIC_SetPriority  stm32g4xx_hal_cortex.o
    0x08000ed0   0x08000ed0   0x00000024   Code   RO         2673    i.HAL_NVIC_SetPriorityGrouping  stm32g4xx_hal_cortex.o
    0x08000ef4   0x08000ef4   0x000000bc   Code   RO         2420    i.HAL_PWREx_ControlVoltageScaling  stm32g4xx_hal_pwr_ex.o
    0x08000fb0   0x08000fb0   0x00000010   Code   RO         2432    i.HAL_PWREx_DisableUCPDDeadBattery  stm32g4xx_hal_pwr_ex.o
    0x08000fc0   0x08000fc0   0x00000288   Code   RO         1679    i.HAL_RCCEx_PeriphCLKConfig  stm32g4xx_hal_rcc_ex.o
    0x08001248   0x08001248   0x000001dc   Code   RO         1554    i.HAL_RCC_ClockConfig  stm32g4xx_hal_rcc.o
    0x08001424   0x08001424   0x00000040   Code   RO         1559    i.HAL_RCC_GetClockConfig  stm32g4xx_hal_rcc.o
    0x08001464   0x08001464   0x00000024   Code   RO         1562    i.HAL_RCC_GetPCLK1Freq  stm32g4xx_hal_rcc.o
    0x08001488   0x08001488   0x00000070   Code   RO         1564    i.HAL_RCC_GetSysClockFreq  stm32g4xx_hal_rcc.o
    0x080014f8   0x080014f8   0x00000404   Code   RO         1567    i.HAL_RCC_OscConfig  stm32g4xx_hal_rcc.o
    0x080018fc   0x080018fc   0x000000ea   Code   RO         3343    i.HAL_SPI_Init      stm32g4xx_hal_spi.o
    0x080019e6   0x080019e6   0x00000002   PAD
    0x080019e8   0x080019e8   0x000000c4   Code   RO          931    i.HAL_SPI_MspInit   spi.o
    0x08001aac   0x08001aac   0x00000002   Code   RO         4399    i.HAL_TIMEx_Break2Callback  stm32g4xx_hal_tim_ex.o
    0x08001aae   0x08001aae   0x00000002   Code   RO         4400    i.HAL_TIMEx_BreakCallback  stm32g4xx_hal_tim_ex.o
    0x08001ab0   0x08001ab0   0x00000002   Code   RO         4401    i.HAL_TIMEx_CommutCallback  stm32g4xx_hal_tim_ex.o
    0x08001ab2   0x08001ab2   0x00000002   PAD
    0x08001ab4   0x08001ab4   0x0000009c   Code   RO         4404    i.HAL_TIMEx_ConfigBreakDeadTime  stm32g4xx_hal_tim_ex.o
    0x08001b50   0x08001b50   0x00000002   Code   RO         4412    i.HAL_TIMEx_DirectionChangeCallback  stm32g4xx_hal_tim_ex.o
    0x08001b52   0x08001b52   0x00000002   Code   RO         4426    i.HAL_TIMEx_EncoderIndexCallback  stm32g4xx_hal_tim_ex.o
    0x08001b54   0x08001b54   0x00000002   Code   RO         4440    i.HAL_TIMEx_IndexErrorCallback  stm32g4xx_hal_tim_ex.o
    0x08001b56   0x08001b56   0x00000002   PAD
    0x08001b58   0x08001b58   0x0000009c   Code   RO         4441    i.HAL_TIMEx_MasterConfigSynchronization  stm32g4xx_hal_tim_ex.o
    0x08001bf4   0x08001bf4   0x00000002   Code   RO         4462    i.HAL_TIMEx_TransitionErrorCallback  stm32g4xx_hal_tim_ex.o
    0x08001bf6   0x08001bf6   0x00000062   Code   RO         3685    i.HAL_TIM_Base_Init  stm32g4xx_hal_tim.o
    0x08001c58   0x08001c58   0x00000054   Code   RO          973    i.HAL_TIM_Base_MspInit  tim.o
    0x08001cac   0x08001cac   0x00000078   Code   RO         3690    i.HAL_TIM_Base_Start_IT  stm32g4xx_hal_tim.o
    0x08001d24   0x08001d24   0x00000100   Code   RO         3694    i.HAL_TIM_ConfigClockSource  stm32g4xx_hal_tim.o
    0x08001e24   0x08001e24   0x00000002   Code   RO         3719    i.HAL_TIM_IC_CaptureCallback  stm32g4xx_hal_tim.o
    0x08001e26   0x08001e26   0x000001a2   Code   RO         3733    i.HAL_TIM_IRQHandler  stm32g4xx_hal_tim.o
    0x08001fc8   0x08001fc8   0x00000054   Code   RO          974    i.HAL_TIM_MspPostInit  tim.o
    0x0800201c   0x0800201c   0x00000002   Code   RO         3736    i.HAL_TIM_OC_DelayElapsedCallback  stm32g4xx_hal_tim.o
    0x0800201e   0x0800201e   0x00000124   Code   RO         3757    i.HAL_TIM_PWM_ConfigChannel  stm32g4xx_hal_tim.o
    0x08002142   0x08002142   0x00000062   Code   RO         3760    i.HAL_TIM_PWM_Init  stm32g4xx_hal_tim.o
    0x080021a4   0x080021a4   0x00000002   Code   RO         3762    i.HAL_TIM_PWM_MspInit  stm32g4xx_hal_tim.o
    0x080021a6   0x080021a6   0x00000002   Code   RO         3763    i.HAL_TIM_PWM_PulseFinishedCallback  stm32g4xx_hal_tim.o
    0x080021a8   0x080021a8   0x000000fc   Code   RO         3765    i.HAL_TIM_PWM_Start  stm32g4xx_hal_tim.o
    0x080022a4   0x080022a4   0x00000014   Code   RO           14    i.HAL_TIM_PeriodElapsedCallback  main.o
    0x080022b8   0x080022b8   0x00000002   Code   RO         3776    i.HAL_TIM_TriggerCallback  stm32g4xx_hal_tim.o
    0x080022ba   0x080022ba   0x00000002   Code   RO         1034    i.HardFault_Handler  stm32g4xx_it.o
    0x080022bc   0x080022bc   0x00000030   Code   RO          818    i.MX_CRC_Init       crc.o
    0x080022ec   0x080022ec   0x0000008c   Code   RO          858    i.MX_DMA_Init       dma.o
    0x08002378   0x08002378   0x0000003c   Code   RO          767    i.MX_FREERTOS_Init  app_freertos.o
    0x080023b4   0x080023b4   0x000000e8   Code   RO          743    i.MX_GPIO_Init      gpio.o
    0x0800249c   0x0800249c   0x00000058   Code   RO          884    i.MX_I2C1_Init      i2c.o
    0x080024f4   0x080024f4   0x00000058   Code   RO          885    i.MX_I2C3_Init      i2c.o
    0x0800254c   0x0800254c   0x00000050   Code   RO          932    i.MX_SPI1_Init      spi.o
    0x0800259c   0x0800259c   0x000000d8   Code   RO          975    i.MX_TIM1_Init      tim.o
    0x08002674   0x08002674   0x00000048   Code   RO          976    i.MX_TIM6_Init      tim.o
    0x080026bc   0x080026bc   0x00000002   Code   RO         1035    i.MemManage_Handler  stm32g4xx_it.o
    0x080026be   0x080026be   0x00000002   Code   RO         1036    i.NMI_Handler       stm32g4xx_it.o
    0x080026c0   0x080026c0   0x00000084   Code   RO           15    i.Pwm_set           main.o
    0x08002744   0x08002744   0x00000018   Code   RO          768    i.StartDefaultTask  app_freertos.o
    0x0800275c   0x0800275c   0x00000008   Code   RO          769    i.StartTask02       app_freertos.o
    0x08002764   0x08002764   0x0000002c   Code   RO        43636    i.SysTick_Handler   port.o
    0x08002790   0x08002790   0x00000066   Code   RO           16    i.SystemClock_Config  main.o
    0x080027f6   0x080027f6   0x00000002   PAD
    0x080027f8   0x080027f8   0x00000010   Code   RO         4829    i.SystemInit        system_stm32g4xx.o
    0x08002808   0x08002808   0x0000000c   Code   RO         1037    i.TIM6_DAC_IRQHandler  stm32g4xx_it.o
    0x08002814   0x08002814   0x0000000c   Code   RO         1038    i.TIM7_IRQHandler   stm32g4xx_it.o
    0x08002820   0x08002820   0x000000bc   Code   RO         3778    i.TIM_Base_SetConfig  stm32g4xx_hal_tim.o
    0x080028dc   0x080028dc   0x0000001a   Code   RO         3779    i.TIM_CCxChannelCmd  stm32g4xx_hal_tim.o
    0x080028f6   0x080028f6   0x00000014   Code   RO         3789    i.TIM_ETR_SetConfig  stm32g4xx_hal_tim.o
    0x0800290a   0x0800290a   0x00000002   PAD
    0x0800290c   0x0800290c   0x00000014   Code   RO         3790    i.TIM_ITRx_SetConfig  stm32g4xx_hal_tim.o
    0x08002920   0x08002920   0x0000009c   Code   RO         3791    i.TIM_OC1_SetConfig  stm32g4xx_hal_tim.o
    0x080029bc   0x080029bc   0x00000090   Code   RO         3792    i.TIM_OC2_SetConfig  stm32g4xx_hal_tim.o
    0x08002a4c   0x08002a4c   0x00000090   Code   RO         3793    i.TIM_OC3_SetConfig  stm32g4xx_hal_tim.o
    0x08002adc   0x08002adc   0x00000090   Code   RO         3794    i.TIM_OC4_SetConfig  stm32g4xx_hal_tim.o
    0x08002b6c   0x08002b6c   0x00000070   Code   RO         3795    i.TIM_OC5_SetConfig  stm32g4xx_hal_tim.o
    0x08002bdc   0x08002bdc   0x00000070   Code   RO         3796    i.TIM_OC6_SetConfig  stm32g4xx_hal_tim.o
    0x08002c4c   0x08002c4c   0x00000022   Code   RO         3798    i.TIM_TI1_ConfigInputStage  stm32g4xx_hal_tim.o
    0x08002c6e   0x08002c6e   0x00000024   Code   RO         3800    i.TIM_TI2_ConfigInputStage  stm32g4xx_hal_tim.o
    0x08002c92   0x08002c92   0x00000002   Code   RO         1039    i.UsageFault_Handler  stm32g4xx_it.o
    0x08002c94   0x08002c94   0x00000020   Code   RO         2679    i.__NVIC_SetPriority  stm32g4xx_hal_cortex.o
    0x08002cb4   0x08002cb4   0x00000048   Code   RO           17    i.main              main.o
    0x08002cfc   0x08002cfc   0x0000000c   Code   RO        43201    i.makeFreeRtosPriority  cmsis_os.o
    0x08002d08   0x08002d08   0x0000000e   Code   RO        43203    i.osDelay           cmsis_os.o
    0x08002d16   0x08002d16   0x0000000a   Code   RO        43206    i.osKernelStart     cmsis_os.o
    0x08002d20   0x08002d20   0x0000002e   Code   RO        43240    i.osThreadCreate    cmsis_os.o
    0x08002d4e   0x08002d4e   0x00000002   PAD
    0x08002d50   0x08002d50   0x00000070   Code   RO        42889    i.prvAddCurrentTaskToDelayedList  tasks.o
    0x08002dc0   0x08002dc0   0x000000d0   Code   RO        42890    i.prvAddNewTaskToReadyList  tasks.o
    0x08002e90   0x08002e90   0x00000014   Code   RO        42891    i.prvDeleteTCB      tasks.o
    0x08002ea4   0x08002ea4   0x0000004c   Code   RO        43568    i.prvHeapInit       heap_4.o
    0x08002ef0   0x08002ef0   0x00000060   Code   RO        42892    i.prvIdleTask       tasks.o
    0x08002f50   0x08002f50   0x00000098   Code   RO        42893    i.prvInitialiseNewTask  tasks.o
    0x08002fe8   0x08002fe8   0x0000004c   Code   RO        43569    i.prvInsertBlockIntoFreeList  heap_4.o
    0x08003034   0x08003034   0x00000020   Code   RO        42894    i.prvResetNextTaskUnblockTime  tasks.o
    0x08003054   0x08003054   0x00000028   Code   RO        43637    i.prvTaskExitError  port.o
    0x0800307c   0x0800307c   0x000000dc   Code   RO        43570    i.pvPortMalloc      heap_4.o
    0x08003158   0x08003158   0x0000002c   Code   RO        43638    i.pxPortInitialiseStack  port.o
    0x08003184   0x08003184   0x00000026   Code   RO        42562    i.uxListRemove      list.o
    0x080031aa   0x080031aa   0x00000016   Code   RO        42563    i.vListInitialise   list.o
    0x080031c0   0x080031c0   0x00000006   Code   RO        42564    i.vListInitialiseItem  list.o
    0x080031c6   0x080031c6   0x00000030   Code   RO        42565    i.vListInsert       list.o
    0x080031f6   0x080031f6   0x00000018   Code   RO        42566    i.vListInsertEnd    list.o
    0x0800320e   0x0800320e   0x00000002   PAD
    0x08003210   0x08003210   0x00000040   Code   RO        43640    i.vPortEnterCritical  port.o
    0x08003250   0x08003250   0x00000028   Code   RO        43641    i.vPortExitCritical  port.o
    0x08003278   0x08003278   0x00000064   Code   RO        43571    i.vPortFree         heap_4.o
    0x080032dc   0x080032dc   0x00000024   Code   RO        43642    i.vPortSetupTimerInterrupt  port.o
    0x08003300   0x08003300   0x0000004c   Code   RO        42903    i.vTaskDelay        tasks.o
    0x0800334c   0x0800334c   0x00000068   Code   RO        42916    i.vTaskStartScheduler  tasks.o
    0x080033b4   0x080033b4   0x00000010   Code   RO        42918    i.vTaskSuspendAll   tasks.o
    0x080033c4   0x080033c4   0x0000005c   Code   RO        42919    i.vTaskSwitchContext  tasks.o
    0x08003420   0x08003420   0x000000f4   Code   RO        43644    i.xPortStartScheduler  port.o
    0x08003514   0x08003514   0x00000056   Code   RO        42922    i.xTaskCreate       tasks.o
    0x0800356a   0x0800356a   0x00000002   PAD
    0x0800356c   0x0800356c   0x000000cc   Code   RO        42929    i.xTaskIncrementTick  tasks.o
    0x08003638   0x08003638   0x000000c4   Code   RO        42935    i.xTaskResumeAll    tasks.o
    0x080036fc   0x080036fc   0x000002b0   Code   RO        43741    x$fpl$ddiv          fz_wm.l(ddiv.o)
    0x080039ac   0x080039ac   0x0000005a   Code   RO        43744    x$fpl$dfixu         fz_wm.l(dfixu.o)
    0x08003a06   0x08003a06   0x00000026   Code   RO        43748    x$fpl$dfltu         fz_wm.l(dflt_clz.o)
    0x08003a2c   0x08003a2c   0x00000154   Code   RO        43754    x$fpl$dmul          fz_wm.l(dmul.o)
    0x08003b80   0x08003b80   0x0000009c   Code   RO        43763    x$fpl$dnaninf       fz_wm.l(dnaninf.o)
    0x08003c1c   0x08003c1c   0x0000000c   Code   RO        43765    x$fpl$dretinf       fz_wm.l(dretinf.o)
    0x08003c28   0x08003c28   0x0000000a   Code   RO        43870    x$fpl$fpinit        fz_wm.l(fpinit.o)
    0x08003c32   0x08003c32   0x00000000   Code   RO        43767    x$fpl$usenofp       fz_wm.l(usenofp.o)
    0x08003c32   0x08003c32   0x00000002   PAD
    0x08003c34   0x08003c34   0x00000028   Data   RO          770    .constdata          app_freertos.o
    0x08003c5c   0x08003c5c   0x00000010   Data   RO         4830    .constdata          system_stm32g4xx.o
    0x08003c6c   0x08003c6c   0x00000008   Data   RO         4831    .constdata          system_stm32g4xx.o
    0x08003c74   0x08003c74   0x00000018   Data   RO          771    .conststring        app_freertos.o
    0x08003c8c   0x08003c8c   0x00000020   Data   RO        43928    Region$$Table       anon$$obj.o


    Execution Region RW_IRAM1 (Exec base: 0x20000000, Load base: 0x08003cac, Size: 0x00001e28, Max: 0x00008000, ABSOLUTE)

    Exec Addr    Load Addr    Size         Type   Attr      Idx    E Section Name        Object

    0x20000000   0x08003cac   0x00000008   Data   RW          772    .data               app_freertos.o
    0x20000008   0x08003cb4   0x0000000c   Data   RW         1339    .data               stm32g4xx_hal.o
    0x20000014   0x08003cc0   0x00000004   Data   RW         4832    .data               system_stm32g4xx.o
    0x20000018   0x08003cc4   0x0000003c   Data   RW        42938    .data               tasks.o
    0x20000054   0x08003d00   0x00000020   Data   RW        43577    .data               heap_4.o
    0x20000074   0x08003d20   0x0000000c   Data   RW        43645    .data               port.o
    0x20000080        -       0x00000024   Zero   RW          819    .bss                crc.o
    0x200000a4        -       0x00000228   Zero   RW          886    .bss                i2c.o
    0x200002cc        -       0x00000124   Zero   RW          933    .bss                spi.o
    0x200003f0        -       0x00000098   Zero   RW          977    .bss                tim.o
    0x20000488        -       0x0000004c   Zero   RW         1159    .bss                stm32g4xx_hal_timebase_tim.o
    0x200004d4        -       0x000000f0   Zero   RW        42937    .bss                tasks.o
    0x200005c4        -       0x00000c00   Zero   RW        43576    .bss                heap_4.o
    0x200011c4        -       0x00000060   Zero   RW        43800    .bss                c_w.l(libspace.o)
    0x20001224   0x08003d2c   0x00000004   PAD
    0x20001228        -       0x00000800   Zero   RW            2    HEAP                startup_stm32g431xx.o
    0x20001a28        -       0x00000400   Zero   RW            1    STACK               startup_stm32g431xx.o


==============================================================================

Image component sizes


      Code (inc. data)   RO Data    RW Data    ZI Data      Debug   Object Name

        92          8         64          8          0       2395   app_freertos.o
        82          0          0          0          0      13017   cmsis_os.o
        88         18          0          0         36       1583   crc.o
       140          4          0          0          0        874   dma.o
         0          0          0          0          0       6196   event_groups.o
       232         12          0          0          0       1023   gpio.o
       472         24          0         32       3072       7487   heap_4.o
       664         56          0          0        552       2994   i2c.o
       138          0          0          0          0       3602   list.o
         0          0          0          0          0       1468   lv_obj_tree.o
       330         34          0          0          0     660946   main.o
       702         72          0         12          0      11108   port.o
       276         26          0          0        292       1903   spi.o
        64         26        472          0       3072        856   startup_stm32g431xx.o
        58         10          0         12          0       3054   stm32g4xx_hal.o
       158         14          0          0          0      33094   stm32g4xx_hal_cortex.o
       116          4          0          0          0       1187   stm32g4xx_hal_crc.o
        84          0          0          0          0       1295   stm32g4xx_hal_crc_ex.o
       478         30          0          0          0       3408   stm32g4xx_hal_dma.o
       610         34          0          0          0       3037   stm32g4xx_hal_gpio.o
       188          4          0          0          0       3267   stm32g4xx_hal_i2c.o
       168          0          0          0          0       1947   stm32g4xx_hal_i2c_ex.o
        60          6          0          0          0        894   stm32g4xx_hal_msp.o
       204         18          0          0          0       1425   stm32g4xx_hal_pwr_ex.o
      1716         90          0          0          0       6398   stm32g4xx_hal_rcc.o
       648         10          0          0          0       1908   stm32g4xx_hal_rcc_ex.o
       234          0          0          0          0       1295   stm32g4xx_hal_spi.o
      2680        258          0          0          0      19198   stm32g4xx_hal_tim.o
       326         32          0          0          0       6420   stm32g4xx_hal_tim_ex.o
       136         20          0          0         76       1455   stm32g4xx_hal_timebase_tim.o
       108         48          0          0          0       6751   stm32g4xx_it.o
        16          4         24          4          0       1163   system_stm32g4xx.o
      1394        112          0         60        240      18042   tasks.o
       456         40          0          0        152       3181   tim.o

    ----------------------------------------------------------------------
     13146       1014        592        128       7492     833871   Object Totals
         0          0         32          0          0          0   (incl. Generated)
        28          0          0          0          0          0   (incl. Padding)

    ----------------------------------------------------------------------

      Code (inc. data)   RO Data    RW Data    ZI Data      Debug   Library Member Name

         8          0          0          0          0         68   __main.o
         0          0          0          0          0          0   __rtentry.o
        12          0          0          0          0          0   __rtentry2.o
         6          0          0          0          0          0   __rtentry4.o
        52          8          0          0          0          0   __scatter.o
        26          0          0          0          0          0   __scatter_copy.o
        28          0          0          0          0          0   __scatter_zi.o
        18          0          0          0          0         80   exit.o
         6          0          0          0          0        152   heapauxi.o
         0          0          0          0          0          0   indicate_semi.o
         2          0          0          0          0          0   libinit.o
         6          0          0          0          0          0   libinit2.o
         2          0          0          0          0          0   libshutdown.o
         2          0          0          0          0          0   libshutdown2.o
         8          4          0          0         96         68   libspace.o
        78          0          0          0          0         80   rt_memclr_w.o
       100          0          0          0          0         80   rt_memcpy_w.o
         2          0          0          0          0          0   rtexit.o
        10          0          0          0          0          0   rtexit2.o
        12          4          0          0          0         68   sys_exit.o
        74          0          0          0          0         80   sys_stackheap_outer.o
         2          0          0          0          0         68   use_no_semi.o
       688        140          0          0          0        256   ddiv.o
        90          4          0          0          0        140   dfixu.o
        38          0          0          0          0        116   dflt_clz.o
       340         12          0          0          0        152   dmul.o
       156          4          0          0          0        140   dnaninf.o
        12          0          0          0          0        116   dretinf.o
        10          0          0          0          0        116   fpinit.o
         0          0          0          0          0          0   usenofp.o

    ----------------------------------------------------------------------
      1794        176          0          0        100       1780   Library Totals
         6          0          0          0          4          0   (incl. Padding)

    ----------------------------------------------------------------------

      Code (inc. data)   RO Data    RW Data    ZI Data      Debug   Library Name

       454         16          0          0         96        744   c_w.l
      1334        160          0          0          0       1036   fz_wm.l

    ----------------------------------------------------------------------
      1794        176          0          0        100       1780   Library Totals

    ----------------------------------------------------------------------

==============================================================================


      Code (inc. data)   RO Data    RW Data    ZI Data      Debug   

     14940       1190        592        128       7592     822191   Grand Totals
     14940       1190        592        128       7592     822191   ELF Image Totals
     14940       1190        592        128          0          0   ROM Totals

==============================================================================

    Total RO  Size (Code + RO Data)                15532 (  15.17kB)
    Total RW  Size (RW Data + ZI Data)              7720 (   7.54kB)
    Total ROM Size (Code + RO Data + RW Data)      15660 (  15.29kB)

==============================================================================

